
===========================================================================
report_checks -unconstrained
===========================================================================
======================= Fastest Corner ===================================

Startpoint: p_reset (input port clocked by p_clock)
Endpoint: _16932_ (recovery check against rising-edge clock p_clock)
Path Group: asynchronous
Path Type: max
Corner: Fastest

Fanout     Cap    Slew   Delay    Time   Description
-----------------------------------------------------------------------------
                  0.15    0.00    0.00   clock p_clock (rise edge)
                          0.00    0.00   clock network delay (ideal)
                          2.00    2.00 ^ input external delay
     1    0.00    0.01    0.01    2.01 ^ p_reset (in)
                                         p_reset (net)
                  0.01    0.00    2.01 ^ hold4/A (sky130_fd_sc_hd__dlygate4sd3_1)
     1    0.00    0.05    0.39    2.40 ^ hold4/X (sky130_fd_sc_hd__dlygate4sd3_1)
                                         net324 (net)
                  0.05    0.00    2.40 ^ input11/A (sky130_fd_sc_hd__clkbuf_8)
     5    0.12    0.16    0.18    2.58 ^ input11/X (sky130_fd_sc_hd__clkbuf_8)
                                         net11 (net)
                  0.17    0.02    2.61 ^ fanout177/A (sky130_fd_sc_hd__clkbuf_4)
     6    0.09    0.20    0.25    2.86 ^ fanout177/X (sky130_fd_sc_hd__clkbuf_4)
                                         net177 (net)
                  0.20    0.00    2.86 ^ fanout176/A (sky130_fd_sc_hd__buf_4)
     9    0.09    0.18    0.22    3.07 ^ fanout176/X (sky130_fd_sc_hd__buf_4)
                                         net176 (net)
                  0.18    0.00    3.07 ^ fanout146/A (sky130_fd_sc_hd__clkbuf_2)
     6    0.04    0.17    0.20    3.27 ^ fanout146/X (sky130_fd_sc_hd__clkbuf_2)
                                         net146 (net)
                  0.17    0.00    3.27 ^ fanout141/A (sky130_fd_sc_hd__clkbuf_2)
     5    0.03    0.15    0.18    3.45 ^ fanout141/X (sky130_fd_sc_hd__clkbuf_2)
                                         net141 (net)
                  0.15    0.00    3.45 ^ fanout140/A (sky130_fd_sc_hd__clkbuf_4)
    10    0.06    0.13    0.20    3.65 ^ fanout140/X (sky130_fd_sc_hd__clkbuf_4)
                                         net140 (net)
                  0.13    0.00    3.65 ^ fanout139/A (sky130_fd_sc_hd__clkbuf_4)
    10    0.05    0.12    0.19    3.84 ^ fanout139/X (sky130_fd_sc_hd__clkbuf_4)
                                         net139 (net)
                  0.12    0.00    3.84 ^ _16932_/RESET_B (sky130_fd_sc_hd__dfrtp_1)
                                  3.84   data arrival time

                  0.15   10.00   10.00   clock p_clock (rise edge)
                          0.00   10.00   clock network delay (ideal)
                         -0.25    9.75   clock uncertainty
                          0.00    9.75   clock reconvergence pessimism
                                  9.75 ^ _16932_/CLK (sky130_fd_sc_hd__dfrtp_1)
                          0.14    9.89   library recovery time
                                  9.89   data required time
-----------------------------------------------------------------------------
                                  9.89   data required time
                                 -3.84   data arrival time
-----------------------------------------------------------------------------
                                  6.05   slack (MET)


Startpoint: p_reset (input port clocked by p_clock)
Endpoint: _16066_ (rising edge-triggered flip-flop clocked by p_clock)
Path Group: p_clock
Path Type: max
Corner: Fastest

Fanout     Cap    Slew   Delay    Time   Description
-----------------------------------------------------------------------------
                  0.15    0.00    0.00   clock p_clock (rise edge)
                          0.00    0.00   clock network delay (ideal)
                          2.00    2.00 ^ input external delay
     1    0.00    0.01    0.01    2.01 ^ p_reset (in)
                                         p_reset (net)
                  0.01    0.00    2.01 ^ hold4/A (sky130_fd_sc_hd__dlygate4sd3_1)
     1    0.00    0.05    0.39    2.40 ^ hold4/X (sky130_fd_sc_hd__dlygate4sd3_1)
                                         net324 (net)
                  0.05    0.00    2.40 ^ input11/A (sky130_fd_sc_hd__clkbuf_8)
     5    0.12    0.16    0.18    2.58 ^ input11/X (sky130_fd_sc_hd__clkbuf_8)
                                         net11 (net)
                  0.16    0.00    2.59 ^ fanout242/A (sky130_fd_sc_hd__buf_4)
     7    0.10    0.20    0.23    2.81 ^ fanout242/X (sky130_fd_sc_hd__buf_4)
                                         net242 (net)
                  0.20    0.00    2.81 ^ fanout228/A (sky130_fd_sc_hd__buf_2)
     6    0.04    0.15    0.19    3.00 ^ fanout228/X (sky130_fd_sc_hd__buf_2)
                                         net228 (net)
                  0.15    0.00    3.00 ^ fanout224/A (sky130_fd_sc_hd__buf_2)
     8    0.04    0.13    0.17    3.18 ^ fanout224/X (sky130_fd_sc_hd__buf_2)
                                         net224 (net)
                  0.13    0.00    3.18 ^ fanout222/A (sky130_fd_sc_hd__clkbuf_4)
    10    0.05    0.12    0.19    3.37 ^ fanout222/X (sky130_fd_sc_hd__clkbuf_4)
                                         net222 (net)
                  0.12    0.00    3.37 ^ fanout221/A (sky130_fd_sc_hd__clkbuf_4)
    10    0.05    0.11    0.18    3.55 ^ fanout221/X (sky130_fd_sc_hd__clkbuf_4)
                                         net221 (net)
                  0.11    0.00    3.55 ^ _08469_/A (sky130_fd_sc_hd__inv_2)
     3    0.02    0.05    0.05    3.60 v _08469_/Y (sky130_fd_sc_hd__inv_2)
                                         _05208_ (net)
                  0.05    0.00    3.60 v _08470_/A (sky130_fd_sc_hd__or4b_1)
     1    0.00    0.05    0.31    3.91 v _08470_/X (sky130_fd_sc_hd__or4b_1)
                                         _05209_ (net)
                  0.05    0.00    3.91 v _08471_/D (sky130_fd_sc_hd__or4_2)
     4    0.02    0.11    0.38    4.29 v _08471_/X (sky130_fd_sc_hd__or4_2)
                                         _05210_ (net)
                  0.11    0.00    4.29 v _08472_/C (sky130_fd_sc_hd__or3_1)
     1    0.00    0.04    0.21    4.49 v _08472_/X (sky130_fd_sc_hd__or3_1)
                                         _05211_ (net)
                  0.04    0.00    4.49 v _08473_/A (sky130_fd_sc_hd__clkbuf_4)
     9    0.04    0.06    0.14    4.64 v _08473_/X (sky130_fd_sc_hd__clkbuf_4)
                                         _05212_ (net)
                  0.06    0.00    4.64 v _08474_/S (sky130_fd_sc_hd__mux2_1)
     1    0.00    0.04    0.20    4.84 v _08474_/X (sky130_fd_sc_hd__mux2_1)
                                         _05213_ (net)
                  0.04    0.00    4.84 v _08475_/A (sky130_fd_sc_hd__clkbuf_1)
     1    0.00    0.02    0.07    4.91 v _08475_/X (sky130_fd_sc_hd__clkbuf_1)
                                         _00131_ (net)
                  0.02    0.00    4.91 v _16066_/D (sky130_fd_sc_hd__dfxtp_2)
                                  4.91   data arrival time

                  0.15   10.00   10.00   clock p_clock (rise edge)
                          0.00   10.00   clock network delay (ideal)
                         -0.25    9.75   clock uncertainty
                          0.00    9.75   clock reconvergence pessimism
                                  9.75 ^ _16066_/CLK (sky130_fd_sc_hd__dfxtp_2)
                         -0.06    9.69   library setup time
                                  9.69   data required time
-----------------------------------------------------------------------------
                                  9.69   data required time
                                 -4.91   data arrival time
-----------------------------------------------------------------------------
                                  4.79   slack (MET)



======================= Slowest Corner ===================================

Startpoint: p_reset (input port clocked by p_clock)
Endpoint: _16932_ (recovery check against rising-edge clock p_clock)
Path Group: asynchronous
Path Type: max
Corner: Slowest

Fanout     Cap    Slew   Delay    Time   Description
-----------------------------------------------------------------------------
                  0.15    0.00    0.00   clock p_clock (rise edge)
                          0.00    0.00   clock network delay (ideal)
                          2.00    2.00 ^ input external delay
     1    0.00    0.03    0.01    2.01 ^ p_reset (in)
                                         p_reset (net)
                  0.03    0.00    2.01 ^ hold4/A (sky130_fd_sc_hd__dlygate4sd3_1)
     1    0.00    0.12    1.10    3.11 ^ hold4/X (sky130_fd_sc_hd__dlygate4sd3_1)
                                         net324 (net)
                  0.12    0.00    3.11 ^ input11/A (sky130_fd_sc_hd__clkbuf_8)
     5    0.12    0.33    0.46    3.57 ^ input11/X (sky130_fd_sc_hd__clkbuf_8)
                                         net11 (net)
                  0.33    0.02    3.59 ^ fanout177/A (sky130_fd_sc_hd__clkbuf_4)
     6    0.09    0.41    0.65    4.24 ^ fanout177/X (sky130_fd_sc_hd__clkbuf_4)
                                         net177 (net)
                  0.41    0.00    4.24 ^ fanout176/A (sky130_fd_sc_hd__buf_4)
     9    0.09    0.39    0.61    4.85 ^ fanout176/X (sky130_fd_sc_hd__buf_4)
                                         net176 (net)
                  0.39    0.00    4.86 ^ fanout146/A (sky130_fd_sc_hd__clkbuf_2)
     6    0.04    0.35    0.55    5.40 ^ fanout146/X (sky130_fd_sc_hd__clkbuf_2)
                                         net146 (net)
                  0.35    0.00    5.40 ^ fanout141/A (sky130_fd_sc_hd__clkbuf_2)
     5    0.03    0.29    0.49    5.90 ^ fanout141/X (sky130_fd_sc_hd__clkbuf_2)
                                         net141 (net)
                  0.29    0.00    5.90 ^ fanout140/A (sky130_fd_sc_hd__clkbuf_4)
    10    0.05    0.26    0.51    6.41 ^ fanout140/X (sky130_fd_sc_hd__clkbuf_4)
                                         net140 (net)
                  0.26    0.00    6.41 ^ fanout139/A (sky130_fd_sc_hd__clkbuf_4)
    10    0.05    0.24    0.49    6.90 ^ fanout139/X (sky130_fd_sc_hd__clkbuf_4)
                                         net139 (net)
                  0.24    0.00    6.90 ^ _16932_/RESET_B (sky130_fd_sc_hd__dfrtp_1)
                                  6.90   data arrival time

                  0.15   10.00   10.00   clock p_clock (rise edge)
                          0.00   10.00   clock network delay (ideal)
                         -0.25    9.75   clock uncertainty
                          0.00    9.75   clock reconvergence pessimism
                                  9.75 ^ _16932_/CLK (sky130_fd_sc_hd__dfrtp_1)
                          0.43   10.18   library recovery time
                                 10.18   data required time
-----------------------------------------------------------------------------
                                 10.18   data required time
                                 -6.90   data arrival time
-----------------------------------------------------------------------------
                                  3.28   slack (MET)


Startpoint: p_reset (input port clocked by p_clock)
Endpoint: _16066_ (rising edge-triggered flip-flop clocked by p_clock)
Path Group: p_clock
Path Type: max
Corner: Slowest

Fanout     Cap    Slew   Delay    Time   Description
-----------------------------------------------------------------------------
                  0.15    0.00    0.00   clock p_clock (rise edge)
                          0.00    0.00   clock network delay (ideal)
                          2.00    2.00 ^ input external delay
     1    0.00    0.03    0.01    2.01 ^ p_reset (in)
                                         p_reset (net)
                  0.03    0.00    2.01 ^ hold4/A (sky130_fd_sc_hd__dlygate4sd3_1)
     1    0.00    0.12    1.10    3.11 ^ hold4/X (sky130_fd_sc_hd__dlygate4sd3_1)
                                         net324 (net)
                  0.12    0.00    3.11 ^ input11/A (sky130_fd_sc_hd__clkbuf_8)
     5    0.12    0.33    0.46    3.57 ^ input11/X (sky130_fd_sc_hd__clkbuf_8)
                                         net11 (net)
                  0.33    0.00    3.57 ^ fanout242/A (sky130_fd_sc_hd__buf_4)
     7    0.10    0.43    0.61    4.18 ^ fanout242/X (sky130_fd_sc_hd__buf_4)
                                         net242 (net)
                  0.43    0.00    4.18 ^ fanout228/A (sky130_fd_sc_hd__buf_2)
     6    0.04    0.31    0.55    4.73 ^ fanout228/X (sky130_fd_sc_hd__buf_2)
                                         net228 (net)
                  0.31    0.00    4.73 ^ fanout224/A (sky130_fd_sc_hd__buf_2)
     8    0.03    0.26    0.46    5.20 ^ fanout224/X (sky130_fd_sc_hd__buf_2)
                                         net224 (net)
                  0.26    0.00    5.20 ^ fanout222/A (sky130_fd_sc_hd__clkbuf_4)
    10    0.05    0.24    0.48    5.68 ^ fanout222/X (sky130_fd_sc_hd__clkbuf_4)
                                         net222 (net)
                  0.24    0.00    5.68 ^ fanout221/A (sky130_fd_sc_hd__clkbuf_4)
    10    0.04    0.23    0.46    6.14 ^ fanout221/X (sky130_fd_sc_hd__clkbuf_4)
                                         net221 (net)
                  0.23    0.00    6.14 ^ _08469_/A (sky130_fd_sc_hd__inv_2)
     3    0.02    0.10    0.19    6.33 v _08469_/Y (sky130_fd_sc_hd__inv_2)
                                         _05208_ (net)
                  0.10    0.00    6.33 v _08470_/A (sky130_fd_sc_hd__or4b_1)
     1    0.00    0.17    1.26    7.59 v _08470_/X (sky130_fd_sc_hd__or4b_1)
                                         _05209_ (net)
                  0.17    0.00    7.59 v _08471_/D (sky130_fd_sc_hd__or4_2)
     4    0.02    0.34    1.63    9.22 v _08471_/X (sky130_fd_sc_hd__or4_2)
                                         _05210_ (net)
                  0.34    0.00    9.22 v _08472_/C (sky130_fd_sc_hd__or3_1)
     1    0.00    0.14    0.86   10.08 v _08472_/X (sky130_fd_sc_hd__or3_1)
                                         _05211_ (net)
                  0.14    0.00   10.08 v _08473_/A (sky130_fd_sc_hd__clkbuf_4)
     9    0.04    0.15    0.39   10.46 v _08473_/X (sky130_fd_sc_hd__clkbuf_4)
                                         _05212_ (net)
                  0.15    0.00   10.46 v _08474_/S (sky130_fd_sc_hd__mux2_1)
     1    0.00    0.12    0.76   11.23 v _08474_/X (sky130_fd_sc_hd__mux2_1)
                                         _05213_ (net)
                  0.12    0.00   11.23 v _08475_/A (sky130_fd_sc_hd__clkbuf_1)
     1    0.00    0.06    0.20   11.43 v _08475_/X (sky130_fd_sc_hd__clkbuf_1)
                                         _00131_ (net)
                  0.06    0.00   11.43 v _16066_/D (sky130_fd_sc_hd__dfxtp_2)
                                 11.43   data arrival time

                  0.15   10.00   10.00   clock p_clock (rise edge)
                          0.00   10.00   clock network delay (ideal)
                         -0.25    9.75   clock uncertainty
                          0.00    9.75   clock reconvergence pessimism
                                  9.75 ^ _16066_/CLK (sky130_fd_sc_hd__dfxtp_2)
                         -0.25    9.50   library setup time
                                  9.50   data required time
-----------------------------------------------------------------------------
                                  9.50   data required time
                                -11.43   data arrival time
-----------------------------------------------------------------------------
                                 -1.92   slack (VIOLATED)



======================= Typical Corner ===================================

Startpoint: p_reset (input port clocked by p_clock)
Endpoint: _16932_ (recovery check against rising-edge clock p_clock)
Path Group: asynchronous
Path Type: max
Corner: Typical

Fanout     Cap    Slew   Delay    Time   Description
-----------------------------------------------------------------------------
                  0.15    0.00    0.00   clock p_clock (rise edge)
                          0.00    0.00   clock network delay (ideal)
                          2.00    2.00 ^ input external delay
     1    0.00    0.02    0.01    2.01 ^ p_reset (in)
                                         p_reset (net)
                  0.02    0.00    2.01 ^ hold4/A (sky130_fd_sc_hd__dlygate4sd3_1)
     1    0.00    0.07    0.57    2.57 ^ hold4/X (sky130_fd_sc_hd__dlygate4sd3_1)
                                         net324 (net)
                  0.07    0.00    2.57 ^ input11/A (sky130_fd_sc_hd__clkbuf_8)
     5    0.12    0.21    0.26    2.84 ^ input11/X (sky130_fd_sc_hd__clkbuf_8)
                                         net11 (net)
                  0.21    0.02    2.86 ^ fanout177/A (sky130_fd_sc_hd__clkbuf_4)
     6    0.09    0.26    0.37    3.23 ^ fanout177/X (sky130_fd_sc_hd__clkbuf_4)
                                         net177 (net)
                  0.26    0.00    3.23 ^ fanout176/A (sky130_fd_sc_hd__buf_4)
     9    0.09    0.24    0.33    3.56 ^ fanout176/X (sky130_fd_sc_hd__buf_4)
                                         net176 (net)
                  0.24    0.00    3.56 ^ fanout146/A (sky130_fd_sc_hd__clkbuf_2)
     6    0.04    0.22    0.30    3.87 ^ fanout146/X (sky130_fd_sc_hd__clkbuf_2)
                                         net146 (net)
                  0.22    0.00    3.87 ^ fanout141/A (sky130_fd_sc_hd__clkbuf_2)
     5    0.03    0.19    0.28    4.14 ^ fanout141/X (sky130_fd_sc_hd__clkbuf_2)
                                         net141 (net)
                  0.19    0.00    4.14 ^ fanout140/A (sky130_fd_sc_hd__clkbuf_4)
    10    0.06    0.17    0.29    4.44 ^ fanout140/X (sky130_fd_sc_hd__clkbuf_4)
                                         net140 (net)
                  0.17    0.00    4.44 ^ fanout139/A (sky130_fd_sc_hd__clkbuf_4)
    10    0.05    0.16    0.28    4.72 ^ fanout139/X (sky130_fd_sc_hd__clkbuf_4)
                                         net139 (net)
                  0.16    0.00    4.72 ^ _16932_/RESET_B (sky130_fd_sc_hd__dfrtp_1)
                                  4.72   data arrival time

                  0.15   10.00   10.00   clock p_clock (rise edge)
                          0.00   10.00   clock network delay (ideal)
                         -0.25    9.75   clock uncertainty
                          0.00    9.75   clock reconvergence pessimism
                                  9.75 ^ _16932_/CLK (sky130_fd_sc_hd__dfrtp_1)
                          0.23    9.98   library recovery time
                                  9.98   data required time
-----------------------------------------------------------------------------
                                  9.98   data required time
                                 -4.72   data arrival time
-----------------------------------------------------------------------------
                                  5.26   slack (MET)


Startpoint: p_reset (input port clocked by p_clock)
Endpoint: _16066_ (rising edge-triggered flip-flop clocked by p_clock)
Path Group: p_clock
Path Type: max
Corner: Typical

Fanout     Cap    Slew   Delay    Time   Description
-----------------------------------------------------------------------------
                  0.15    0.00    0.00   clock p_clock (rise edge)
                          0.00    0.00   clock network delay (ideal)
                          2.00    2.00 ^ input external delay
     1    0.00    0.02    0.01    2.01 ^ p_reset (in)
                                         p_reset (net)
                  0.02    0.00    2.01 ^ hold4/A (sky130_fd_sc_hd__dlygate4sd3_1)
     1    0.00    0.07    0.57    2.57 ^ hold4/X (sky130_fd_sc_hd__dlygate4sd3_1)
                                         net324 (net)
                  0.07    0.00    2.57 ^ input11/A (sky130_fd_sc_hd__clkbuf_8)
     5    0.12    0.21    0.26    2.84 ^ input11/X (sky130_fd_sc_hd__clkbuf_8)
                                         net11 (net)
                  0.21    0.00    2.84 ^ fanout242/A (sky130_fd_sc_hd__buf_4)
     7    0.10    0.27    0.34    3.18 ^ fanout242/X (sky130_fd_sc_hd__buf_4)
                                         net242 (net)
                  0.27    0.00    3.18 ^ fanout228/A (sky130_fd_sc_hd__buf_2)
     6    0.04    0.19    0.30    3.48 ^ fanout228/X (sky130_fd_sc_hd__buf_2)
                                         net228 (net)
                  0.19    0.00    3.48 ^ fanout224/A (sky130_fd_sc_hd__buf_2)
     8    0.04    0.18    0.26    3.74 ^ fanout224/X (sky130_fd_sc_hd__buf_2)
                                         net224 (net)
                  0.18    0.00    3.74 ^ fanout222/A (sky130_fd_sc_hd__clkbuf_4)
    10    0.05    0.16    0.28    4.02 ^ fanout222/X (sky130_fd_sc_hd__clkbuf_4)
                                         net222 (net)
                  0.16    0.00    4.02 ^ fanout221/A (sky130_fd_sc_hd__clkbuf_4)
    10    0.05    0.15    0.27    4.29 ^ fanout221/X (sky130_fd_sc_hd__clkbuf_4)
                                         net221 (net)
                  0.15    0.00    4.29 ^ _08469_/A (sky130_fd_sc_hd__inv_2)
     3    0.02    0.06    0.09    4.38 v _08469_/Y (sky130_fd_sc_hd__inv_2)
                                         _05208_ (net)
                  0.06    0.00    4.38 v _08470_/A (sky130_fd_sc_hd__or4b_1)
     1    0.00    0.08    0.54    4.92 v _08470_/X (sky130_fd_sc_hd__or4b_1)
                                         _05209_ (net)
                  0.08    0.00    4.92 v _08471_/D (sky130_fd_sc_hd__or4_2)
     4    0.02    0.16    0.68    5.59 v _08471_/X (sky130_fd_sc_hd__or4_2)
                                         _05210_ (net)
                  0.16    0.00    5.59 v _08472_/C (sky130_fd_sc_hd__or3_1)
     1    0.00    0.07    0.36    5.95 v _08472_/X (sky130_fd_sc_hd__or3_1)
                                         _05211_ (net)
                  0.07    0.00    5.95 v _08473_/A (sky130_fd_sc_hd__clkbuf_4)
     9    0.04    0.09    0.21    6.16 v _08473_/X (sky130_fd_sc_hd__clkbuf_4)
                                         _05212_ (net)
                  0.09    0.00    6.16 v _08474_/S (sky130_fd_sc_hd__mux2_1)
     1    0.00    0.06    0.34    6.50 v _08474_/X (sky130_fd_sc_hd__mux2_1)
                                         _05213_ (net)
                  0.06    0.00    6.50 v _08475_/A (sky130_fd_sc_hd__clkbuf_1)
     1    0.00    0.03    0.10    6.61 v _08475_/X (sky130_fd_sc_hd__clkbuf_1)
                                         _00131_ (net)
                  0.03    0.00    6.61 v _16066_/D (sky130_fd_sc_hd__dfxtp_2)
                                  6.61   data arrival time

                  0.15   10.00   10.00   clock p_clock (rise edge)
                          0.00   10.00   clock network delay (ideal)
                         -0.25    9.75   clock uncertainty
                          0.00    9.75   clock reconvergence pessimism
                                  9.75 ^ _16066_/CLK (sky130_fd_sc_hd__dfxtp_2)
                         -0.08    9.67   library setup time
                                  9.67   data required time
-----------------------------------------------------------------------------
                                  9.67   data required time
                                 -6.61   data arrival time
-----------------------------------------------------------------------------
                                  3.06   slack (MET)




===========================================================================
report_checks --slack_max -0.01
============================================================================
======================= Fastest Corner ===================================

No paths found.

======================= Slowest Corner ===================================

Startpoint: p_reset (input port clocked by p_clock)
Endpoint: _16066_ (rising edge-triggered flip-flop clocked by p_clock)
Path Group: p_clock
Path Type: max
Corner: Slowest

Fanout     Cap    Slew   Delay    Time   Description
-----------------------------------------------------------------------------
                  0.15    0.00    0.00   clock p_clock (rise edge)
                          0.00    0.00   clock network delay (ideal)
                          2.00    2.00 ^ input external delay
     1    0.00    0.03    0.01    2.01 ^ p_reset (in)
                                         p_reset (net)
                  0.03    0.00    2.01 ^ hold4/A (sky130_fd_sc_hd__dlygate4sd3_1)
     1    0.00    0.12    1.10    3.11 ^ hold4/X (sky130_fd_sc_hd__dlygate4sd3_1)
                                         net324 (net)
                  0.12    0.00    3.11 ^ input11/A (sky130_fd_sc_hd__clkbuf_8)
     5    0.12    0.33    0.46    3.57 ^ input11/X (sky130_fd_sc_hd__clkbuf_8)
                                         net11 (net)
                  0.33    0.00    3.57 ^ fanout242/A (sky130_fd_sc_hd__buf_4)
     7    0.10    0.43    0.61    4.18 ^ fanout242/X (sky130_fd_sc_hd__buf_4)
                                         net242 (net)
                  0.43    0.00    4.18 ^ fanout228/A (sky130_fd_sc_hd__buf_2)
     6    0.04    0.31    0.55    4.73 ^ fanout228/X (sky130_fd_sc_hd__buf_2)
                                         net228 (net)
                  0.31    0.00    4.73 ^ fanout224/A (sky130_fd_sc_hd__buf_2)
     8    0.03    0.26    0.46    5.20 ^ fanout224/X (sky130_fd_sc_hd__buf_2)
                                         net224 (net)
                  0.26    0.00    5.20 ^ fanout222/A (sky130_fd_sc_hd__clkbuf_4)
    10    0.05    0.24    0.48    5.68 ^ fanout222/X (sky130_fd_sc_hd__clkbuf_4)
                                         net222 (net)
                  0.24    0.00    5.68 ^ fanout221/A (sky130_fd_sc_hd__clkbuf_4)
    10    0.04    0.23    0.46    6.14 ^ fanout221/X (sky130_fd_sc_hd__clkbuf_4)
                                         net221 (net)
                  0.23    0.00    6.14 ^ _08469_/A (sky130_fd_sc_hd__inv_2)
     3    0.02    0.10    0.19    6.33 v _08469_/Y (sky130_fd_sc_hd__inv_2)
                                         _05208_ (net)
                  0.10    0.00    6.33 v _08470_/A (sky130_fd_sc_hd__or4b_1)
     1    0.00    0.17    1.26    7.59 v _08470_/X (sky130_fd_sc_hd__or4b_1)
                                         _05209_ (net)
                  0.17    0.00    7.59 v _08471_/D (sky130_fd_sc_hd__or4_2)
     4    0.02    0.34    1.63    9.22 v _08471_/X (sky130_fd_sc_hd__or4_2)
                                         _05210_ (net)
                  0.34    0.00    9.22 v _08472_/C (sky130_fd_sc_hd__or3_1)
     1    0.00    0.14    0.86   10.08 v _08472_/X (sky130_fd_sc_hd__or3_1)
                                         _05211_ (net)
                  0.14    0.00   10.08 v _08473_/A (sky130_fd_sc_hd__clkbuf_4)
     9    0.04    0.15    0.39   10.46 v _08473_/X (sky130_fd_sc_hd__clkbuf_4)
                                         _05212_ (net)
                  0.15    0.00   10.46 v _08474_/S (sky130_fd_sc_hd__mux2_1)
     1    0.00    0.12    0.76   11.23 v _08474_/X (sky130_fd_sc_hd__mux2_1)
                                         _05213_ (net)
                  0.12    0.00   11.23 v _08475_/A (sky130_fd_sc_hd__clkbuf_1)
     1    0.00    0.06    0.20   11.43 v _08475_/X (sky130_fd_sc_hd__clkbuf_1)
                                         _00131_ (net)
                  0.06    0.00   11.43 v _16066_/D (sky130_fd_sc_hd__dfxtp_2)
                                 11.43   data arrival time

                  0.15   10.00   10.00   clock p_clock (rise edge)
                          0.00   10.00   clock network delay (ideal)
                         -0.25    9.75   clock uncertainty
                          0.00    9.75   clock reconvergence pessimism
                                  9.75 ^ _16066_/CLK (sky130_fd_sc_hd__dfxtp_2)
                         -0.25    9.50   library setup time
                                  9.50   data required time
-----------------------------------------------------------------------------
                                  9.50   data required time
                                -11.43   data arrival time
-----------------------------------------------------------------------------
                                 -1.92   slack (VIOLATED)



======================= Typical Corner ===================================

No paths found.


===========================================================================
 report_check_types -max_slew -max_cap -max_fanout -violators
============================================================================
======================= Fastest Corner ===================================

max fanout

Pin                                   Limit Fanout  Slack
---------------------------------------------------------
_08644_/X                                10     15     -5 (VIOLATED)
_14039_/X                                10     15     -5 (VIOLATED)
_14049_/X                                10     15     -5 (VIOLATED)
_14062_/X                                10     15     -5 (VIOLATED)
_14159_/X                                10     15     -5 (VIOLATED)
_08660_/X                                10     14     -4 (VIOLATED)
_08668_/X                                10     14     -4 (VIOLATED)
_10364_/X                                10     14     -4 (VIOLATED)
_10384_/X                                10     14     -4 (VIOLATED)
_13975_/X                                10     14     -4 (VIOLATED)
_13991_/X                                10     14     -4 (VIOLATED)
_14074_/X                                10     14     -4 (VIOLATED)
_14075_/X                                10     14     -4 (VIOLATED)
_14237_/X                                10     14     -4 (VIOLATED)
_14484_/X                                10     14     -4 (VIOLATED)
_14793_/X                                10     14     -4 (VIOLATED)
_15116_/X                                10     14     -4 (VIOLATED)
_08614_/X                                10     13     -3 (VIOLATED)
_08640_/X                                10     13     -3 (VIOLATED)
_08943_/X                                10     13     -3 (VIOLATED)
_09739_/X                                10     13     -3 (VIOLATED)
_10380_/X                                10     13     -3 (VIOLATED)
_13947_/X                                10     13     -3 (VIOLATED)
_13962_/X                                10     13     -3 (VIOLATED)
_13971_/X                                10     13     -3 (VIOLATED)
_13974_/X                                10     13     -3 (VIOLATED)
_14034_/X                                10     13     -3 (VIOLATED)
_14041_/X                                10     13     -3 (VIOLATED)
_14043_/X                                10     13     -3 (VIOLATED)
_14058_/X                                10     13     -3 (VIOLATED)
_14081_/X                                10     13     -3 (VIOLATED)
_14082_/X                                10     13     -3 (VIOLATED)
_14086_/X                                10     13     -3 (VIOLATED)
_14117_/X                                10     13     -3 (VIOLATED)
_14150_/X                                10     13     -3 (VIOLATED)
_14155_/X                                10     13     -3 (VIOLATED)
_14160_/X                                10     13     -3 (VIOLATED)
_14165_/X                                10     13     -3 (VIOLATED)
_14173_/X                                10     13     -3 (VIOLATED)
_14177_/X                                10     13     -3 (VIOLATED)
_14194_/X                                10     13     -3 (VIOLATED)
_14209_/X                                10     13     -3 (VIOLATED)
_14218_/X                                10     13     -3 (VIOLATED)
_14219_/X                                10     13     -3 (VIOLATED)
_14233_/X                                10     13     -3 (VIOLATED)
_14386_/X                                10     13     -3 (VIOLATED)
_14687_/X                                10     13     -3 (VIOLATED)
_14719_/X                                10     13     -3 (VIOLATED)
_08989_/X                                10     12     -2 (VIOLATED)
_09994_/X                                10     12     -2 (VIOLATED)
_10359_/X                                10     12     -2 (VIOLATED)
_13065_/X                                10     12     -2 (VIOLATED)
_13933_/X                                10     12     -2 (VIOLATED)
_13937_/X                                10     12     -2 (VIOLATED)
_13955_/X                                10     12     -2 (VIOLATED)
_13960_/X                                10     12     -2 (VIOLATED)
_13984_/X                                10     12     -2 (VIOLATED)
_14004_/X                                10     12     -2 (VIOLATED)
_14009_/X                                10     12     -2 (VIOLATED)
_14015_/X                                10     12     -2 (VIOLATED)
_14071_/X                                10     12     -2 (VIOLATED)
_14087_/X                                10     12     -2 (VIOLATED)
_14088_/X                                10     12     -2 (VIOLATED)
_14103_/X                                10     12     -2 (VIOLATED)
_14120_/X                                10     12     -2 (VIOLATED)
_14180_/X                                10     12     -2 (VIOLATED)
_14193_/X                                10     12     -2 (VIOLATED)
_14197_/X                                10     12     -2 (VIOLATED)
_14208_/X                                10     12     -2 (VIOLATED)
_14210_/X                                10     12     -2 (VIOLATED)
_14220_/X                                10     12     -2 (VIOLATED)
_14224_/X                                10     12     -2 (VIOLATED)
_14232_/X                                10     12     -2 (VIOLATED)
_14265_/X                                10     12     -2 (VIOLATED)
_14284_/X                                10     12     -2 (VIOLATED)
_14308_/X                                10     12     -2 (VIOLATED)
_14387_/X                                10     12     -2 (VIOLATED)
_14422_/X                                10     12     -2 (VIOLATED)
_14467_/X                                10     12     -2 (VIOLATED)
_14476_/X                                10     12     -2 (VIOLATED)
_14733_/X                                10     12     -2 (VIOLATED)
_08620_/X                                10     11        (VIOLATED)
_08664_/X                                10     11        (VIOLATED)
_09031_/X                                10     11        (VIOLATED)
_09048_/X                                10     11        (VIOLATED)
_09051_/X                                10     11        (VIOLATED)
_09188_/X                                10     11        (VIOLATED)
_09196_/X                                10     11        (VIOLATED)
_09276_/X                                10     11        (VIOLATED)
_09539_/X                                10     11        (VIOLATED)
_09548_/X                                10     11        (VIOLATED)
_09738_/X                                10     11        (VIOLATED)
_09777_/X                                10     11        (VIOLATED)
_09948_/X                                10     11        (VIOLATED)
_10003_/X                                10     11        (VIOLATED)
_10044_/X                                10     11        (VIOLATED)
_10369_/X                                10     11        (VIOLATED)
_10376_/X                                10     11        (VIOLATED)
_10801_/X                                10     11        (VIOLATED)
_10804_/X                                10     11        (VIOLATED)
_11279_/X                                10     11        (VIOLATED)
_11745_/X                                10     11        (VIOLATED)
_12078_/X                                10     11        (VIOLATED)
_12081_/X                                10     11        (VIOLATED)
_12672_/X                                10     11        (VIOLATED)
_13928_/X                                10     11        (VIOLATED)
_13934_/X                                10     11        (VIOLATED)
_13944_/X                                10     11        (VIOLATED)
_13948_/X                                10     11        (VIOLATED)
_13952_/X                                10     11        (VIOLATED)
_13963_/X                                10     11        (VIOLATED)
_13965_/X                                10     11        (VIOLATED)
_13967_/X                                10     11        (VIOLATED)
_13972_/X                                10     11        (VIOLATED)
_13979_/X                                10     11        (VIOLATED)
_13980_/X                                10     11        (VIOLATED)
_13985_/X                                10     11        (VIOLATED)
_14008_/X                                10     11        (VIOLATED)
_14018_/X                                10     11        (VIOLATED)
_14019_/X                                10     11        (VIOLATED)
_14020_/X                                10     11        (VIOLATED)
_14022_/X                                10     11        (VIOLATED)
_14027_/X                                10     11        (VIOLATED)
_14028_/X                                10     11        (VIOLATED)
_14035_/X                                10     11        (VIOLATED)
_14036_/X                                10     11        (VIOLATED)
_14054_/X                                10     11        (VIOLATED)
_14056_/X                                10     11        (VIOLATED)
_14064_/X                                10     11        (VIOLATED)
_14065_/X                                10     11        (VIOLATED)
_14068_/X                                10     11        (VIOLATED)
_14077_/X                                10     11        (VIOLATED)
_14078_/X                                10     11        (VIOLATED)
_14083_/X                                10     11        (VIOLATED)
_14089_/X                                10     11        (VIOLATED)
_14091_/X                                10     11        (VIOLATED)
_14099_/X                                10     11        (VIOLATED)
_14112_/X                                10     11        (VIOLATED)
_14118_/X                                10     11        (VIOLATED)
_14119_/X                                10     11        (VIOLATED)
_14126_/X                                10     11        (VIOLATED)
_14130_/X                                10     11        (VIOLATED)
_14141_/X                                10     11        (VIOLATED)
_14145_/X                                10     11        (VIOLATED)
_14146_/X                                10     11        (VIOLATED)
_14153_/X                                10     11        (VIOLATED)
_14154_/X                                10     11        (VIOLATED)
_14183_/X                                10     11        (VIOLATED)
_14203_/X                                10     11        (VIOLATED)
_14214_/X                                10     11        (VIOLATED)
_14221_/X                                10     11        (VIOLATED)
_14225_/X                                10     11        (VIOLATED)
_14226_/X                                10     11        (VIOLATED)
_14236_/X                                10     11        (VIOLATED)
_14238_/X                                10     11        (VIOLATED)
_14248_/X                                10     11        (VIOLATED)
_14262_/X                                10     11        (VIOLATED)
_14263_/X                                10     11        (VIOLATED)
_14266_/X                                10     11        (VIOLATED)
_14278_/X                                10     11        (VIOLATED)
_14283_/X                                10     11        (VIOLATED)
_14296_/X                                10     11        (VIOLATED)
_14312_/X                                10     11        (VIOLATED)
_14317_/X                                10     11        (VIOLATED)
_14321_/X                                10     11        (VIOLATED)
_14348_/X                                10     11        (VIOLATED)
_14402_/X                                10     11        (VIOLATED)
_14409_/X                                10     11        (VIOLATED)
_14420_/X                                10     11        (VIOLATED)
_14455_/X                                10     11        (VIOLATED)
_14456_/X                                10     11        (VIOLATED)
_14482_/X                                10     11        (VIOLATED)
_14535_/X                                10     11        (VIOLATED)
_14550_/X                                10     11        (VIOLATED)
_14558_/X                                10     11        (VIOLATED)
_14563_/X                                10     11        (VIOLATED)
_14650_/X                                10     11        (VIOLATED)
_14747_/X                                10     11        (VIOLATED)
_14748_/X                                10     11        (VIOLATED)
_14762_/X                                10     11        (VIOLATED)
_14801_/X                                10     11        (VIOLATED)
_18410_/Q                                10     11        (VIOLATED)


max slew violations count Fastest: 0
max fanout violations count Fastest: 182
max cap violations count Fastest: 0
======================= Slowest Corner ===================================

max slew

Pin                                    Limit    Slew   Slack
------------------------------------------------------------
_11661_/S                               0.75    0.83   -0.08 (VIOLATED)
_11651_/S                               0.75    0.83   -0.08 (VIOLATED)
_11653_/S                               0.75    0.83   -0.08 (VIOLATED)
_11663_/S                               0.75    0.83   -0.08 (VIOLATED)
_11665_/S                               0.75    0.83   -0.08 (VIOLATED)
_11655_/S                               0.75    0.83   -0.08 (VIOLATED)
_11659_/S                               0.75    0.83   -0.08 (VIOLATED)
ANTENNA_224/DIODE                       0.75    0.83   -0.08 (VIOLATED)
_11657_/S                               0.75    0.83   -0.08 (VIOLATED)
_11650_/Y                               0.75    0.83   -0.08 (VIOLATED)
_08215_/A3                              0.75    0.81   -0.06 (VIOLATED)
_08213_/Y                               0.75    0.81   -0.06 (VIOLATED)
_13405_/S                               0.75    0.79   -0.04 (VIOLATED)
_13411_/S                               0.75    0.79   -0.04 (VIOLATED)
_13403_/S                               0.75    0.79   -0.04 (VIOLATED)
_13415_/S                               0.75    0.79   -0.04 (VIOLATED)
_13417_/S                               0.75    0.79   -0.04 (VIOLATED)
_13413_/S                               0.75    0.79   -0.04 (VIOLATED)
_13407_/S                               0.75    0.79   -0.04 (VIOLATED)
_13409_/S                               0.75    0.79   -0.04 (VIOLATED)
_13402_/Y                               0.75    0.79   -0.04 (VIOLATED)
SDA                                     0.75    0.79   -0.04 (VIOLATED)
_09400_/S                               0.75    0.77   -0.02 (VIOLATED)
_09390_/S                               0.75    0.77   -0.02 (VIOLATED)
_09394_/S                               0.75    0.77   -0.02 (VIOLATED)
_09388_/S                               0.75    0.77   -0.02 (VIOLATED)
_09392_/S                               0.75    0.77   -0.02 (VIOLATED)
_09386_/S                               0.75    0.77   -0.02 (VIOLATED)
_09398_/S                               0.75    0.77   -0.02 (VIOLATED)
_09385_/Y                               0.75    0.77   -0.02 (VIOLATED)
_09396_/S                               0.75    0.77   -0.02 (VIOLATED)
_09383_/S                               0.75    0.77   -0.02 (VIOLATED)
_09377_/S                               0.75    0.77   -0.02 (VIOLATED)
_09373_/S                               0.75    0.77   -0.02 (VIOLATED)
_09371_/S                               0.75    0.77   -0.02 (VIOLATED)
_09375_/S                               0.75    0.77   -0.02 (VIOLATED)
_09369_/S                               0.75    0.77   -0.02 (VIOLATED)
_09379_/S                               0.75    0.77   -0.02 (VIOLATED)
_09381_/S                               0.75    0.77   -0.02 (VIOLATED)
_09368_/Y                               0.75    0.77   -0.02 (VIOLATED)
_09453_/S                               0.75    0.77   -0.02 (VIOLATED)
_09443_/S                               0.75    0.77   -0.02 (VIOLATED)
_09447_/S                               0.75    0.77   -0.02 (VIOLATED)
_09441_/S                               0.75    0.77   -0.02 (VIOLATED)
_09445_/S                               0.75    0.77   -0.02 (VIOLATED)
_09439_/S                               0.75    0.77   -0.02 (VIOLATED)
_09451_/S                               0.75    0.77   -0.02 (VIOLATED)
_09449_/S                               0.75    0.77   -0.02 (VIOLATED)
_09438_/Y                               0.75    0.77   -0.02 (VIOLATED)
_09470_/S                               0.75    0.76   -0.01 (VIOLATED)
_09460_/S                               0.75    0.76   -0.01 (VIOLATED)
_09464_/S                               0.75    0.76   -0.01 (VIOLATED)
_09458_/S                               0.75    0.76   -0.01 (VIOLATED)
_09462_/S                               0.75    0.76   -0.01 (VIOLATED)
_09456_/S                               0.75    0.76   -0.01 (VIOLATED)
_09468_/S                               0.75    0.76   -0.01 (VIOLATED)
_09455_/Y                               0.75    0.76   -0.01 (VIOLATED)
_09466_/S                               0.75    0.76   -0.01 (VIOLATED)
_13388_/S                               0.75    0.76   -0.01 (VIOLATED)
_13386_/S                               0.75    0.76   -0.01 (VIOLATED)
_13400_/S                               0.75    0.76   -0.01 (VIOLATED)
_13398_/S                               0.75    0.76   -0.01 (VIOLATED)
_13396_/S                               0.75    0.76   -0.01 (VIOLATED)
_13394_/S                               0.75    0.76   -0.01 (VIOLATED)
_13390_/S                               0.75    0.76   -0.01 (VIOLATED)
_13392_/S                               0.75    0.76   -0.01 (VIOLATED)
_13385_/Y                               0.75    0.76   -0.01 (VIOLATED)
_11911_/S                               0.75    0.76   -0.01 (VIOLATED)
_11921_/S                               0.75    0.76   -0.01 (VIOLATED)
_11919_/S                               0.75    0.76   -0.01 (VIOLATED)
_11925_/S                               0.75    0.76   -0.01 (VIOLATED)
_11923_/S                               0.75    0.76   -0.01 (VIOLATED)
_11913_/S                               0.75    0.76   -0.01 (VIOLATED)
_11917_/S                               0.75    0.76   -0.01 (VIOLATED)
_11915_/S                               0.75    0.76   -0.01 (VIOLATED)
_11910_/Y                               0.75    0.76   -0.01 (VIOLATED)
_14967_/Y                               0.75    0.76   -0.01 (VIOLATED)
_15015_/A1                              0.75    0.76   -0.01 (VIOLATED)
_09974_/S                               0.75    0.76   -0.01 (VIOLATED)
_09970_/S                               0.75    0.76   -0.01 (VIOLATED)
_09972_/S                               0.75    0.76   -0.01 (VIOLATED)
_09982_/S                               0.75    0.76   -0.01 (VIOLATED)
_09976_/S                               0.75    0.76   -0.01 (VIOLATED)
_09978_/S                               0.75    0.76   -0.01 (VIOLATED)
_09968_/S                               0.75    0.76   -0.01 (VIOLATED)
_09967_/Y                               0.75    0.76   -0.01 (VIOLATED)
_09980_/S                               0.75    0.76   -0.01 (VIOLATED)
_11937_/S                               0.75    0.75   -0.00 (VIOLATED)
_11929_/S                               0.75    0.75   -0.00 (VIOLATED)
_11939_/S                               0.75    0.75   -0.00 (VIOLATED)
_11943_/S                               0.75    0.75   -0.00 (VIOLATED)
_11941_/S                               0.75    0.75   -0.00 (VIOLATED)
_11931_/S                               0.75    0.75   -0.00 (VIOLATED)
_11935_/S                               0.75    0.75   -0.00 (VIOLATED)
_11928_/Y                               0.75    0.75   -0.00 (VIOLATED)
_11933_/S                               0.75    0.75   -0.00 (VIOLATED)
_10456_/S                               0.75    0.75   -0.00 (VIOLATED)
_10458_/S                               0.75    0.75   -0.00 (VIOLATED)
_10462_/S                               0.75    0.75   -0.00 (VIOLATED)
_10452_/S                               0.75    0.75   -0.00 (VIOLATED)
_10450_/S                               0.75    0.75   -0.00 (VIOLATED)
_10448_/S                               0.75    0.75   -0.00 (VIOLATED)
_10454_/S                               0.75    0.75   -0.00 (VIOLATED)
_10460_/S                               0.75    0.75   -0.00 (VIOLATED)
_10447_/Y                               0.75    0.75   -0.00 (VIOLATED)
_10677_/S                               0.75    0.75   -0.00 (VIOLATED)
_10679_/S                               0.75    0.75   -0.00 (VIOLATED)
_10683_/S                               0.75    0.75   -0.00 (VIOLATED)
_10673_/S                               0.75    0.75   -0.00 (VIOLATED)
_10669_/S                               0.75    0.75   -0.00 (VIOLATED)
_10671_/S                               0.75    0.75   -0.00 (VIOLATED)
_10681_/S                               0.75    0.75   -0.00 (VIOLATED)
_10668_/Y                               0.75    0.75   -0.00 (VIOLATED)
_10675_/S                               0.75    0.75   -0.00 (VIOLATED)

max fanout

Pin                                   Limit Fanout  Slack
---------------------------------------------------------
_08644_/X                                10     15     -5 (VIOLATED)
_14039_/X                                10     15     -5 (VIOLATED)
_14049_/X                                10     15     -5 (VIOLATED)
_14062_/X                                10     15     -5 (VIOLATED)
_14159_/X                                10     15     -5 (VIOLATED)
_08660_/X                                10     14     -4 (VIOLATED)
_08668_/X                                10     14     -4 (VIOLATED)
_10364_/X                                10     14     -4 (VIOLATED)
_10384_/X                                10     14     -4 (VIOLATED)
_13975_/X                                10     14     -4 (VIOLATED)
_13991_/X                                10     14     -4 (VIOLATED)
_14074_/X                                10     14     -4 (VIOLATED)
_14075_/X                                10     14     -4 (VIOLATED)
_14237_/X                                10     14     -4 (VIOLATED)
_14484_/X                                10     14     -4 (VIOLATED)
_14793_/X                                10     14     -4 (VIOLATED)
_15116_/X                                10     14     -4 (VIOLATED)
_08614_/X                                10     13     -3 (VIOLATED)
_08640_/X                                10     13     -3 (VIOLATED)
_08943_/X                                10     13     -3 (VIOLATED)
_09739_/X                                10     13     -3 (VIOLATED)
_10380_/X                                10     13     -3 (VIOLATED)
_13947_/X                                10     13     -3 (VIOLATED)
_13962_/X                                10     13     -3 (VIOLATED)
_13971_/X                                10     13     -3 (VIOLATED)
_13974_/X                                10     13     -3 (VIOLATED)
_14034_/X                                10     13     -3 (VIOLATED)
_14041_/X                                10     13     -3 (VIOLATED)
_14043_/X                                10     13     -3 (VIOLATED)
_14058_/X                                10     13     -3 (VIOLATED)
_14081_/X                                10     13     -3 (VIOLATED)
_14082_/X                                10     13     -3 (VIOLATED)
_14086_/X                                10     13     -3 (VIOLATED)
_14117_/X                                10     13     -3 (VIOLATED)
_14150_/X                                10     13     -3 (VIOLATED)
_14155_/X                                10     13     -3 (VIOLATED)
_14160_/X                                10     13     -3 (VIOLATED)
_14165_/X                                10     13     -3 (VIOLATED)
_14173_/X                                10     13     -3 (VIOLATED)
_14177_/X                                10     13     -3 (VIOLATED)
_14194_/X                                10     13     -3 (VIOLATED)
_14209_/X                                10     13     -3 (VIOLATED)
_14218_/X                                10     13     -3 (VIOLATED)
_14219_/X                                10     13     -3 (VIOLATED)
_14233_/X                                10     13     -3 (VIOLATED)
_14386_/X                                10     13     -3 (VIOLATED)
_14687_/X                                10     13     -3 (VIOLATED)
_14719_/X                                10     13     -3 (VIOLATED)
_08989_/X                                10     12     -2 (VIOLATED)
_09994_/X                                10     12     -2 (VIOLATED)
_10359_/X                                10     12     -2 (VIOLATED)
_13065_/X                                10     12     -2 (VIOLATED)
_13933_/X                                10     12     -2 (VIOLATED)
_13937_/X                                10     12     -2 (VIOLATED)
_13955_/X                                10     12     -2 (VIOLATED)
_13960_/X                                10     12     -2 (VIOLATED)
_13984_/X                                10     12     -2 (VIOLATED)
_14004_/X                                10     12     -2 (VIOLATED)
_14009_/X                                10     12     -2 (VIOLATED)
_14015_/X                                10     12     -2 (VIOLATED)
_14071_/X                                10     12     -2 (VIOLATED)
_14087_/X                                10     12     -2 (VIOLATED)
_14088_/X                                10     12     -2 (VIOLATED)
_14103_/X                                10     12     -2 (VIOLATED)
_14120_/X                                10     12     -2 (VIOLATED)
_14180_/X                                10     12     -2 (VIOLATED)
_14193_/X                                10     12     -2 (VIOLATED)
_14197_/X                                10     12     -2 (VIOLATED)
_14208_/X                                10     12     -2 (VIOLATED)
_14210_/X                                10     12     -2 (VIOLATED)
_14220_/X                                10     12     -2 (VIOLATED)
_14224_/X                                10     12     -2 (VIOLATED)
_14232_/X                                10     12     -2 (VIOLATED)
_14265_/X                                10     12     -2 (VIOLATED)
_14284_/X                                10     12     -2 (VIOLATED)
_14308_/X                                10     12     -2 (VIOLATED)
_14387_/X                                10     12     -2 (VIOLATED)
_14422_/X                                10     12     -2 (VIOLATED)
_14467_/X                                10     12     -2 (VIOLATED)
_14476_/X                                10     12     -2 (VIOLATED)
_14733_/X                                10     12     -2 (VIOLATED)
_08620_/X                                10     11        (VIOLATED)
_08664_/X                                10     11        (VIOLATED)
_09031_/X                                10     11        (VIOLATED)
_09048_/X                                10     11        (VIOLATED)
_09051_/X                                10     11        (VIOLATED)
_09188_/X                                10     11        (VIOLATED)
_09196_/X                                10     11        (VIOLATED)
_09276_/X                                10     11        (VIOLATED)
_09539_/X                                10     11        (VIOLATED)
_09548_/X                                10     11        (VIOLATED)
_09738_/X                                10     11        (VIOLATED)
_09777_/X                                10     11        (VIOLATED)
_09948_/X                                10     11        (VIOLATED)
_10003_/X                                10     11        (VIOLATED)
_10044_/X                                10     11        (VIOLATED)
_10369_/X                                10     11        (VIOLATED)
_10376_/X                                10     11        (VIOLATED)
_10801_/X                                10     11        (VIOLATED)
_10804_/X                                10     11        (VIOLATED)
_11279_/X                                10     11        (VIOLATED)
_11745_/X                                10     11        (VIOLATED)
_12078_/X                                10     11        (VIOLATED)
_12081_/X                                10     11        (VIOLATED)
_12672_/X                                10     11        (VIOLATED)
_13928_/X                                10     11        (VIOLATED)
_13934_/X                                10     11        (VIOLATED)
_13944_/X                                10     11        (VIOLATED)
_13948_/X                                10     11        (VIOLATED)
_13952_/X                                10     11        (VIOLATED)
_13963_/X                                10     11        (VIOLATED)
_13965_/X                                10     11        (VIOLATED)
_13967_/X                                10     11        (VIOLATED)
_13972_/X                                10     11        (VIOLATED)
_13979_/X                                10     11        (VIOLATED)
_13980_/X                                10     11        (VIOLATED)
_13985_/X                                10     11        (VIOLATED)
_14008_/X                                10     11        (VIOLATED)
_14018_/X                                10     11        (VIOLATED)
_14019_/X                                10     11        (VIOLATED)
_14020_/X                                10     11        (VIOLATED)
_14022_/X                                10     11        (VIOLATED)
_14027_/X                                10     11        (VIOLATED)
_14028_/X                                10     11        (VIOLATED)
_14035_/X                                10     11        (VIOLATED)
_14036_/X                                10     11        (VIOLATED)
_14054_/X                                10     11        (VIOLATED)
_14056_/X                                10     11        (VIOLATED)
_14064_/X                                10     11        (VIOLATED)
_14065_/X                                10     11        (VIOLATED)
_14068_/X                                10     11        (VIOLATED)
_14077_/X                                10     11        (VIOLATED)
_14078_/X                                10     11        (VIOLATED)
_14083_/X                                10     11        (VIOLATED)
_14089_/X                                10     11        (VIOLATED)
_14091_/X                                10     11        (VIOLATED)
_14099_/X                                10     11        (VIOLATED)
_14112_/X                                10     11        (VIOLATED)
_14118_/X                                10     11        (VIOLATED)
_14119_/X                                10     11        (VIOLATED)
_14126_/X                                10     11        (VIOLATED)
_14130_/X                                10     11        (VIOLATED)
_14141_/X                                10     11        (VIOLATED)
_14145_/X                                10     11        (VIOLATED)
_14146_/X                                10     11        (VIOLATED)
_14153_/X                                10     11        (VIOLATED)
_14154_/X                                10     11        (VIOLATED)
_14183_/X                                10     11        (VIOLATED)
_14203_/X                                10     11        (VIOLATED)
_14214_/X                                10     11        (VIOLATED)
_14221_/X                                10     11        (VIOLATED)
_14225_/X                                10     11        (VIOLATED)
_14226_/X                                10     11        (VIOLATED)
_14236_/X                                10     11        (VIOLATED)
_14238_/X                                10     11        (VIOLATED)
_14248_/X                                10     11        (VIOLATED)
_14262_/X                                10     11        (VIOLATED)
_14263_/X                                10     11        (VIOLATED)
_14266_/X                                10     11        (VIOLATED)
_14278_/X                                10     11        (VIOLATED)
_14283_/X                                10     11        (VIOLATED)
_14296_/X                                10     11        (VIOLATED)
_14312_/X                                10     11        (VIOLATED)
_14317_/X                                10     11        (VIOLATED)
_14321_/X                                10     11        (VIOLATED)
_14348_/X                                10     11        (VIOLATED)
_14402_/X                                10     11        (VIOLATED)
_14409_/X                                10     11        (VIOLATED)
_14420_/X                                10     11        (VIOLATED)
_14455_/X                                10     11        (VIOLATED)
_14456_/X                                10     11        (VIOLATED)
_14482_/X                                10     11        (VIOLATED)
_14535_/X                                10     11        (VIOLATED)
_14550_/X                                10     11        (VIOLATED)
_14558_/X                                10     11        (VIOLATED)
_14563_/X                                10     11        (VIOLATED)
_14650_/X                                10     11        (VIOLATED)
_14747_/X                                10     11        (VIOLATED)
_14748_/X                                10     11        (VIOLATED)
_14762_/X                                10     11        (VIOLATED)
_14801_/X                                10     11        (VIOLATED)
_18410_/Q                                10     11        (VIOLATED)


max slew violations count Slowest: 114
max fanout violations count Slowest: 182
max cap violations count Slowest: 0
======================= Typical Corner ===================================

max fanout

Pin                                   Limit Fanout  Slack
---------------------------------------------------------
_08644_/X                                10     15     -5 (VIOLATED)
_14039_/X                                10     15     -5 (VIOLATED)
_14049_/X                                10     15     -5 (VIOLATED)
_14062_/X                                10     15     -5 (VIOLATED)
_14159_/X                                10     15     -5 (VIOLATED)
_08660_/X                                10     14     -4 (VIOLATED)
_08668_/X                                10     14     -4 (VIOLATED)
_10364_/X                                10     14     -4 (VIOLATED)
_10384_/X                                10     14     -4 (VIOLATED)
_13975_/X                                10     14     -4 (VIOLATED)
_13991_/X                                10     14     -4 (VIOLATED)
_14074_/X                                10     14     -4 (VIOLATED)
_14075_/X                                10     14     -4 (VIOLATED)
_14237_/X                                10     14     -4 (VIOLATED)
_14484_/X                                10     14     -4 (VIOLATED)
_14793_/X                                10     14     -4 (VIOLATED)
_15116_/X                                10     14     -4 (VIOLATED)
_08614_/X                                10     13     -3 (VIOLATED)
_08640_/X                                10     13     -3 (VIOLATED)
_08943_/X                                10     13     -3 (VIOLATED)
_09739_/X                                10     13     -3 (VIOLATED)
_10380_/X                                10     13     -3 (VIOLATED)
_13947_/X                                10     13     -3 (VIOLATED)
_13962_/X                                10     13     -3 (VIOLATED)
_13971_/X                                10     13     -3 (VIOLATED)
_13974_/X                                10     13     -3 (VIOLATED)
_14034_/X                                10     13     -3 (VIOLATED)
_14041_/X                                10     13     -3 (VIOLATED)
_14043_/X                                10     13     -3 (VIOLATED)
_14058_/X                                10     13     -3 (VIOLATED)
_14081_/X                                10     13     -3 (VIOLATED)
_14082_/X                                10     13     -3 (VIOLATED)
_14086_/X                                10     13     -3 (VIOLATED)
_14117_/X                                10     13     -3 (VIOLATED)
_14150_/X                                10     13     -3 (VIOLATED)
_14155_/X                                10     13     -3 (VIOLATED)
_14160_/X                                10     13     -3 (VIOLATED)
_14165_/X                                10     13     -3 (VIOLATED)
_14173_/X                                10     13     -3 (VIOLATED)
_14177_/X                                10     13     -3 (VIOLATED)
_14194_/X                                10     13     -3 (VIOLATED)
_14209_/X                                10     13     -3 (VIOLATED)
_14218_/X                                10     13     -3 (VIOLATED)
_14219_/X                                10     13     -3 (VIOLATED)
_14233_/X                                10     13     -3 (VIOLATED)
_14386_/X                                10     13     -3 (VIOLATED)
_14687_/X                                10     13     -3 (VIOLATED)
_14719_/X                                10     13     -3 (VIOLATED)
_08989_/X                                10     12     -2 (VIOLATED)
_09994_/X                                10     12     -2 (VIOLATED)
_10359_/X                                10     12     -2 (VIOLATED)
_13065_/X                                10     12     -2 (VIOLATED)
_13933_/X                                10     12     -2 (VIOLATED)
_13937_/X                                10     12     -2 (VIOLATED)
_13955_/X                                10     12     -2 (VIOLATED)
_13960_/X                                10     12     -2 (VIOLATED)
_13984_/X                                10     12     -2 (VIOLATED)
_14004_/X                                10     12     -2 (VIOLATED)
_14009_/X                                10     12     -2 (VIOLATED)
_14015_/X                                10     12     -2 (VIOLATED)
_14071_/X                                10     12     -2 (VIOLATED)
_14087_/X                                10     12     -2 (VIOLATED)
_14088_/X                                10     12     -2 (VIOLATED)
_14103_/X                                10     12     -2 (VIOLATED)
_14120_/X                                10     12     -2 (VIOLATED)
_14180_/X                                10     12     -2 (VIOLATED)
_14193_/X                                10     12     -2 (VIOLATED)
_14197_/X                                10     12     -2 (VIOLATED)
_14208_/X                                10     12     -2 (VIOLATED)
_14210_/X                                10     12     -2 (VIOLATED)
_14220_/X                                10     12     -2 (VIOLATED)
_14224_/X                                10     12     -2 (VIOLATED)
_14232_/X                                10     12     -2 (VIOLATED)
_14265_/X                                10     12     -2 (VIOLATED)
_14284_/X                                10     12     -2 (VIOLATED)
_14308_/X                                10     12     -2 (VIOLATED)
_14387_/X                                10     12     -2 (VIOLATED)
_14422_/X                                10     12     -2 (VIOLATED)
_14467_/X                                10     12     -2 (VIOLATED)
_14476_/X                                10     12     -2 (VIOLATED)
_14733_/X                                10     12     -2 (VIOLATED)
_08620_/X                                10     11        (VIOLATED)
_08664_/X                                10     11        (VIOLATED)
_09031_/X                                10     11        (VIOLATED)
_09048_/X                                10     11        (VIOLATED)
_09051_/X                                10     11        (VIOLATED)
_09188_/X                                10     11        (VIOLATED)
_09196_/X                                10     11        (VIOLATED)
_09276_/X                                10     11        (VIOLATED)
_09539_/X                                10     11        (VIOLATED)
_09548_/X                                10     11        (VIOLATED)
_09738_/X                                10     11        (VIOLATED)
_09777_/X                                10     11        (VIOLATED)
_09948_/X                                10     11        (VIOLATED)
_10003_/X                                10     11        (VIOLATED)
_10044_/X                                10     11        (VIOLATED)
_10369_/X                                10     11        (VIOLATED)
_10376_/X                                10     11        (VIOLATED)
_10801_/X                                10     11        (VIOLATED)
_10804_/X                                10     11        (VIOLATED)
_11279_/X                                10     11        (VIOLATED)
_11745_/X                                10     11        (VIOLATED)
_12078_/X                                10     11        (VIOLATED)
_12081_/X                                10     11        (VIOLATED)
_12672_/X                                10     11        (VIOLATED)
_13928_/X                                10     11        (VIOLATED)
_13934_/X                                10     11        (VIOLATED)
_13944_/X                                10     11        (VIOLATED)
_13948_/X                                10     11        (VIOLATED)
_13952_/X                                10     11        (VIOLATED)
_13963_/X                                10     11        (VIOLATED)
_13965_/X                                10     11        (VIOLATED)
_13967_/X                                10     11        (VIOLATED)
_13972_/X                                10     11        (VIOLATED)
_13979_/X                                10     11        (VIOLATED)
_13980_/X                                10     11        (VIOLATED)
_13985_/X                                10     11        (VIOLATED)
_14008_/X                                10     11        (VIOLATED)
_14018_/X                                10     11        (VIOLATED)
_14019_/X                                10     11        (VIOLATED)
_14020_/X                                10     11        (VIOLATED)
_14022_/X                                10     11        (VIOLATED)
_14027_/X                                10     11        (VIOLATED)
_14028_/X                                10     11        (VIOLATED)
_14035_/X                                10     11        (VIOLATED)
_14036_/X                                10     11        (VIOLATED)
_14054_/X                                10     11        (VIOLATED)
_14056_/X                                10     11        (VIOLATED)
_14064_/X                                10     11        (VIOLATED)
_14065_/X                                10     11        (VIOLATED)
_14068_/X                                10     11        (VIOLATED)
_14077_/X                                10     11        (VIOLATED)
_14078_/X                                10     11        (VIOLATED)
_14083_/X                                10     11        (VIOLATED)
_14089_/X                                10     11        (VIOLATED)
_14091_/X                                10     11        (VIOLATED)
_14099_/X                                10     11        (VIOLATED)
_14112_/X                                10     11        (VIOLATED)
_14118_/X                                10     11        (VIOLATED)
_14119_/X                                10     11        (VIOLATED)
_14126_/X                                10     11        (VIOLATED)
_14130_/X                                10     11        (VIOLATED)
_14141_/X                                10     11        (VIOLATED)
_14145_/X                                10     11        (VIOLATED)
_14146_/X                                10     11        (VIOLATED)
_14153_/X                                10     11        (VIOLATED)
_14154_/X                                10     11        (VIOLATED)
_14183_/X                                10     11        (VIOLATED)
_14203_/X                                10     11        (VIOLATED)
_14214_/X                                10     11        (VIOLATED)
_14221_/X                                10     11        (VIOLATED)
_14225_/X                                10     11        (VIOLATED)
_14226_/X                                10     11        (VIOLATED)
_14236_/X                                10     11        (VIOLATED)
_14238_/X                                10     11        (VIOLATED)
_14248_/X                                10     11        (VIOLATED)
_14262_/X                                10     11        (VIOLATED)
_14263_/X                                10     11        (VIOLATED)
_14266_/X                                10     11        (VIOLATED)
_14278_/X                                10     11        (VIOLATED)
_14283_/X                                10     11        (VIOLATED)
_14296_/X                                10     11        (VIOLATED)
_14312_/X                                10     11        (VIOLATED)
_14317_/X                                10     11        (VIOLATED)
_14321_/X                                10     11        (VIOLATED)
_14348_/X                                10     11        (VIOLATED)
_14402_/X                                10     11        (VIOLATED)
_14409_/X                                10     11        (VIOLATED)
_14420_/X                                10     11        (VIOLATED)
_14455_/X                                10     11        (VIOLATED)
_14456_/X                                10     11        (VIOLATED)
_14482_/X                                10     11        (VIOLATED)
_14535_/X                                10     11        (VIOLATED)
_14550_/X                                10     11        (VIOLATED)
_14558_/X                                10     11        (VIOLATED)
_14563_/X                                10     11        (VIOLATED)
_14650_/X                                10     11        (VIOLATED)
_14747_/X                                10     11        (VIOLATED)
_14748_/X                                10     11        (VIOLATED)
_14762_/X                                10     11        (VIOLATED)
_14801_/X                                10     11        (VIOLATED)
_18410_/Q                                10     11        (VIOLATED)


max slew violations count Typical: 0
max fanout violations count Typical: 182
max cap violations count Typical: 0

===========================================================================
report_parasitic_annotation -report_unannotated
============================================================================
Found 0 unannotated drivers.
Found 0 partially unannotated drivers.

===========================================================================
max slew violation count 114
max fanout violation count 182
max cap violation count 0
============================================================================

===========================================================================
check_setup -verbose -unconstrained_endpoints -multiple_clock -no_clock -no_input_delay -loops -generated_clocks
===========================================================================
