
===========================================================================
report_checks -unconstrained
===========================================================================
======================= Fastest Corner ===================================

Startpoint: p_reset (input port clocked by p_clock)
Endpoint: _18149_ (recovery check against rising-edge clock p_clock)
Path Group: asynchronous
Path Type: max
Corner: Fastest

Fanout     Cap    Slew   Delay    Time   Description
-----------------------------------------------------------------------------
                  0.15    0.00    0.00   clock p_clock (rise edge)
                          0.00    0.00   clock network delay (ideal)
                          2.00    2.00 ^ input external delay
     1    0.00    0.01    0.01    2.01 ^ p_reset (in)
                                         p_reset (net)
                  0.01    0.00    2.01 ^ input11/A (sky130_fd_sc_hd__buf_1)
     1    0.01    0.11    0.10    2.11 ^ input11/X (sky130_fd_sc_hd__buf_1)
                                         net11 (net)
                  0.11    0.00    2.11 ^ fanout312/A (sky130_fd_sc_hd__buf_6)
     5    0.17    0.25    0.23    2.35 ^ fanout312/X (sky130_fd_sc_hd__buf_6)
                                         net312 (net)
                  0.25    0.02    2.36 ^ fanout311/A (sky130_fd_sc_hd__buf_4)
     5    0.10    0.22    0.23    2.59 ^ fanout311/X (sky130_fd_sc_hd__buf_4)
                                         net311 (net)
                  0.22    0.00    2.59 ^ fanout276/A (sky130_fd_sc_hd__buf_4)
     6    0.12    0.25    0.25    2.84 ^ fanout276/X (sky130_fd_sc_hd__buf_4)
                                         net276 (net)
                  0.25    0.00    2.85 ^ fanout247/A (sky130_fd_sc_hd__buf_2)
     5    0.05    0.18    0.22    3.07 ^ fanout247/X (sky130_fd_sc_hd__buf_2)
                                         net247 (net)
                  0.18    0.01    3.07 ^ fanout246/A (sky130_fd_sc_hd__buf_2)
     6    0.05    0.19    0.22    3.29 ^ fanout246/X (sky130_fd_sc_hd__buf_2)
                                         net246 (net)
                  0.19    0.01    3.30 ^ fanout245/A (sky130_fd_sc_hd__clkbuf_4)
    10    0.05    0.13    0.20    3.50 ^ fanout245/X (sky130_fd_sc_hd__clkbuf_4)
                                         net245 (net)
                  0.13    0.01    3.50 ^ _18149_/RESET_B (sky130_fd_sc_hd__dfrtp_1)
                                  3.50   data arrival time

                  0.15   10.00   10.00   clock p_clock (rise edge)
                          0.00   10.00   clock network delay (ideal)
                         -0.25    9.75   clock uncertainty
                          0.00    9.75   clock reconvergence pessimism
                                  9.75 ^ _18149_/CLK (sky130_fd_sc_hd__dfrtp_1)
                          0.14    9.89   library recovery time
                                  9.89   data required time
-----------------------------------------------------------------------------
                                  9.89   data required time
                                 -3.50   data arrival time
-----------------------------------------------------------------------------
                                  6.39   slack (MET)


Startpoint: p_reset (input port clocked by p_clock)
Endpoint: _16075_ (rising edge-triggered flip-flop clocked by p_clock)
Path Group: p_clock
Path Type: max
Corner: Fastest

Fanout     Cap    Slew   Delay    Time   Description
-----------------------------------------------------------------------------
                  0.15    0.00    0.00   clock p_clock (rise edge)
                          0.00    0.00   clock network delay (ideal)
                          2.00    2.00 ^ input external delay
     1    0.00    0.01    0.01    2.01 ^ p_reset (in)
                                         p_reset (net)
                  0.01    0.00    2.01 ^ input11/A (sky130_fd_sc_hd__buf_1)
     1    0.01    0.11    0.10    2.11 ^ input11/X (sky130_fd_sc_hd__buf_1)
                                         net11 (net)
                  0.11    0.00    2.11 ^ fanout312/A (sky130_fd_sc_hd__buf_6)
     5    0.17    0.25    0.23    2.35 ^ fanout312/X (sky130_fd_sc_hd__buf_6)
                                         net312 (net)
                  0.25    0.02    2.37 ^ fanout237/A (sky130_fd_sc_hd__clkbuf_4)
     7    0.08    0.18    0.24    2.61 ^ fanout237/X (sky130_fd_sc_hd__clkbuf_4)
                                         net237 (net)
                  0.18    0.00    2.61 ^ fanout220/A (sky130_fd_sc_hd__buf_4)
     7    0.08    0.18    0.21    2.82 ^ fanout220/X (sky130_fd_sc_hd__buf_4)
                                         net220 (net)
                  0.18    0.00    2.82 ^ fanout211/A (sky130_fd_sc_hd__buf_4)
    10    0.07    0.15    0.18    3.00 ^ fanout211/X (sky130_fd_sc_hd__buf_4)
                                         net211 (net)
                  0.15    0.00    3.01 ^ fanout210/A (sky130_fd_sc_hd__buf_2)
     6    0.04    0.14    0.18    3.18 ^ fanout210/X (sky130_fd_sc_hd__buf_2)
                                         net210 (net)
                  0.14    0.00    3.19 ^ fanout208/A (sky130_fd_sc_hd__clkbuf_4)
    10    0.05    0.13    0.19    3.38 ^ fanout208/X (sky130_fd_sc_hd__clkbuf_4)
                                         net208 (net)
                  0.13    0.00    3.38 ^ _08469_/A (sky130_fd_sc_hd__inv_2)
     3    0.02    0.06    0.06    3.44 v _08469_/Y (sky130_fd_sc_hd__inv_2)
                                         _05208_ (net)
                  0.06    0.00    3.44 v _08470_/A (sky130_fd_sc_hd__or4b_1)
     1    0.00    0.05    0.31    3.75 v _08470_/X (sky130_fd_sc_hd__or4b_1)
                                         _05209_ (net)
                  0.05    0.00    3.75 v _08471_/D (sky130_fd_sc_hd__or4_2)
     4    0.02    0.11    0.38    4.13 v _08471_/X (sky130_fd_sc_hd__or4_2)
                                         _05210_ (net)
                  0.11    0.00    4.13 v _08472_/C (sky130_fd_sc_hd__or3_1)
     1    0.00    0.05    0.22    4.35 v _08472_/X (sky130_fd_sc_hd__or3_1)
                                         _05211_ (net)
                  0.05    0.00    4.35 v _08473_/A (sky130_fd_sc_hd__clkbuf_4)
     9    0.04    0.07    0.14    4.49 v _08473_/X (sky130_fd_sc_hd__clkbuf_4)
                                         _05212_ (net)
                  0.07    0.00    4.50 v _08505_/S (sky130_fd_sc_hd__mux2_1)
     1    0.01    0.05    0.22    4.72 v _08505_/X (sky130_fd_sc_hd__mux2_1)
                                         _05235_ (net)
                  0.05    0.00    4.72 v _08506_/A (sky130_fd_sc_hd__clkbuf_1)
     1    0.00    0.02    0.07    4.79 v _08506_/X (sky130_fd_sc_hd__clkbuf_1)
                                         _00140_ (net)
                  0.02    0.00    4.79 v _16075_/D (sky130_fd_sc_hd__dfxtp_1)
                                  4.79   data arrival time

                  0.15   10.00   10.00   clock p_clock (rise edge)
                          0.00   10.00   clock network delay (ideal)
                         -0.25    9.75   clock uncertainty
                          0.00    9.75   clock reconvergence pessimism
                                  9.75 ^ _16075_/CLK (sky130_fd_sc_hd__dfxtp_1)
                         -0.05    9.70   library setup time
                                  9.70   data required time
-----------------------------------------------------------------------------
                                  9.70   data required time
                                 -4.79   data arrival time
-----------------------------------------------------------------------------
                                  4.91   slack (MET)



======================= Slowest Corner ===================================

Startpoint: p_reset (input port clocked by p_clock)
Endpoint: _18166_ (recovery check against rising-edge clock p_clock)
Path Group: asynchronous
Path Type: max
Corner: Slowest

Fanout     Cap    Slew   Delay    Time   Description
-----------------------------------------------------------------------------
                  0.15    0.00    0.00   clock p_clock (rise edge)
                          0.00    0.00   clock network delay (ideal)
                          2.00    2.00 ^ input external delay
     1    0.00    0.03    0.01    2.01 ^ p_reset (in)
                                         p_reset (net)
                  0.03    0.00    2.01 ^ input11/A (sky130_fd_sc_hd__buf_1)
     1    0.01    0.23    0.26    2.27 ^ input11/X (sky130_fd_sc_hd__buf_1)
                                         net11 (net)
                  0.23    0.00    2.27 ^ fanout312/A (sky130_fd_sc_hd__buf_6)
     5    0.17    0.52    0.60    2.87 ^ fanout312/X (sky130_fd_sc_hd__buf_6)
                                         net312 (net)
                  0.52    0.02    2.89 ^ fanout311/A (sky130_fd_sc_hd__buf_4)
     5    0.10    0.46    0.69    3.58 ^ fanout311/X (sky130_fd_sc_hd__buf_4)
                                         net311 (net)
                  0.46    0.00    3.58 ^ fanout276/A (sky130_fd_sc_hd__buf_4)
     6    0.12    0.52    0.73    4.31 ^ fanout276/X (sky130_fd_sc_hd__buf_4)
                                         net276 (net)
                  0.53    0.00    4.31 ^ fanout247/A (sky130_fd_sc_hd__buf_2)
     5    0.05    0.38    0.64    4.95 ^ fanout247/X (sky130_fd_sc_hd__buf_2)
                                         net247 (net)
                  0.38    0.01    4.96 ^ fanout246/A (sky130_fd_sc_hd__buf_2)
     6    0.05    0.40    0.60    5.55 ^ fanout246/X (sky130_fd_sc_hd__buf_2)
                                         net246 (net)
                  0.40    0.00    5.56 ^ fanout243/A (sky130_fd_sc_hd__clkbuf_4)
    10    0.05    0.26    0.56    6.12 ^ fanout243/X (sky130_fd_sc_hd__clkbuf_4)
                                         net243 (net)
                  0.26    0.00    6.12 ^ _18166_/RESET_B (sky130_fd_sc_hd__dfrtp_1)
                                  6.12   data arrival time

                  0.15   10.00   10.00   clock p_clock (rise edge)
                          0.00   10.00   clock network delay (ideal)
                         -0.25    9.75   clock uncertainty
                          0.00    9.75   clock reconvergence pessimism
                                  9.75 ^ _18166_/CLK (sky130_fd_sc_hd__dfrtp_1)
                          0.42   10.17   library recovery time
                                 10.17   data required time
-----------------------------------------------------------------------------
                                 10.17   data required time
                                 -6.12   data arrival time
-----------------------------------------------------------------------------
                                  4.05   slack (MET)


Startpoint: p_reset (input port clocked by p_clock)
Endpoint: _16075_ (rising edge-triggered flip-flop clocked by p_clock)
Path Group: p_clock
Path Type: max
Corner: Slowest

Fanout     Cap    Slew   Delay    Time   Description
-----------------------------------------------------------------------------
                  0.15    0.00    0.00   clock p_clock (rise edge)
                          0.00    0.00   clock network delay (ideal)
                          2.00    2.00 ^ input external delay
     1    0.00    0.03    0.01    2.01 ^ p_reset (in)
                                         p_reset (net)
                  0.03    0.00    2.01 ^ input11/A (sky130_fd_sc_hd__buf_1)
     1    0.01    0.23    0.26    2.27 ^ input11/X (sky130_fd_sc_hd__buf_1)
                                         net11 (net)
                  0.23    0.00    2.27 ^ fanout312/A (sky130_fd_sc_hd__buf_6)
     5    0.17    0.52    0.60    2.87 ^ fanout312/X (sky130_fd_sc_hd__buf_6)
                                         net312 (net)
                  0.52    0.02    2.90 ^ fanout237/A (sky130_fd_sc_hd__clkbuf_4)
     7    0.08    0.36    0.69    3.58 ^ fanout237/X (sky130_fd_sc_hd__clkbuf_4)
                                         net237 (net)
                  0.36    0.00    3.58 ^ fanout220/A (sky130_fd_sc_hd__buf_4)
     7    0.08    0.37    0.58    4.16 ^ fanout220/X (sky130_fd_sc_hd__buf_4)
                                         net220 (net)
                  0.37    0.00    4.17 ^ fanout211/A (sky130_fd_sc_hd__buf_4)
    10    0.07    0.30    0.53    4.69 ^ fanout211/X (sky130_fd_sc_hd__buf_4)
                                         net211 (net)
                  0.30    0.00    4.70 ^ fanout210/A (sky130_fd_sc_hd__buf_2)
     6    0.04    0.28    0.48    5.17 ^ fanout210/X (sky130_fd_sc_hd__buf_2)
                                         net210 (net)
                  0.28    0.00    5.17 ^ fanout208/A (sky130_fd_sc_hd__clkbuf_4)
    10    0.05    0.25    0.50    5.67 ^ fanout208/X (sky130_fd_sc_hd__clkbuf_4)
                                         net208 (net)
                  0.25    0.00    5.68 ^ _08469_/A (sky130_fd_sc_hd__inv_2)
     3    0.02    0.12    0.21    5.89 v _08469_/Y (sky130_fd_sc_hd__inv_2)
                                         _05208_ (net)
                  0.12    0.00    5.89 v _08470_/A (sky130_fd_sc_hd__or4b_1)
     1    0.00    0.17    1.25    7.14 v _08470_/X (sky130_fd_sc_hd__or4b_1)
                                         _05209_ (net)
                  0.17    0.00    7.14 v _08471_/D (sky130_fd_sc_hd__or4_2)
     4    0.02    0.35    1.64    8.78 v _08471_/X (sky130_fd_sc_hd__or4_2)
                                         _05210_ (net)
                  0.35    0.00    8.79 v _08472_/C (sky130_fd_sc_hd__or3_1)
     1    0.00    0.16    0.89    9.68 v _08472_/X (sky130_fd_sc_hd__or3_1)
                                         _05211_ (net)
                  0.16    0.00    9.68 v _08473_/A (sky130_fd_sc_hd__clkbuf_4)
     9    0.04    0.15    0.40   10.07 v _08473_/X (sky130_fd_sc_hd__clkbuf_4)
                                         _05212_ (net)
                  0.15    0.00   10.08 v _08505_/S (sky130_fd_sc_hd__mux2_1)
     1    0.01    0.15    0.81   10.89 v _08505_/X (sky130_fd_sc_hd__mux2_1)
                                         _05235_ (net)
                  0.15    0.00   10.89 v _08506_/A (sky130_fd_sc_hd__clkbuf_1)
     1    0.00    0.06    0.21   11.10 v _08506_/X (sky130_fd_sc_hd__clkbuf_1)
                                         _00140_ (net)
                  0.06    0.00   11.10 v _16075_/D (sky130_fd_sc_hd__dfxtp_1)
                                 11.10   data arrival time

                  0.15   10.00   10.00   clock p_clock (rise edge)
                          0.00   10.00   clock network delay (ideal)
                         -0.25    9.75   clock uncertainty
                          0.00    9.75   clock reconvergence pessimism
                                  9.75 ^ _16075_/CLK (sky130_fd_sc_hd__dfxtp_1)
                         -0.24    9.51   library setup time
                                  9.51   data required time
-----------------------------------------------------------------------------
                                  9.51   data required time
                                -11.10   data arrival time
-----------------------------------------------------------------------------
                                 -1.60   slack (VIOLATED)



======================= Typical Corner ===================================

Startpoint: p_reset (input port clocked by p_clock)
Endpoint: _18149_ (recovery check against rising-edge clock p_clock)
Path Group: asynchronous
Path Type: max
Corner: Typical

Fanout     Cap    Slew   Delay    Time   Description
-----------------------------------------------------------------------------
                  0.15    0.00    0.00   clock p_clock (rise edge)
                          0.00    0.00   clock network delay (ideal)
                          2.00    2.00 ^ input external delay
     1    0.00    0.02    0.01    2.01 ^ p_reset (in)
                                         p_reset (net)
                  0.02    0.00    2.01 ^ input11/A (sky130_fd_sc_hd__buf_1)
     1    0.01    0.14    0.15    2.16 ^ input11/X (sky130_fd_sc_hd__buf_1)
                                         net11 (net)
                  0.14    0.00    2.16 ^ fanout312/A (sky130_fd_sc_hd__buf_6)
     5    0.17    0.33    0.34    2.50 ^ fanout312/X (sky130_fd_sc_hd__buf_6)
                                         net312 (net)
                  0.33    0.02    2.51 ^ fanout311/A (sky130_fd_sc_hd__buf_4)
     5    0.10    0.29    0.36    2.88 ^ fanout311/X (sky130_fd_sc_hd__buf_4)
                                         net311 (net)
                  0.29    0.00    2.88 ^ fanout276/A (sky130_fd_sc_hd__buf_4)
     6    0.12    0.33    0.40    3.27 ^ fanout276/X (sky130_fd_sc_hd__buf_4)
                                         net276 (net)
                  0.33    0.00    3.28 ^ fanout247/A (sky130_fd_sc_hd__buf_2)
     5    0.05    0.24    0.34    3.62 ^ fanout247/X (sky130_fd_sc_hd__buf_2)
                                         net247 (net)
                  0.24    0.01    3.62 ^ fanout246/A (sky130_fd_sc_hd__buf_2)
     6    0.05    0.26    0.33    3.96 ^ fanout246/X (sky130_fd_sc_hd__buf_2)
                                         net246 (net)
                  0.26    0.01    3.96 ^ fanout245/A (sky130_fd_sc_hd__clkbuf_4)
    10    0.05    0.17    0.31    4.28 ^ fanout245/X (sky130_fd_sc_hd__clkbuf_4)
                                         net245 (net)
                  0.17    0.01    4.28 ^ _18149_/RESET_B (sky130_fd_sc_hd__dfrtp_1)
                                  4.28   data arrival time

                  0.15   10.00   10.00   clock p_clock (rise edge)
                          0.00   10.00   clock network delay (ideal)
                         -0.25    9.75   clock uncertainty
                          0.00    9.75   clock reconvergence pessimism
                                  9.75 ^ _18149_/CLK (sky130_fd_sc_hd__dfrtp_1)
                          0.23    9.98   library recovery time
                                  9.98   data required time
-----------------------------------------------------------------------------
                                  9.98   data required time
                                 -4.28   data arrival time
-----------------------------------------------------------------------------
                                  5.70   slack (MET)


Startpoint: p_reset (input port clocked by p_clock)
Endpoint: _16075_ (rising edge-triggered flip-flop clocked by p_clock)
Path Group: p_clock
Path Type: max
Corner: Typical

Fanout     Cap    Slew   Delay    Time   Description
-----------------------------------------------------------------------------
                  0.15    0.00    0.00   clock p_clock (rise edge)
                          0.00    0.00   clock network delay (ideal)
                          2.00    2.00 ^ input external delay
     1    0.00    0.02    0.01    2.01 ^ p_reset (in)
                                         p_reset (net)
                  0.02    0.00    2.01 ^ input11/A (sky130_fd_sc_hd__buf_1)
     1    0.01    0.14    0.15    2.16 ^ input11/X (sky130_fd_sc_hd__buf_1)
                                         net11 (net)
                  0.14    0.00    2.16 ^ fanout312/A (sky130_fd_sc_hd__buf_6)
     5    0.17    0.33    0.34    2.50 ^ fanout312/X (sky130_fd_sc_hd__buf_6)
                                         net312 (net)
                  0.33    0.02    2.52 ^ fanout237/A (sky130_fd_sc_hd__clkbuf_4)
     7    0.08    0.23    0.37    2.89 ^ fanout237/X (sky130_fd_sc_hd__clkbuf_4)
                                         net237 (net)
                  0.23    0.00    2.89 ^ fanout220/A (sky130_fd_sc_hd__buf_4)
     7    0.08    0.23    0.32    3.21 ^ fanout220/X (sky130_fd_sc_hd__buf_4)
                                         net220 (net)
                  0.23    0.00    3.22 ^ fanout211/A (sky130_fd_sc_hd__buf_4)
    10    0.07    0.19    0.29    3.50 ^ fanout211/X (sky130_fd_sc_hd__buf_4)
                                         net211 (net)
                  0.19    0.00    3.51 ^ fanout210/A (sky130_fd_sc_hd__buf_2)
     6    0.04    0.18    0.27    3.77 ^ fanout210/X (sky130_fd_sc_hd__buf_2)
                                         net210 (net)
                  0.18    0.00    3.77 ^ fanout208/A (sky130_fd_sc_hd__clkbuf_4)
    10    0.05    0.17    0.29    4.06 ^ fanout208/X (sky130_fd_sc_hd__clkbuf_4)
                                         net208 (net)
                  0.17    0.00    4.07 ^ _08469_/A (sky130_fd_sc_hd__inv_2)
     3    0.02    0.07    0.10    4.17 v _08469_/Y (sky130_fd_sc_hd__inv_2)
                                         _05208_ (net)
                  0.07    0.00    4.17 v _08470_/A (sky130_fd_sc_hd__or4b_1)
     1    0.00    0.08    0.53    4.70 v _08470_/X (sky130_fd_sc_hd__or4b_1)
                                         _05209_ (net)
                  0.08    0.00    4.70 v _08471_/D (sky130_fd_sc_hd__or4_2)
     4    0.02    0.17    0.68    5.39 v _08471_/X (sky130_fd_sc_hd__or4_2)
                                         _05210_ (net)
                  0.17    0.00    5.39 v _08472_/C (sky130_fd_sc_hd__or3_1)
     1    0.00    0.07    0.38    5.77 v _08472_/X (sky130_fd_sc_hd__or3_1)
                                         _05211_ (net)
                  0.07    0.00    5.77 v _08473_/A (sky130_fd_sc_hd__clkbuf_4)
     9    0.04    0.09    0.21    5.98 v _08473_/X (sky130_fd_sc_hd__clkbuf_4)
                                         _05212_ (net)
                  0.09    0.00    5.98 v _08505_/S (sky130_fd_sc_hd__mux2_1)
     1    0.01    0.07    0.36    6.35 v _08505_/X (sky130_fd_sc_hd__mux2_1)
                                         _05235_ (net)
                  0.07    0.00    6.35 v _08506_/A (sky130_fd_sc_hd__clkbuf_1)
     1    0.00    0.03    0.11    6.46 v _08506_/X (sky130_fd_sc_hd__clkbuf_1)
                                         _00140_ (net)
                  0.03    0.00    6.46 v _16075_/D (sky130_fd_sc_hd__dfxtp_1)
                                  6.46   data arrival time

                  0.15   10.00   10.00   clock p_clock (rise edge)
                          0.00   10.00   clock network delay (ideal)
                         -0.25    9.75   clock uncertainty
                          0.00    9.75   clock reconvergence pessimism
                                  9.75 ^ _16075_/CLK (sky130_fd_sc_hd__dfxtp_1)
                         -0.08    9.67   library setup time
                                  9.67   data required time
-----------------------------------------------------------------------------
                                  9.67   data required time
                                 -6.46   data arrival time
-----------------------------------------------------------------------------
                                  3.21   slack (MET)




===========================================================================
report_checks --slack_max -0.01
============================================================================
======================= Fastest Corner ===================================

No paths found.

======================= Slowest Corner ===================================

Startpoint: p_reset (input port clocked by p_clock)
Endpoint: _16075_ (rising edge-triggered flip-flop clocked by p_clock)
Path Group: p_clock
Path Type: max
Corner: Slowest

Fanout     Cap    Slew   Delay    Time   Description
-----------------------------------------------------------------------------
                  0.15    0.00    0.00   clock p_clock (rise edge)
                          0.00    0.00   clock network delay (ideal)
                          2.00    2.00 ^ input external delay
     1    0.00    0.03    0.01    2.01 ^ p_reset (in)
                                         p_reset (net)
                  0.03    0.00    2.01 ^ input11/A (sky130_fd_sc_hd__buf_1)
     1    0.01    0.23    0.26    2.27 ^ input11/X (sky130_fd_sc_hd__buf_1)
                                         net11 (net)
                  0.23    0.00    2.27 ^ fanout312/A (sky130_fd_sc_hd__buf_6)
     5    0.17    0.52    0.60    2.87 ^ fanout312/X (sky130_fd_sc_hd__buf_6)
                                         net312 (net)
                  0.52    0.02    2.90 ^ fanout237/A (sky130_fd_sc_hd__clkbuf_4)
     7    0.08    0.36    0.69    3.58 ^ fanout237/X (sky130_fd_sc_hd__clkbuf_4)
                                         net237 (net)
                  0.36    0.00    3.58 ^ fanout220/A (sky130_fd_sc_hd__buf_4)
     7    0.08    0.37    0.58    4.16 ^ fanout220/X (sky130_fd_sc_hd__buf_4)
                                         net220 (net)
                  0.37    0.00    4.17 ^ fanout211/A (sky130_fd_sc_hd__buf_4)
    10    0.07    0.30    0.53    4.69 ^ fanout211/X (sky130_fd_sc_hd__buf_4)
                                         net211 (net)
                  0.30    0.00    4.70 ^ fanout210/A (sky130_fd_sc_hd__buf_2)
     6    0.04    0.28    0.48    5.17 ^ fanout210/X (sky130_fd_sc_hd__buf_2)
                                         net210 (net)
                  0.28    0.00    5.17 ^ fanout208/A (sky130_fd_sc_hd__clkbuf_4)
    10    0.05    0.25    0.50    5.67 ^ fanout208/X (sky130_fd_sc_hd__clkbuf_4)
                                         net208 (net)
                  0.25    0.00    5.68 ^ _08469_/A (sky130_fd_sc_hd__inv_2)
     3    0.02    0.12    0.21    5.89 v _08469_/Y (sky130_fd_sc_hd__inv_2)
                                         _05208_ (net)
                  0.12    0.00    5.89 v _08470_/A (sky130_fd_sc_hd__or4b_1)
     1    0.00    0.17    1.25    7.14 v _08470_/X (sky130_fd_sc_hd__or4b_1)
                                         _05209_ (net)
                  0.17    0.00    7.14 v _08471_/D (sky130_fd_sc_hd__or4_2)
     4    0.02    0.35    1.64    8.78 v _08471_/X (sky130_fd_sc_hd__or4_2)
                                         _05210_ (net)
                  0.35    0.00    8.79 v _08472_/C (sky130_fd_sc_hd__or3_1)
     1    0.00    0.16    0.89    9.68 v _08472_/X (sky130_fd_sc_hd__or3_1)
                                         _05211_ (net)
                  0.16    0.00    9.68 v _08473_/A (sky130_fd_sc_hd__clkbuf_4)
     9    0.04    0.15    0.40   10.07 v _08473_/X (sky130_fd_sc_hd__clkbuf_4)
                                         _05212_ (net)
                  0.15    0.00   10.08 v _08505_/S (sky130_fd_sc_hd__mux2_1)
     1    0.01    0.15    0.81   10.89 v _08505_/X (sky130_fd_sc_hd__mux2_1)
                                         _05235_ (net)
                  0.15    0.00   10.89 v _08506_/A (sky130_fd_sc_hd__clkbuf_1)
     1    0.00    0.06    0.21   11.10 v _08506_/X (sky130_fd_sc_hd__clkbuf_1)
                                         _00140_ (net)
                  0.06    0.00   11.10 v _16075_/D (sky130_fd_sc_hd__dfxtp_1)
                                 11.10   data arrival time

                  0.15   10.00   10.00   clock p_clock (rise edge)
                          0.00   10.00   clock network delay (ideal)
                         -0.25    9.75   clock uncertainty
                          0.00    9.75   clock reconvergence pessimism
                                  9.75 ^ _16075_/CLK (sky130_fd_sc_hd__dfxtp_1)
                         -0.24    9.51   library setup time
                                  9.51   data required time
-----------------------------------------------------------------------------
                                  9.51   data required time
                                -11.10   data arrival time
-----------------------------------------------------------------------------
                                 -1.60   slack (VIOLATED)



======================= Typical Corner ===================================

No paths found.


===========================================================================
 report_check_types -max_slew -max_cap -max_fanout -violators
============================================================================
======================= Fastest Corner ===================================

max fanout

Pin                                   Limit Fanout  Slack
---------------------------------------------------------
_09179_/X                                10     26    -16 (VIOLATED)
_11730_/X                                10     25    -15 (VIOLATED)
_13933_/X                                10     23    -13 (VIOLATED)
_13947_/X                                10     21    -11 (VIOLATED)
_08648_/X                                10     20    -10 (VIOLATED)
_08656_/X                                10     18     -8 (VIOLATED)
_10388_/X                                10     16     -6 (VIOLATED)
_13975_/X                                10     16     -6 (VIOLATED)
_14179_/X                                10     16     -6 (VIOLATED)
_14183_/X                                10     16     -6 (VIOLATED)
_08652_/X                                10     15     -5 (VIOLATED)
_10359_/X                                10     15     -5 (VIOLATED)
_13972_/X                                10     15     -5 (VIOLATED)
_14001_/X                                10     15     -5 (VIOLATED)
_14075_/X                                10     15     -5 (VIOLATED)
_08668_/X                                10     14     -4 (VIOLATED)
_09988_/X                                10     14     -4 (VIOLATED)
_14073_/X                                10     14     -4 (VIOLATED)
_14147_/X                                10     14     -4 (VIOLATED)
_14192_/X                                10     14     -4 (VIOLATED)
_14218_/X                                10     14     -4 (VIOLATED)
_14367_/X                                10     14     -4 (VIOLATED)
_14394_/X                                10     14     -4 (VIOLATED)
_14719_/X                                10     14     -4 (VIOLATED)
_14748_/X                                10     14     -4 (VIOLATED)
_14793_/X                                10     14     -4 (VIOLATED)
_08644_/X                                10     13     -3 (VIOLATED)
_08660_/X                                10     13     -3 (VIOLATED)
_08989_/X                                10     13     -3 (VIOLATED)
_08990_/X                                10     13     -3 (VIOLATED)
_09054_/X                                10     13     -3 (VIOLATED)
_10376_/X                                10     13     -3 (VIOLATED)
_10556_/X                                10     13     -3 (VIOLATED)
_12081_/X                                10     13     -3 (VIOLATED)
_13934_/X                                10     13     -3 (VIOLATED)
_13956_/X                                10     13     -3 (VIOLATED)
_13995_/X                                10     13     -3 (VIOLATED)
_14007_/X                                10     13     -3 (VIOLATED)
_14049_/X                                10     13     -3 (VIOLATED)
_14062_/X                                10     13     -3 (VIOLATED)
_14085_/X                                10     13     -3 (VIOLATED)
_14120_/X                                10     13     -3 (VIOLATED)
_14208_/X                                10     13     -3 (VIOLATED)
_14214_/X                                10     13     -3 (VIOLATED)
_14219_/X                                10     13     -3 (VIOLATED)
_14238_/X                                10     13     -3 (VIOLATED)
_14248_/X                                10     13     -3 (VIOLATED)
_15116_/X                                10     13     -3 (VIOLATED)
_09009_/X                                10     12     -2 (VIOLATED)
_09045_/X                                10     12     -2 (VIOLATED)
_10364_/X                                10     12     -2 (VIOLATED)
_10990_/X                                10     12     -2 (VIOLATED)
_12069_/X                                10     12     -2 (VIOLATED)
_13957_/X                                10     12     -2 (VIOLATED)
_13974_/X                                10     12     -2 (VIOLATED)
_13979_/X                                10     12     -2 (VIOLATED)
_14002_/X                                10     12     -2 (VIOLATED)
_14004_/X                                10     12     -2 (VIOLATED)
_14028_/X                                10     12     -2 (VIOLATED)
_14039_/X                                10     12     -2 (VIOLATED)
_14041_/X                                10     12     -2 (VIOLATED)
_14063_/X                                10     12     -2 (VIOLATED)
_14068_/X                                10     12     -2 (VIOLATED)
_14071_/X                                10     12     -2 (VIOLATED)
_14077_/X                                10     12     -2 (VIOLATED)
_14083_/X                                10     12     -2 (VIOLATED)
_14091_/X                                10     12     -2 (VIOLATED)
_14097_/X                                10     12     -2 (VIOLATED)
_14112_/X                                10     12     -2 (VIOLATED)
_14123_/X                                10     12     -2 (VIOLATED)
_14154_/X                                10     12     -2 (VIOLATED)
_14155_/X                                10     12     -2 (VIOLATED)
_14157_/X                                10     12     -2 (VIOLATED)
_14159_/X                                10     12     -2 (VIOLATED)
_14177_/X                                10     12     -2 (VIOLATED)
_14188_/X                                10     12     -2 (VIOLATED)
_14231_/X                                10     12     -2 (VIOLATED)
_14232_/X                                10     12     -2 (VIOLATED)
_14236_/X                                10     12     -2 (VIOLATED)
_14262_/X                                10     12     -2 (VIOLATED)
_14297_/X                                10     12     -2 (VIOLATED)
_14312_/X                                10     12     -2 (VIOLATED)
_14337_/X                                10     12     -2 (VIOLATED)
_14456_/X                                10     12     -2 (VIOLATED)
_14468_/X                                10     12     -2 (VIOLATED)
_14483_/X                                10     12     -2 (VIOLATED)
_14487_/X                                10     12     -2 (VIOLATED)
_14563_/X                                10     12     -2 (VIOLATED)
_14711_/X                                10     12     -2 (VIOLATED)
_14762_/X                                10     12     -2 (VIOLATED)
_08620_/X                                10     11        (VIOLATED)
_08640_/X                                10     11        (VIOLATED)
_08945_/X                                10     11        (VIOLATED)
_09030_/X                                10     11        (VIOLATED)
_09031_/X                                10     11        (VIOLATED)
_09119_/X                                10     11        (VIOLATED)
_09184_/X                                10     11        (VIOLATED)
_09188_/X                                10     11        (VIOLATED)
_09196_/X                                10     11        (VIOLATED)
_09288_/X                                10     11        (VIOLATED)
_09330_/X                                10     11        (VIOLATED)
_09606_/X                                10     11        (VIOLATED)
_09739_/X                                10     11        (VIOLATED)
_09940_/X                                10     11        (VIOLATED)
_10368_/X                                10     11        (VIOLATED)
_10380_/X                                10     11        (VIOLATED)
_10384_/X                                10     11        (VIOLATED)
_11273_/X                                10     11        (VIOLATED)
_11404_/X                                10     11        (VIOLATED)
_11964_/X                                10     11        (VIOLATED)
_12658_/X                                10     11        (VIOLATED)
_12672_/X                                10     11        (VIOLATED)
_13291_/X                                10     11        (VIOLATED)
_13932_/X                                10     11        (VIOLATED)
_13939_/X                                10     11        (VIOLATED)
_13944_/X                                10     11        (VIOLATED)
_13949_/X                                10     11        (VIOLATED)
_13952_/X                                10     11        (VIOLATED)
_13962_/X                                10     11        (VIOLATED)
_13964_/X                                10     11        (VIOLATED)
_13970_/X                                10     11        (VIOLATED)
_13982_/X                                10     11        (VIOLATED)
_13983_/X                                10     11        (VIOLATED)
_13984_/X                                10     11        (VIOLATED)
_14012_/X                                10     11        (VIOLATED)
_14016_/X                                10     11        (VIOLATED)
_14019_/X                                10     11        (VIOLATED)
_14027_/X                                10     11        (VIOLATED)
_14043_/X                                10     11        (VIOLATED)
_14059_/X                                10     11        (VIOLATED)
_14067_/X                                10     11        (VIOLATED)
_14072_/X                                10     11        (VIOLATED)
_14081_/X                                10     11        (VIOLATED)
_14086_/X                                10     11        (VIOLATED)
_14089_/X                                10     11        (VIOLATED)
_14090_/X                                10     11        (VIOLATED)
_14094_/X                                10     11        (VIOLATED)
_14096_/X                                10     11        (VIOLATED)
_14098_/X                                10     11        (VIOLATED)
_14099_/X                                10     11        (VIOLATED)
_14113_/X                                10     11        (VIOLATED)
_14118_/X                                10     11        (VIOLATED)
_14140_/X                                10     11        (VIOLATED)
_14142_/X                                10     11        (VIOLATED)
_14144_/X                                10     11        (VIOLATED)
_14148_/X                                10     11        (VIOLATED)
_14149_/X                                10     11        (VIOLATED)
_14158_/X                                10     11        (VIOLATED)
_14165_/X                                10     11        (VIOLATED)
_14180_/X                                10     11        (VIOLATED)
_14189_/X                                10     11        (VIOLATED)
_14194_/X                                10     11        (VIOLATED)
_14209_/X                                10     11        (VIOLATED)
_14213_/X                                10     11        (VIOLATED)
_14221_/X                                10     11        (VIOLATED)
_14224_/X                                10     11        (VIOLATED)
_14227_/X                                10     11        (VIOLATED)
_14263_/X                                10     11        (VIOLATED)
_14265_/X                                10     11        (VIOLATED)
_14290_/X                                10     11        (VIOLATED)
_14293_/X                                10     11        (VIOLATED)
_14294_/X                                10     11        (VIOLATED)
_14296_/X                                10     11        (VIOLATED)
_14308_/X                                10     11        (VIOLATED)
_14317_/X                                10     11        (VIOLATED)
_14321_/X                                10     11        (VIOLATED)
_14348_/X                                10     11        (VIOLATED)
_14361_/X                                10     11        (VIOLATED)
_14365_/X                                10     11        (VIOLATED)
_14368_/X                                10     11        (VIOLATED)
_14383_/X                                10     11        (VIOLATED)
_14386_/X                                10     11        (VIOLATED)
_14387_/X                                10     11        (VIOLATED)
_14388_/X                                10     11        (VIOLATED)
_14402_/X                                10     11        (VIOLATED)
_14480_/X                                10     11        (VIOLATED)
_14649_/X                                10     11        (VIOLATED)
_14650_/X                                10     11        (VIOLATED)
_14681_/X                                10     11        (VIOLATED)
_14733_/X                                10     11        (VIOLATED)
_14747_/X                                10     11        (VIOLATED)
_18406_/Q                                10     11        (VIOLATED)


max slew violations count Fastest: 0
max fanout violations count Fastest: 182
max cap violations count Fastest: 0
======================= Slowest Corner ===================================

max slew

Pin                                    Limit    Slew   Slack
------------------------------------------------------------
_15639_/C1                              0.75    0.96   -0.21 (VIOLATED)
_13978_/A                               0.75    0.96   -0.21 (VIOLATED)
_14419_/A                               0.75    0.96   -0.21 (VIOLATED)
_14996_/C1                              0.75    0.96   -0.21 (VIOLATED)
_15151_/C1                              0.75    0.96   -0.21 (VIOLATED)
_13955_/A                               0.75    0.96   -0.21 (VIOLATED)
_14046_/A                               0.75    0.96   -0.21 (VIOLATED)
_08557_/C                               0.75    0.96   -0.21 (VIOLATED)
_14177_/A                               0.75    0.96   -0.21 (VIOLATED)
_18407_/Q                               0.75    0.96   -0.21 (VIOLATED)
_14410_/C1                              0.75    0.92   -0.17 (VIOLATED)
_14747_/A                               0.75    0.92   -0.17 (VIOLATED)
_15762_/C1                              0.75    0.92   -0.17 (VIOLATED)
_14006_/A                               0.75    0.92   -0.17 (VIOLATED)
_15757_/S                               0.75    0.92   -0.17 (VIOLATED)
_15752_/S                               0.75    0.92   -0.17 (VIOLATED)
_14000_/A                               0.75    0.92   -0.17 (VIOLATED)
_15192_/C1                              0.75    0.92   -0.17 (VIOLATED)
_08557_/D                               0.75    0.92   -0.17 (VIOLATED)
_18408_/Q                               0.75    0.92   -0.17 (VIOLATED)
_08603_/A0                              0.75    0.90   -0.15 (VIOLATED)
_08600_/Y                               0.75    0.90   -0.15 (VIOLATED)
_11255_/S                               0.75    0.89   -0.14 (VIOLATED)
_11253_/S                               0.75    0.89   -0.14 (VIOLATED)
_11257_/S                               0.75    0.89   -0.14 (VIOLATED)
_11265_/S                               0.75    0.89   -0.14 (VIOLATED)
_11261_/S                               0.75    0.89   -0.14 (VIOLATED)
_11263_/S                               0.75    0.89   -0.14 (VIOLATED)
_11259_/S                               0.75    0.89   -0.14 (VIOLATED)
_11267_/S                               0.75    0.89   -0.14 (VIOLATED)
_11252_/Y                               0.75    0.89   -0.14 (VIOLATED)
SDA                                     0.75    0.89   -0.14 (VIOLATED)
_11794_/S                               0.75    0.88   -0.13 (VIOLATED)
_11800_/S                               0.75    0.88   -0.13 (VIOLATED)
_11786_/S                               0.75    0.88   -0.13 (VIOLATED)
_11792_/S                               0.75    0.88   -0.13 (VIOLATED)
_11798_/S                               0.75    0.88   -0.13 (VIOLATED)
_11788_/S                               0.75    0.88   -0.13 (VIOLATED)
_11796_/S                               0.75    0.88   -0.13 (VIOLATED)
_11790_/S                               0.75    0.88   -0.13 (VIOLATED)
_11785_/Y                               0.75    0.88   -0.13 (VIOLATED)
_14495_/B1                              0.75    0.86   -0.11 (VIOLATED)
_14494_/Y                               0.75    0.86   -0.11 (VIOLATED)
_13135_/S                               0.75    0.86   -0.11 (VIOLATED)
_13129_/S                               0.75    0.86   -0.11 (VIOLATED)
_13137_/S                               0.75    0.86   -0.11 (VIOLATED)
_13133_/S                               0.75    0.86   -0.11 (VIOLATED)
_13143_/S                               0.75    0.86   -0.11 (VIOLATED)
_13139_/S                               0.75    0.86   -0.11 (VIOLATED)
_13141_/S                               0.75    0.86   -0.11 (VIOLATED)
_13131_/S                               0.75    0.86   -0.11 (VIOLATED)
_13128_/Y                               0.75    0.86   -0.11 (VIOLATED)
_13238_/S                               0.75    0.84   -0.09 (VIOLATED)
_13242_/S                               0.75    0.84   -0.09 (VIOLATED)
_13244_/S                               0.75    0.84   -0.09 (VIOLATED)
_13240_/S                               0.75    0.84   -0.09 (VIOLATED)
_13246_/S                               0.75    0.84   -0.09 (VIOLATED)
_13236_/S                               0.75    0.84   -0.09 (VIOLATED)
_13250_/S                               0.75    0.84   -0.09 (VIOLATED)
_13248_/S                               0.75    0.84   -0.09 (VIOLATED)
_13235_/Y                               0.75    0.84   -0.09 (VIOLATED)
_13275_/S                               0.75    0.84   -0.09 (VIOLATED)
_13273_/S                               0.75    0.84   -0.09 (VIOLATED)
_13279_/S                               0.75    0.84   -0.09 (VIOLATED)
_13277_/S                               0.75    0.84   -0.09 (VIOLATED)
_13271_/S                               0.75    0.84   -0.09 (VIOLATED)
_13281_/S                               0.75    0.84   -0.09 (VIOLATED)
_13285_/S                               0.75    0.84   -0.09 (VIOLATED)
_13283_/S                               0.75    0.84   -0.09 (VIOLATED)
_13270_/Y                               0.75    0.84   -0.09 (VIOLATED)
_09518_/S                               0.75    0.83   -0.08 (VIOLATED)
_09514_/S                               0.75    0.83   -0.08 (VIOLATED)
_09524_/S                               0.75    0.83   -0.08 (VIOLATED)
_09516_/S                               0.75    0.83   -0.08 (VIOLATED)
_09512_/S                               0.75    0.83   -0.08 (VIOLATED)
_09510_/S                               0.75    0.83   -0.08 (VIOLATED)
_09520_/S                               0.75    0.83   -0.08 (VIOLATED)
_09522_/S                               0.75    0.83   -0.08 (VIOLATED)
_09509_/Y                               0.75    0.83   -0.08 (VIOLATED)
_13257_/S                               0.75    0.82   -0.07 (VIOLATED)
_13255_/S                               0.75    0.82   -0.07 (VIOLATED)
_13261_/S                               0.75    0.82   -0.07 (VIOLATED)
_13259_/S                               0.75    0.82   -0.07 (VIOLATED)
_13263_/S                               0.75    0.82   -0.07 (VIOLATED)
_13253_/S                               0.75    0.82   -0.07 (VIOLATED)
_13267_/S                               0.75    0.82   -0.07 (VIOLATED)
_13265_/S                               0.75    0.82   -0.07 (VIOLATED)
_13252_/Y                               0.75    0.82   -0.07 (VIOLATED)
_09456_/S                               0.75    0.82   -0.07 (VIOLATED)
_09458_/S                               0.75    0.82   -0.07 (VIOLATED)
_09460_/S                               0.75    0.82   -0.07 (VIOLATED)
_09470_/S                               0.75    0.82   -0.07 (VIOLATED)
_09464_/S                               0.75    0.82   -0.07 (VIOLATED)
_09462_/S                               0.75    0.82   -0.07 (VIOLATED)
_09468_/S                               0.75    0.82   -0.07 (VIOLATED)
_09466_/S                               0.75    0.82   -0.07 (VIOLATED)
_09455_/Y                               0.75    0.82   -0.07 (VIOLATED)
_13292_/S                               0.75    0.81   -0.06 (VIOLATED)
_13298_/S                               0.75    0.81   -0.06 (VIOLATED)
_13301_/S                               0.75    0.81   -0.06 (VIOLATED)
_13295_/S                               0.75    0.81   -0.06 (VIOLATED)
_13304_/S                               0.75    0.81   -0.06 (VIOLATED)
_13289_/S                               0.75    0.81   -0.06 (VIOLATED)
_13307_/S                               0.75    0.81   -0.06 (VIOLATED)
_13310_/S                               0.75    0.81   -0.06 (VIOLATED)
_13288_/Y                               0.75    0.81   -0.06 (VIOLATED)
_10066_/S                               0.75    0.81   -0.06 (VIOLATED)
_10068_/S                               0.75    0.81   -0.06 (VIOLATED)
_10078_/S                               0.75    0.81   -0.06 (VIOLATED)
_10074_/S                               0.75    0.81   -0.06 (VIOLATED)
_10070_/S                               0.75    0.81   -0.06 (VIOLATED)
_10076_/S                               0.75    0.81   -0.06 (VIOLATED)
_10072_/S                               0.75    0.81   -0.06 (VIOLATED)
_10064_/S                               0.75    0.81   -0.06 (VIOLATED)
_10063_/Y                               0.75    0.81   -0.06 (VIOLATED)
_12401_/S                               0.75    0.81   -0.06 (VIOLATED)
_12399_/S                               0.75    0.81   -0.06 (VIOLATED)
_12405_/S                               0.75    0.81   -0.06 (VIOLATED)
_12397_/S                               0.75    0.81   -0.06 (VIOLATED)
_12407_/S                               0.75    0.81   -0.06 (VIOLATED)
_12403_/S                               0.75    0.81   -0.06 (VIOLATED)
_12411_/S                               0.75    0.81   -0.06 (VIOLATED)
_12409_/S                               0.75    0.81   -0.06 (VIOLATED)
_12396_/Y                               0.75    0.81   -0.06 (VIOLATED)
_12835_/S                               0.75    0.80   -0.05 (VIOLATED)
_12833_/S                               0.75    0.80   -0.05 (VIOLATED)
_12831_/S                               0.75    0.80   -0.05 (VIOLATED)
_12827_/S                               0.75    0.80   -0.05 (VIOLATED)
_12841_/S                               0.75    0.80   -0.05 (VIOLATED)
_12829_/S                               0.75    0.80   -0.05 (VIOLATED)
_12839_/S                               0.75    0.80   -0.05 (VIOLATED)
_12837_/S                               0.75    0.80   -0.05 (VIOLATED)
_12826_/Y                               0.75    0.80   -0.05 (VIOLATED)
_12382_/S                               0.75    0.80   -0.05 (VIOLATED)
_12384_/S                               0.75    0.80   -0.05 (VIOLATED)
_12386_/S                               0.75    0.80   -0.05 (VIOLATED)
_12388_/S                               0.75    0.80   -0.05 (VIOLATED)
_12380_/S                               0.75    0.80   -0.05 (VIOLATED)
_13355_/S                               0.75    0.80   -0.05 (VIOLATED)
_12390_/S                               0.75    0.80   -0.05 (VIOLATED)
_13353_/S                               0.75    0.80   -0.05 (VIOLATED)
_13357_/S                               0.75    0.80   -0.05 (VIOLATED)
_12394_/S                               0.75    0.80   -0.05 (VIOLATED)
_13363_/S                               0.75    0.80   -0.05 (VIOLATED)
_13365_/S                               0.75    0.80   -0.05 (VIOLATED)
_12392_/S                               0.75    0.80   -0.05 (VIOLATED)
_12379_/Y                               0.75    0.80   -0.05 (VIOLATED)
_13359_/S                               0.75    0.80   -0.05 (VIOLATED)
_13361_/S                               0.75    0.80   -0.05 (VIOLATED)
_13351_/S                               0.75    0.80   -0.05 (VIOLATED)
_13350_/Y                               0.75    0.80   -0.05 (VIOLATED)
_15451_/C1                              0.75    0.80   -0.05 (VIOLATED)
_15113_/C1                              0.75    0.80   -0.05 (VIOLATED)
_15693_/C1                              0.75    0.80   -0.05 (VIOLATED)
_12757_/S                               0.75    0.80   -0.05 (VIOLATED)
_12765_/S                               0.75    0.80   -0.05 (VIOLATED)
_12771_/S                               0.75    0.80   -0.05 (VIOLATED)
_12763_/S                               0.75    0.79   -0.04 (VIOLATED)
_12761_/S                               0.75    0.79   -0.04 (VIOLATED)
_14708_/B1                              0.75    0.79   -0.04 (VIOLATED)
_14707_/Y                               0.75    0.79   -0.04 (VIOLATED)
_14202_/A                               0.75    0.79   -0.04 (VIOLATED)
_12759_/S                               0.75    0.79   -0.04 (VIOLATED)
_14430_/C1                              0.75    0.79   -0.04 (VIOLATED)
_14655_/C1                              0.75    0.79   -0.04 (VIOLATED)
_12769_/S                               0.75    0.79   -0.04 (VIOLATED)
_13152_/S                               0.75    0.79   -0.04 (VIOLATED)
_10136_/S                               0.75    0.79   -0.04 (VIOLATED)
_13146_/S                               0.75    0.79   -0.04 (VIOLATED)
_10138_/S                               0.75    0.79   -0.04 (VIOLATED)
_13154_/S                               0.75    0.79   -0.04 (VIOLATED)
_10148_/S                               0.75    0.79   -0.04 (VIOLATED)
_12767_/S                               0.75    0.79   -0.04 (VIOLATED)
_13150_/S                               0.75    0.79   -0.04 (VIOLATED)
_12756_/Y                               0.75    0.79   -0.04 (VIOLATED)
_13160_/S                               0.75    0.79   -0.04 (VIOLATED)
_10140_/S                               0.75    0.79   -0.04 (VIOLATED)
_10134_/S                               0.75    0.79   -0.04 (VIOLATED)
_13156_/S                               0.75    0.79   -0.04 (VIOLATED)
_10144_/S                               0.75    0.79   -0.04 (VIOLATED)
_10142_/S                               0.75    0.79   -0.04 (VIOLATED)
_10146_/S                               0.75    0.79   -0.04 (VIOLATED)
_10133_/Y                               0.75    0.79   -0.04 (VIOLATED)
_13158_/S                               0.75    0.79   -0.04 (VIOLATED)
_13148_/S                               0.75    0.79   -0.04 (VIOLATED)
_13145_/Y                               0.75    0.79   -0.04 (VIOLATED)
_10119_/S                               0.75    0.79   -0.04 (VIOLATED)
_10131_/S                               0.75    0.79   -0.04 (VIOLATED)
_10121_/S                               0.75    0.79   -0.04 (VIOLATED)
_10123_/S                               0.75    0.79   -0.04 (VIOLATED)
_10127_/S                               0.75    0.79   -0.04 (VIOLATED)
_10125_/S                               0.75    0.79   -0.04 (VIOLATED)
_10117_/S                               0.75    0.79   -0.04 (VIOLATED)
_10129_/S                               0.75    0.79   -0.04 (VIOLATED)
_10116_/Y                               0.75    0.79   -0.04 (VIOLATED)
_15476_/B1                              0.75    0.79   -0.04 (VIOLATED)
_10101_/S                               0.75    0.79   -0.04 (VIOLATED)
_10103_/S                               0.75    0.79   -0.04 (VIOLATED)
_10113_/S                               0.75    0.79   -0.04 (VIOLATED)
_10105_/S                               0.75    0.79   -0.04 (VIOLATED)
_10099_/S                               0.75    0.79   -0.04 (VIOLATED)
_10109_/S                               0.75    0.79   -0.04 (VIOLATED)
_10107_/S                               0.75    0.79   -0.04 (VIOLATED)
_10111_/S                               0.75    0.79   -0.04 (VIOLATED)
_12806_/S                               0.75    0.79   -0.04 (VIOLATED)
_12792_/S                               0.75    0.79   -0.04 (VIOLATED)
_10098_/Y                               0.75    0.79   -0.04 (VIOLATED)
_12796_/S                               0.75    0.79   -0.04 (VIOLATED)
_12800_/S                               0.75    0.79   -0.04 (VIOLATED)
_12798_/S                               0.75    0.79   -0.04 (VIOLATED)
_12794_/S                               0.75    0.79   -0.04 (VIOLATED)
_15398_/C1                              0.75    0.79   -0.04 (VIOLATED)
_12804_/S                               0.75    0.79   -0.04 (VIOLATED)
_12802_/S                               0.75    0.79   -0.04 (VIOLATED)
_12791_/Y                               0.75    0.79   -0.04 (VIOLATED)
_15451_/B1                              0.75    0.79   -0.04 (VIOLATED)
_15450_/Y                               0.75    0.79   -0.04 (VIOLATED)
_12364_/S                               0.75    0.79   -0.04 (VIOLATED)
_12366_/S                               0.75    0.79   -0.04 (VIOLATED)
_12368_/S                               0.75    0.79   -0.04 (VIOLATED)
_12370_/S                               0.75    0.79   -0.04 (VIOLATED)
_12362_/S                               0.75    0.79   -0.04 (VIOLATED)
_12372_/S                               0.75    0.79   -0.04 (VIOLATED)
_12376_/S                               0.75    0.79   -0.04 (VIOLATED)
_12374_/S                               0.75    0.79   -0.04 (VIOLATED)
_12361_/Y                               0.75    0.79   -0.04 (VIOLATED)
_14432_/A                               0.75    0.78   -0.03 (VIOLATED)
_08558_/B                               0.75    0.78   -0.03 (VIOLATED)
_18410_/Q                               0.75    0.78   -0.03 (VIOLATED)
_13370_/S                               0.75    0.78   -0.03 (VIOLATED)
_13372_/S                               0.75    0.78   -0.03 (VIOLATED)
_13382_/S                               0.75    0.78   -0.03 (VIOLATED)
_13378_/S                               0.75    0.78   -0.03 (VIOLATED)
_13376_/S                               0.75    0.78   -0.03 (VIOLATED)
_13374_/S                               0.75    0.78   -0.03 (VIOLATED)
_13380_/S                               0.75    0.78   -0.03 (VIOLATED)
_13368_/S                               0.75    0.78   -0.03 (VIOLATED)
_13367_/Y                               0.75    0.78   -0.03 (VIOLATED)
_09989_/S                               0.75    0.78   -0.03 (VIOLATED)
_10007_/S                               0.75    0.78   -0.03 (VIOLATED)
_09992_/S                               0.75    0.78   -0.03 (VIOLATED)
_09986_/S                               0.75    0.78   -0.03 (VIOLATED)
_10001_/S                               0.75    0.78   -0.03 (VIOLATED)
_09995_/S                               0.75    0.78   -0.03 (VIOLATED)
_09998_/S                               0.75    0.78   -0.03 (VIOLATED)
_10004_/S                               0.75    0.78   -0.03 (VIOLATED)
_09985_/Y                               0.75    0.78   -0.03 (VIOLATED)
_12351_/S                               0.75    0.77   -0.02 (VIOLATED)
_12349_/S                               0.75    0.77   -0.02 (VIOLATED)
_12347_/S                               0.75    0.77   -0.02 (VIOLATED)
_12353_/S                               0.75    0.77   -0.02 (VIOLATED)
_12345_/S                               0.75    0.77   -0.02 (VIOLATED)
_12355_/S                               0.75    0.77   -0.02 (VIOLATED)
_12359_/S                               0.75    0.77   -0.02 (VIOLATED)
_12357_/S                               0.75    0.77   -0.02 (VIOLATED)
_12344_/Y                               0.75    0.77   -0.02 (VIOLATED)
_09496_/S                               0.75    0.77   -0.02 (VIOLATED)
_09506_/S                               0.75    0.77   -0.02 (VIOLATED)
_09494_/S                               0.75    0.77   -0.02 (VIOLATED)
_09500_/S                               0.75    0.77   -0.02 (VIOLATED)
_13067_/S                               0.75    0.77   -0.02 (VIOLATED)
_09498_/S                               0.75    0.77   -0.02 (VIOLATED)
_13076_/S                               0.75    0.77   -0.02 (VIOLATED)
_13079_/S                               0.75    0.77   -0.02 (VIOLATED)
_09492_/S                               0.75    0.77   -0.02 (VIOLATED)
_09502_/S                               0.75    0.77   -0.02 (VIOLATED)
_13073_/S                               0.75    0.77   -0.02 (VIOLATED)
_09504_/S                               0.75    0.77   -0.02 (VIOLATED)
_13088_/S                               0.75    0.77   -0.02 (VIOLATED)
_09491_/Y                               0.75    0.77   -0.02 (VIOLATED)
_13070_/S                               0.75    0.77   -0.02 (VIOLATED)
_13082_/S                               0.75    0.77   -0.02 (VIOLATED)
_13085_/S                               0.75    0.77   -0.02 (VIOLATED)
_13066_/Y                               0.75    0.77   -0.02 (VIOLATED)
_12866_/S                               0.75    0.77   -0.02 (VIOLATED)
_12851_/S                               0.75    0.77   -0.02 (VIOLATED)
_11160_/S                               0.75    0.77   -0.02 (VIOLATED)
_12845_/S                               0.75    0.77   -0.02 (VIOLATED)
_11162_/S                               0.75    0.77   -0.02 (VIOLATED)
_11166_/S                               0.75    0.77   -0.02 (VIOLATED)
_12857_/S                               0.75    0.77   -0.02 (VIOLATED)
_12854_/S                               0.75    0.77   -0.02 (VIOLATED)
_11164_/S                               0.75    0.77   -0.02 (VIOLATED)
_11172_/S                               0.75    0.77   -0.02 (VIOLATED)
_11170_/S                               0.75    0.77   -0.02 (VIOLATED)
_12848_/S                               0.75    0.77   -0.02 (VIOLATED)
_11174_/S                               0.75    0.77   -0.02 (VIOLATED)
_11168_/S                               0.75    0.77   -0.02 (VIOLATED)
_11159_/Y                               0.75    0.77   -0.02 (VIOLATED)
_12863_/S                               0.75    0.77   -0.02 (VIOLATED)
_12860_/S                               0.75    0.77   -0.02 (VIOLATED)
_12844_/Y                               0.75    0.77   -0.02 (VIOLATED)
_12709_/S                               0.75    0.77   -0.02 (VIOLATED)
_12717_/S                               0.75    0.77   -0.02 (VIOLATED)
_12707_/S                               0.75    0.77   -0.02 (VIOLATED)
_12711_/S                               0.75    0.77   -0.02 (VIOLATED)
_12705_/S                               0.75    0.77   -0.02 (VIOLATED)
_12715_/S                               0.75    0.77   -0.02 (VIOLATED)
_12703_/S                               0.75    0.77   -0.02 (VIOLATED)
_12713_/S                               0.75    0.77   -0.02 (VIOLATED)
_12702_/Y                               0.75    0.77   -0.02 (VIOLATED)
_12782_/S                               0.75    0.77   -0.02 (VIOLATED)
_12780_/S                               0.75    0.77   -0.02 (VIOLATED)
_12774_/S                               0.75    0.77   -0.02 (VIOLATED)
_12788_/S                               0.75    0.77   -0.02 (VIOLATED)
_12778_/S                               0.75    0.77   -0.02 (VIOLATED)
_12776_/S                               0.75    0.77   -0.02 (VIOLATED)
_12786_/S                               0.75    0.77   -0.02 (VIOLATED)
_12784_/S                               0.75    0.77   -0.02 (VIOLATED)
_12773_/Y                               0.75    0.77   -0.02 (VIOLATED)
_13407_/S                               0.75    0.76   -0.01 (VIOLATED)
_13417_/S                               0.75    0.76   -0.01 (VIOLATED)
_13413_/S                               0.75    0.76   -0.01 (VIOLATED)
_13405_/S                               0.75    0.76   -0.01 (VIOLATED)
_13415_/S                               0.75    0.76   -0.01 (VIOLATED)
_13409_/S                               0.75    0.76   -0.01 (VIOLATED)
_13411_/S                               0.75    0.76   -0.01 (VIOLATED)
_13403_/S                               0.75    0.76   -0.01 (VIOLATED)
_13402_/Y                               0.75    0.76   -0.01 (VIOLATED)
_16227_/D                               0.75    0.76   -0.01 (VIOLATED)
_18438_/Z                               0.75    0.76   -0.01 (VIOLATED)
_14546_/B1                              0.75    0.76   -0.01 (VIOLATED)
_14545_/Y                               0.75    0.76   -0.01 (VIOLATED)
_10677_/S                               0.75    0.76   -0.01 (VIOLATED)
_10679_/S                               0.75    0.76   -0.01 (VIOLATED)
_10673_/S                               0.75    0.76   -0.01 (VIOLATED)
_10671_/S                               0.75    0.76   -0.01 (VIOLATED)
_10669_/S                               0.75    0.76   -0.01 (VIOLATED)
_10683_/S                               0.75    0.76   -0.01 (VIOLATED)
_10681_/S                               0.75    0.76   -0.01 (VIOLATED)
_10675_/S                               0.75    0.76   -0.01 (VIOLATED)
_10668_/Y                               0.75    0.76   -0.01 (VIOLATED)
_14911_/B1                              0.75    0.76   -0.01 (VIOLATED)
_14910_/Y                               0.75    0.76   -0.01 (VIOLATED)
_10295_/S                               0.75    0.76   -0.01 (VIOLATED)
_10283_/S                               0.75    0.76   -0.01 (VIOLATED)
_10285_/S                               0.75    0.76   -0.01 (VIOLATED)
_10281_/S                               0.75    0.76   -0.01 (VIOLATED)
_10291_/S                               0.75    0.76   -0.01 (VIOLATED)
_10289_/S                               0.75    0.76   -0.01 (VIOLATED)
_10293_/S                               0.75    0.76   -0.01 (VIOLATED)
_10287_/S                               0.75    0.76   -0.01 (VIOLATED)
_10280_/Y                               0.75    0.76   -0.01 (VIOLATED)
_11201_/S                               0.75    0.75   -0.00 (VIOLATED)
_11207_/S                               0.75    0.75   -0.00 (VIOLATED)
_11211_/S                               0.75    0.75   -0.00 (VIOLATED)
_11205_/S                               0.75    0.75   -0.00 (VIOLATED)
_11197_/S                               0.75    0.75   -0.00 (VIOLATED)
_13423_/S                               0.75    0.75   -0.00 (VIOLATED)
_13425_/S                               0.75    0.75   -0.00 (VIOLATED)
_11199_/S                               0.75    0.75   -0.00 (VIOLATED)
_13435_/S                               0.75    0.75   -0.00 (VIOLATED)
_11203_/S                               0.75    0.75   -0.00 (VIOLATED)
_13431_/S                               0.75    0.75   -0.00 (VIOLATED)
_13433_/S                               0.75    0.75   -0.00 (VIOLATED)
_13427_/S                               0.75    0.75   -0.00 (VIOLATED)
_13429_/S                               0.75    0.75   -0.00 (VIOLATED)
_13421_/S                               0.75    0.75   -0.00 (VIOLATED)
_13420_/Y                               0.75    0.75   -0.00 (VIOLATED)
_11209_/S                               0.75    0.75   -0.00 (VIOLATED)
_11274_/S                               0.75    0.75   -0.00 (VIOLATED)
_11271_/S                               0.75    0.75   -0.00 (VIOLATED)
_11277_/S                               0.75    0.75   -0.00 (VIOLATED)
_11196_/Y                               0.75    0.75   -0.00 (VIOLATED)
_11289_/S                               0.75    0.75   -0.00 (VIOLATED)
_11286_/S                               0.75    0.75   -0.00 (VIOLATED)
_11280_/S                               0.75    0.75   -0.00 (VIOLATED)
_11283_/S                               0.75    0.75   -0.00 (VIOLATED)
_11292_/S                               0.75    0.75   -0.00 (VIOLATED)
_11270_/Y                               0.75    0.75   -0.00 (VIOLATED)
_12172_/S                               0.75    0.75   -0.00 (VIOLATED)
_12160_/S                               0.75    0.75   -0.00 (VIOLATED)
_12162_/S                               0.75    0.75   -0.00 (VIOLATED)
_12168_/S                               0.75    0.75   -0.00 (VIOLATED)
_12164_/S                               0.75    0.75   -0.00 (VIOLATED)
_12166_/S                               0.75    0.75   -0.00 (VIOLATED)
_12170_/S                               0.75    0.75   -0.00 (VIOLATED)
_12174_/S                               0.75    0.75   -0.00 (VIOLATED)
_12159_/Y                               0.75    0.75   -0.00 (VIOLATED)

max fanout

Pin                                   Limit Fanout  Slack
---------------------------------------------------------
_09179_/X                                10     26    -16 (VIOLATED)
_11730_/X                                10     25    -15 (VIOLATED)
_13933_/X                                10     23    -13 (VIOLATED)
_13947_/X                                10     21    -11 (VIOLATED)
_08648_/X                                10     20    -10 (VIOLATED)
_08656_/X                                10     18     -8 (VIOLATED)
_10388_/X                                10     16     -6 (VIOLATED)
_13975_/X                                10     16     -6 (VIOLATED)
_14179_/X                                10     16     -6 (VIOLATED)
_14183_/X                                10     16     -6 (VIOLATED)
_08652_/X                                10     15     -5 (VIOLATED)
_10359_/X                                10     15     -5 (VIOLATED)
_13972_/X                                10     15     -5 (VIOLATED)
_14001_/X                                10     15     -5 (VIOLATED)
_14075_/X                                10     15     -5 (VIOLATED)
_08668_/X                                10     14     -4 (VIOLATED)
_09988_/X                                10     14     -4 (VIOLATED)
_14073_/X                                10     14     -4 (VIOLATED)
_14147_/X                                10     14     -4 (VIOLATED)
_14192_/X                                10     14     -4 (VIOLATED)
_14218_/X                                10     14     -4 (VIOLATED)
_14367_/X                                10     14     -4 (VIOLATED)
_14394_/X                                10     14     -4 (VIOLATED)
_14719_/X                                10     14     -4 (VIOLATED)
_14748_/X                                10     14     -4 (VIOLATED)
_14793_/X                                10     14     -4 (VIOLATED)
_08644_/X                                10     13     -3 (VIOLATED)
_08660_/X                                10     13     -3 (VIOLATED)
_08989_/X                                10     13     -3 (VIOLATED)
_08990_/X                                10     13     -3 (VIOLATED)
_09054_/X                                10     13     -3 (VIOLATED)
_10376_/X                                10     13     -3 (VIOLATED)
_10556_/X                                10     13     -3 (VIOLATED)
_12081_/X                                10     13     -3 (VIOLATED)
_13934_/X                                10     13     -3 (VIOLATED)
_13956_/X                                10     13     -3 (VIOLATED)
_13995_/X                                10     13     -3 (VIOLATED)
_14007_/X                                10     13     -3 (VIOLATED)
_14049_/X                                10     13     -3 (VIOLATED)
_14062_/X                                10     13     -3 (VIOLATED)
_14085_/X                                10     13     -3 (VIOLATED)
_14120_/X                                10     13     -3 (VIOLATED)
_14208_/X                                10     13     -3 (VIOLATED)
_14214_/X                                10     13     -3 (VIOLATED)
_14219_/X                                10     13     -3 (VIOLATED)
_14238_/X                                10     13     -3 (VIOLATED)
_14248_/X                                10     13     -3 (VIOLATED)
_15116_/X                                10     13     -3 (VIOLATED)
_09009_/X                                10     12     -2 (VIOLATED)
_09045_/X                                10     12     -2 (VIOLATED)
_10364_/X                                10     12     -2 (VIOLATED)
_10990_/X                                10     12     -2 (VIOLATED)
_12069_/X                                10     12     -2 (VIOLATED)
_13957_/X                                10     12     -2 (VIOLATED)
_13974_/X                                10     12     -2 (VIOLATED)
_13979_/X                                10     12     -2 (VIOLATED)
_14002_/X                                10     12     -2 (VIOLATED)
_14004_/X                                10     12     -2 (VIOLATED)
_14028_/X                                10     12     -2 (VIOLATED)
_14039_/X                                10     12     -2 (VIOLATED)
_14041_/X                                10     12     -2 (VIOLATED)
_14063_/X                                10     12     -2 (VIOLATED)
_14068_/X                                10     12     -2 (VIOLATED)
_14071_/X                                10     12     -2 (VIOLATED)
_14077_/X                                10     12     -2 (VIOLATED)
_14083_/X                                10     12     -2 (VIOLATED)
_14091_/X                                10     12     -2 (VIOLATED)
_14097_/X                                10     12     -2 (VIOLATED)
_14112_/X                                10     12     -2 (VIOLATED)
_14123_/X                                10     12     -2 (VIOLATED)
_14154_/X                                10     12     -2 (VIOLATED)
_14155_/X                                10     12     -2 (VIOLATED)
_14157_/X                                10     12     -2 (VIOLATED)
_14159_/X                                10     12     -2 (VIOLATED)
_14177_/X                                10     12     -2 (VIOLATED)
_14188_/X                                10     12     -2 (VIOLATED)
_14231_/X                                10     12     -2 (VIOLATED)
_14232_/X                                10     12     -2 (VIOLATED)
_14236_/X                                10     12     -2 (VIOLATED)
_14262_/X                                10     12     -2 (VIOLATED)
_14297_/X                                10     12     -2 (VIOLATED)
_14312_/X                                10     12     -2 (VIOLATED)
_14337_/X                                10     12     -2 (VIOLATED)
_14456_/X                                10     12     -2 (VIOLATED)
_14468_/X                                10     12     -2 (VIOLATED)
_14483_/X                                10     12     -2 (VIOLATED)
_14487_/X                                10     12     -2 (VIOLATED)
_14563_/X                                10     12     -2 (VIOLATED)
_14711_/X                                10     12     -2 (VIOLATED)
_14762_/X                                10     12     -2 (VIOLATED)
_08620_/X                                10     11        (VIOLATED)
_08640_/X                                10     11        (VIOLATED)
_08945_/X                                10     11        (VIOLATED)
_09030_/X                                10     11        (VIOLATED)
_09031_/X                                10     11        (VIOLATED)
_09119_/X                                10     11        (VIOLATED)
_09184_/X                                10     11        (VIOLATED)
_09188_/X                                10     11        (VIOLATED)
_09196_/X                                10     11        (VIOLATED)
_09288_/X                                10     11        (VIOLATED)
_09330_/X                                10     11        (VIOLATED)
_09606_/X                                10     11        (VIOLATED)
_09739_/X                                10     11        (VIOLATED)
_09940_/X                                10     11        (VIOLATED)
_10368_/X                                10     11        (VIOLATED)
_10380_/X                                10     11        (VIOLATED)
_10384_/X                                10     11        (VIOLATED)
_11273_/X                                10     11        (VIOLATED)
_11404_/X                                10     11        (VIOLATED)
_11964_/X                                10     11        (VIOLATED)
_12658_/X                                10     11        (VIOLATED)
_12672_/X                                10     11        (VIOLATED)
_13291_/X                                10     11        (VIOLATED)
_13932_/X                                10     11        (VIOLATED)
_13939_/X                                10     11        (VIOLATED)
_13944_/X                                10     11        (VIOLATED)
_13949_/X                                10     11        (VIOLATED)
_13952_/X                                10     11        (VIOLATED)
_13962_/X                                10     11        (VIOLATED)
_13964_/X                                10     11        (VIOLATED)
_13970_/X                                10     11        (VIOLATED)
_13982_/X                                10     11        (VIOLATED)
_13983_/X                                10     11        (VIOLATED)
_13984_/X                                10     11        (VIOLATED)
_14012_/X                                10     11        (VIOLATED)
_14016_/X                                10     11        (VIOLATED)
_14019_/X                                10     11        (VIOLATED)
_14027_/X                                10     11        (VIOLATED)
_14043_/X                                10     11        (VIOLATED)
_14059_/X                                10     11        (VIOLATED)
_14067_/X                                10     11        (VIOLATED)
_14072_/X                                10     11        (VIOLATED)
_14081_/X                                10     11        (VIOLATED)
_14086_/X                                10     11        (VIOLATED)
_14089_/X                                10     11        (VIOLATED)
_14090_/X                                10     11        (VIOLATED)
_14094_/X                                10     11        (VIOLATED)
_14096_/X                                10     11        (VIOLATED)
_14098_/X                                10     11        (VIOLATED)
_14099_/X                                10     11        (VIOLATED)
_14113_/X                                10     11        (VIOLATED)
_14118_/X                                10     11        (VIOLATED)
_14140_/X                                10     11        (VIOLATED)
_14142_/X                                10     11        (VIOLATED)
_14144_/X                                10     11        (VIOLATED)
_14148_/X                                10     11        (VIOLATED)
_14149_/X                                10     11        (VIOLATED)
_14158_/X                                10     11        (VIOLATED)
_14165_/X                                10     11        (VIOLATED)
_14180_/X                                10     11        (VIOLATED)
_14189_/X                                10     11        (VIOLATED)
_14194_/X                                10     11        (VIOLATED)
_14209_/X                                10     11        (VIOLATED)
_14213_/X                                10     11        (VIOLATED)
_14221_/X                                10     11        (VIOLATED)
_14224_/X                                10     11        (VIOLATED)
_14227_/X                                10     11        (VIOLATED)
_14263_/X                                10     11        (VIOLATED)
_14265_/X                                10     11        (VIOLATED)
_14290_/X                                10     11        (VIOLATED)
_14293_/X                                10     11        (VIOLATED)
_14294_/X                                10     11        (VIOLATED)
_14296_/X                                10     11        (VIOLATED)
_14308_/X                                10     11        (VIOLATED)
_14317_/X                                10     11        (VIOLATED)
_14321_/X                                10     11        (VIOLATED)
_14348_/X                                10     11        (VIOLATED)
_14361_/X                                10     11        (VIOLATED)
_14365_/X                                10     11        (VIOLATED)
_14368_/X                                10     11        (VIOLATED)
_14383_/X                                10     11        (VIOLATED)
_14386_/X                                10     11        (VIOLATED)
_14387_/X                                10     11        (VIOLATED)
_14388_/X                                10     11        (VIOLATED)
_14402_/X                                10     11        (VIOLATED)
_14480_/X                                10     11        (VIOLATED)
_14649_/X                                10     11        (VIOLATED)
_14650_/X                                10     11        (VIOLATED)
_14681_/X                                10     11        (VIOLATED)
_14733_/X                                10     11        (VIOLATED)
_14747_/X                                10     11        (VIOLATED)
_18406_/Q                                10     11        (VIOLATED)


max slew violations count Slowest: 379
max fanout violations count Slowest: 182
max cap violations count Slowest: 0
======================= Typical Corner ===================================

max fanout

Pin                                   Limit Fanout  Slack
---------------------------------------------------------
_09179_/X                                10     26    -16 (VIOLATED)
_11730_/X                                10     25    -15 (VIOLATED)
_13933_/X                                10     23    -13 (VIOLATED)
_13947_/X                                10     21    -11 (VIOLATED)
_08648_/X                                10     20    -10 (VIOLATED)
_08656_/X                                10     18     -8 (VIOLATED)
_10388_/X                                10     16     -6 (VIOLATED)
_13975_/X                                10     16     -6 (VIOLATED)
_14179_/X                                10     16     -6 (VIOLATED)
_14183_/X                                10     16     -6 (VIOLATED)
_08652_/X                                10     15     -5 (VIOLATED)
_10359_/X                                10     15     -5 (VIOLATED)
_13972_/X                                10     15     -5 (VIOLATED)
_14001_/X                                10     15     -5 (VIOLATED)
_14075_/X                                10     15     -5 (VIOLATED)
_08668_/X                                10     14     -4 (VIOLATED)
_09988_/X                                10     14     -4 (VIOLATED)
_14073_/X                                10     14     -4 (VIOLATED)
_14147_/X                                10     14     -4 (VIOLATED)
_14192_/X                                10     14     -4 (VIOLATED)
_14218_/X                                10     14     -4 (VIOLATED)
_14367_/X                                10     14     -4 (VIOLATED)
_14394_/X                                10     14     -4 (VIOLATED)
_14719_/X                                10     14     -4 (VIOLATED)
_14748_/X                                10     14     -4 (VIOLATED)
_14793_/X                                10     14     -4 (VIOLATED)
_08644_/X                                10     13     -3 (VIOLATED)
_08660_/X                                10     13     -3 (VIOLATED)
_08989_/X                                10     13     -3 (VIOLATED)
_08990_/X                                10     13     -3 (VIOLATED)
_09054_/X                                10     13     -3 (VIOLATED)
_10376_/X                                10     13     -3 (VIOLATED)
_10556_/X                                10     13     -3 (VIOLATED)
_12081_/X                                10     13     -3 (VIOLATED)
_13934_/X                                10     13     -3 (VIOLATED)
_13956_/X                                10     13     -3 (VIOLATED)
_13995_/X                                10     13     -3 (VIOLATED)
_14007_/X                                10     13     -3 (VIOLATED)
_14049_/X                                10     13     -3 (VIOLATED)
_14062_/X                                10     13     -3 (VIOLATED)
_14085_/X                                10     13     -3 (VIOLATED)
_14120_/X                                10     13     -3 (VIOLATED)
_14208_/X                                10     13     -3 (VIOLATED)
_14214_/X                                10     13     -3 (VIOLATED)
_14219_/X                                10     13     -3 (VIOLATED)
_14238_/X                                10     13     -3 (VIOLATED)
_14248_/X                                10     13     -3 (VIOLATED)
_15116_/X                                10     13     -3 (VIOLATED)
_09009_/X                                10     12     -2 (VIOLATED)
_09045_/X                                10     12     -2 (VIOLATED)
_10364_/X                                10     12     -2 (VIOLATED)
_10990_/X                                10     12     -2 (VIOLATED)
_12069_/X                                10     12     -2 (VIOLATED)
_13957_/X                                10     12     -2 (VIOLATED)
_13974_/X                                10     12     -2 (VIOLATED)
_13979_/X                                10     12     -2 (VIOLATED)
_14002_/X                                10     12     -2 (VIOLATED)
_14004_/X                                10     12     -2 (VIOLATED)
_14028_/X                                10     12     -2 (VIOLATED)
_14039_/X                                10     12     -2 (VIOLATED)
_14041_/X                                10     12     -2 (VIOLATED)
_14063_/X                                10     12     -2 (VIOLATED)
_14068_/X                                10     12     -2 (VIOLATED)
_14071_/X                                10     12     -2 (VIOLATED)
_14077_/X                                10     12     -2 (VIOLATED)
_14083_/X                                10     12     -2 (VIOLATED)
_14091_/X                                10     12     -2 (VIOLATED)
_14097_/X                                10     12     -2 (VIOLATED)
_14112_/X                                10     12     -2 (VIOLATED)
_14123_/X                                10     12     -2 (VIOLATED)
_14154_/X                                10     12     -2 (VIOLATED)
_14155_/X                                10     12     -2 (VIOLATED)
_14157_/X                                10     12     -2 (VIOLATED)
_14159_/X                                10     12     -2 (VIOLATED)
_14177_/X                                10     12     -2 (VIOLATED)
_14188_/X                                10     12     -2 (VIOLATED)
_14231_/X                                10     12     -2 (VIOLATED)
_14232_/X                                10     12     -2 (VIOLATED)
_14236_/X                                10     12     -2 (VIOLATED)
_14262_/X                                10     12     -2 (VIOLATED)
_14297_/X                                10     12     -2 (VIOLATED)
_14312_/X                                10     12     -2 (VIOLATED)
_14337_/X                                10     12     -2 (VIOLATED)
_14456_/X                                10     12     -2 (VIOLATED)
_14468_/X                                10     12     -2 (VIOLATED)
_14483_/X                                10     12     -2 (VIOLATED)
_14487_/X                                10     12     -2 (VIOLATED)
_14563_/X                                10     12     -2 (VIOLATED)
_14711_/X                                10     12     -2 (VIOLATED)
_14762_/X                                10     12     -2 (VIOLATED)
_08620_/X                                10     11        (VIOLATED)
_08640_/X                                10     11        (VIOLATED)
_08945_/X                                10     11        (VIOLATED)
_09030_/X                                10     11        (VIOLATED)
_09031_/X                                10     11        (VIOLATED)
_09119_/X                                10     11        (VIOLATED)
_09184_/X                                10     11        (VIOLATED)
_09188_/X                                10     11        (VIOLATED)
_09196_/X                                10     11        (VIOLATED)
_09288_/X                                10     11        (VIOLATED)
_09330_/X                                10     11        (VIOLATED)
_09606_/X                                10     11        (VIOLATED)
_09739_/X                                10     11        (VIOLATED)
_09940_/X                                10     11        (VIOLATED)
_10368_/X                                10     11        (VIOLATED)
_10380_/X                                10     11        (VIOLATED)
_10384_/X                                10     11        (VIOLATED)
_11273_/X                                10     11        (VIOLATED)
_11404_/X                                10     11        (VIOLATED)
_11964_/X                                10     11        (VIOLATED)
_12658_/X                                10     11        (VIOLATED)
_12672_/X                                10     11        (VIOLATED)
_13291_/X                                10     11        (VIOLATED)
_13932_/X                                10     11        (VIOLATED)
_13939_/X                                10     11        (VIOLATED)
_13944_/X                                10     11        (VIOLATED)
_13949_/X                                10     11        (VIOLATED)
_13952_/X                                10     11        (VIOLATED)
_13962_/X                                10     11        (VIOLATED)
_13964_/X                                10     11        (VIOLATED)
_13970_/X                                10     11        (VIOLATED)
_13982_/X                                10     11        (VIOLATED)
_13983_/X                                10     11        (VIOLATED)
_13984_/X                                10     11        (VIOLATED)
_14012_/X                                10     11        (VIOLATED)
_14016_/X                                10     11        (VIOLATED)
_14019_/X                                10     11        (VIOLATED)
_14027_/X                                10     11        (VIOLATED)
_14043_/X                                10     11        (VIOLATED)
_14059_/X                                10     11        (VIOLATED)
_14067_/X                                10     11        (VIOLATED)
_14072_/X                                10     11        (VIOLATED)
_14081_/X                                10     11        (VIOLATED)
_14086_/X                                10     11        (VIOLATED)
_14089_/X                                10     11        (VIOLATED)
_14090_/X                                10     11        (VIOLATED)
_14094_/X                                10     11        (VIOLATED)
_14096_/X                                10     11        (VIOLATED)
_14098_/X                                10     11        (VIOLATED)
_14099_/X                                10     11        (VIOLATED)
_14113_/X                                10     11        (VIOLATED)
_14118_/X                                10     11        (VIOLATED)
_14140_/X                                10     11        (VIOLATED)
_14142_/X                                10     11        (VIOLATED)
_14144_/X                                10     11        (VIOLATED)
_14148_/X                                10     11        (VIOLATED)
_14149_/X                                10     11        (VIOLATED)
_14158_/X                                10     11        (VIOLATED)
_14165_/X                                10     11        (VIOLATED)
_14180_/X                                10     11        (VIOLATED)
_14189_/X                                10     11        (VIOLATED)
_14194_/X                                10     11        (VIOLATED)
_14209_/X                                10     11        (VIOLATED)
_14213_/X                                10     11        (VIOLATED)
_14221_/X                                10     11        (VIOLATED)
_14224_/X                                10     11        (VIOLATED)
_14227_/X                                10     11        (VIOLATED)
_14263_/X                                10     11        (VIOLATED)
_14265_/X                                10     11        (VIOLATED)
_14290_/X                                10     11        (VIOLATED)
_14293_/X                                10     11        (VIOLATED)
_14294_/X                                10     11        (VIOLATED)
_14296_/X                                10     11        (VIOLATED)
_14308_/X                                10     11        (VIOLATED)
_14317_/X                                10     11        (VIOLATED)
_14321_/X                                10     11        (VIOLATED)
_14348_/X                                10     11        (VIOLATED)
_14361_/X                                10     11        (VIOLATED)
_14365_/X                                10     11        (VIOLATED)
_14368_/X                                10     11        (VIOLATED)
_14383_/X                                10     11        (VIOLATED)
_14386_/X                                10     11        (VIOLATED)
_14387_/X                                10     11        (VIOLATED)
_14388_/X                                10     11        (VIOLATED)
_14402_/X                                10     11        (VIOLATED)
_14480_/X                                10     11        (VIOLATED)
_14649_/X                                10     11        (VIOLATED)
_14650_/X                                10     11        (VIOLATED)
_14681_/X                                10     11        (VIOLATED)
_14733_/X                                10     11        (VIOLATED)
_14747_/X                                10     11        (VIOLATED)
_18406_/Q                                10     11        (VIOLATED)


max slew violations count Typical: 0
max fanout violations count Typical: 182
max cap violations count Typical: 0

===========================================================================
report_parasitic_annotation -report_unannotated
============================================================================
Found 0 unannotated drivers.
Found 0 partially unannotated drivers.

===========================================================================
max slew violation count 379
max fanout violation count 182
max cap violation count 0
============================================================================

===========================================================================
check_setup -verbose -unconstrained_endpoints -multiple_clock -no_clock -no_input_delay -loops -generated_clocks
===========================================================================
