Partial/Required:  3.68, Required:    400.0, Partial:  1473.81, Net: _03090_, Pin: _15321_/A2, Layer: met3
Partial/Required:  3.51, Required:    400.0, Partial:  1402.57, Net: _03291_, Pin: _14803_/B1, Layer: met3
Partial/Required:  3.15, Required:    400.0, Partial:  1260.54, Net: _03658_, Pin: _14986_/A2, Layer: met3
Partial/Required:  2.81, Required:    400.0, Partial:   1123.0, Net: _03058_, Pin: _15215_/B, Layer: met1
Partial/Required:  2.79, Required:    400.0, Partial:  1114.54, Net: _05313_, Pin: _08609_/A0, Layer: met3
Partial/Required:  2.63, Required:    400.0, Partial:  1050.29, Net: _02842_, Pin: _15460_/B, Layer: met3
Partial/Required:  2.52, Required:    400.0, Partial:  1006.32, Net: _03689_, Pin: _15093_/B1, Layer: met3
Partial/Required:  2.52, Required:    400.0, Partial:  1006.32, Net: _03689_, Pin: _14838_/B1, Layer: met3
Partial/Required:  2.31, Required:    400.0, Partial:   922.11, Net: _06622_, Pin: _11377_/A0, Layer: met1
Partial/Required:  2.28, Required:    400.0, Partial:   912.36, Net: _03280_, Pin: _15707_/B1, Layer: met3
Partial/Required:  2.10, Required:    400.0, Partial:   841.89, Net: _03057_, Pin: _15339_/A2, Layer: met3
Partial/Required:  2.05, Required:    400.0, Partial:   820.11, Net: _02421_, Pin: _13572_/A1, Layer: met1
Partial/Required:  1.98, Required:    400.0, Partial:   791.75, Net: _03643_, Pin: _15231_/C1, Layer: met1
Partial/Required:  1.88, Required:    400.0, Partial:   753.22, Net: _06137_, Pin: _10203_/A0, Layer: met1
Partial/Required:  1.86, Required:    400.0, Partial:   745.83, Net: _02996_, Pin: _14674_/B1, Layer: met3
Partial/Required:  1.86, Required:    400.0, Partial:    745.0, Net: _087_\[6\], Pin: _08715_/A0, Layer: met1
Partial/Required:  1.82, Required:    400.0, Partial:   728.09, Net: _05346_, Pin: _09273_/A, Layer: met1
Partial/Required:  1.79, Required:    400.0, Partial:   715.51, Net: _02988_, Pin: _14806_/B1, Layer: met3
Partial/Required:  1.71, Required:    400.0, Partial:   684.59, Net: _06379_, Pin: _12856_/A, Layer: met1
Partial/Required:  1.68, Required:    400.0, Partial:   670.59, Net: _03198_, Pin: _14311_/A1, Layer: met1
Partial/Required:  1.66, Required:    400.0, Partial:   665.54, Net: _02899_, Pin: _15475_/A1, Layer: met3
Partial/Required:  1.63, Required:    400.0, Partial:   652.11, Net: _02831_, Pin: _14780_/B, Layer: met1
Partial/Required:  1.60, Required:    400.0, Partial:   639.52, Net: _03118_, Pin: _15222_/A2, Layer: met3
Partial/Required:  1.60, Required:    400.0, Partial:   639.52, Net: _03118_, Pin: _15326_/A2, Layer: met3
Partial/Required:  1.58, Required:    400.0, Partial:   631.64, Net: _03306_, Pin: _15696_/A2, Layer: met3
Partial/Required:  1.58, Required:    400.0, Partial:   631.64, Net: _03306_, Pin: _15708_/B1, Layer: met3
Partial/Required:  1.58, Required:    400.0, Partial:   631.64, Net: _03306_, Pin: _15296_/A2, Layer: met3
Partial/Required:  1.56, Required:    400.0, Partial:   622.06, Net: _05622_, Pin: _11070_/A, Layer: met2
Partial/Required:  1.55, Required:    400.0, Partial:   620.93, Net: _03697_, Pin: _15657_/B1, Layer: met3
Partial/Required:  1.52, Required:    400.0, Partial:   609.66, Net: _03697_, Pin: _15127_/A2, Layer: met1
Partial/Required:  1.51, Required:    400.0, Partial:   605.44, Net: _05690_, Pin: _09479_/A1, Layer: met1
Partial/Required:  1.51, Required:    400.0, Partial:   604.38, Net: _03425_, Pin: _14630_/B1, Layer: met2
Partial/Required:  1.45, Required:    400.0, Partial:   580.49, Net: _03028_, Pin: _15350_/A2, Layer: met3
Partial/Required:  1.45, Required:    400.0, Partial:   580.49, Net: _03028_, Pin: _15520_/B1, Layer: met3
Partial/Required:  1.45, Required:    400.0, Partial:    579.3, Net: _03380_, Pin: _14669_/A2, Layer: met3
Partial/Required:  1.43, Required:    400.0, Partial:   573.29, Net: _03181_, Pin: _15668_/B1, Layer: met1
Partial/Required:  1.43, Required:    400.0, Partial:   571.06, Net: _06724_, Pin: _10976_/S, Layer: met1
Partial/Required:  1.43, Required:    400.0, Partial:   570.35, Net: _02992_, Pin: _15657_/A2, Layer: met1
Partial/Required:  1.36, Required:    400.0, Partial:   544.19, Net: _03459_, Pin: _15388_/C1, Layer: met3
Partial/Required:  1.36, Required:    400.0, Partial:   544.19, Net: _03459_, Pin: _15441_/C1, Layer: met3
Partial/Required:  1.35, Required:    400.0, Partial:   541.33, Net: _03283_, Pin: _15652_/B1, Layer: met1
Partial/Required:  1.34, Required:    400.0, Partial:    537.0, Net: memory._0294_\[135\], Pin: _09264_/A1, Layer: met1
Partial/Required:  1.32, Required:    400.0, Partial:   527.61, Net: _03065_, Pin: _15281_/B, Layer: met2
Partial/Required:  1.30, Required:    400.0, Partial:   521.22, Net: _03105_, Pin: _15304_/A, Layer: met1
Partial/Required:  1.30, Required:    400.0, Partial:   520.48, Net: _03042_, Pin: _14777_/B1, Layer: met3
Partial/Required:  1.30, Required:    400.0, Partial:   520.48, Net: _03042_, Pin: _15328_/A2, Layer: met3
Partial/Required:  1.30, Required:    400.0, Partial:   520.48, Net: _03042_, Pin: _15639_/A2, Layer: met3
Partial/Required:  1.30, Required:    400.0, Partial:   520.48, Net: _03042_, Pin: _15251_/A2, Layer: met3
Partial/Required:  1.29, Required:    400.0, Partial:   514.06, Net: _03700_, Pin: _15314_/S, Layer: met1
Partial/Required:  1.27, Required:    400.0, Partial:   509.97, Net: _02906_, Pin: _15642_/A1, Layer: met2
Partial/Required:  1.27, Required:    400.0, Partial:   507.18, Net: _03615_, Pin: _14721_/A2, Layer: met3
Partial/Required:  1.27, Required:    400.0, Partial:   507.18, Net: _03615_, Pin: _15707_/A2, Layer: met3
Partial/Required:  1.26, Required:    400.0, Partial:   504.28, Net: _03629_, Pin: _15716_/S1, Layer: met1
Partial/Required:  1.26, Required:    400.0, Partial:   502.82, Net: _06373_, Pin: _11614_/A, Layer: met2
Partial/Required:  1.24, Required:    400.0, Partial:   496.49, Net: _06373_, Pin: _11614_/A, Layer: met3
Partial/Required:  1.24, Required:    400.0, Partial:   496.49, Net: _06373_, Pin: _11051_/A, Layer: met3
Partial/Required:  1.24, Required:    400.0, Partial:   496.49, Net: _06373_, Pin: _10369_/A, Layer: met3
Partial/Required:  1.24, Required:    400.0, Partial:   496.49, Net: _06373_, Pin: _10710_/A, Layer: met3
Partial/Required:  1.24, Required:    400.0, Partial:   496.49, Net: _06373_, Pin: _11276_/A, Layer: met3
Partial/Required:  1.24, Required:    400.0, Partial:   495.89, Net: _06010_, Pin: _11554_/B, Layer: met1
Partial/Required:  1.24, Required:    400.0, Partial:    495.4, Net: _02910_, Pin: _15687_/A2, Layer: met1
Partial/Required:  1.24, Required:   2778.2, Partial:  3434.16, Net: _04031_, Pin: _15207_/A0, Layer: met4
Partial/Required:  1.23, Required:    400.0, Partial:   490.99, Net: _03052_, Pin: _15003_/B1, Layer: met3
Partial/Required:  1.22, Required:    400.0, Partial:   489.11, Net: _02423_, Pin: _13429_/A1, Layer: met1
Partial/Required:  1.22, Required:    400.0, Partial:   489.11, Net: _02423_, Pin: _13359_/A1, Layer: met1
Partial/Required:  1.22, Required:    400.0, Partial:   487.78, Net: memory._0294_\[1272\], Pin: _11947_/A0, Layer: met1
Partial/Required:  1.22, Required:    400.0, Partial:   486.65, Net: _05346_, Pin: _11392_/A, Layer: met1
Partial/Required:  1.21, Required:    400.0, Partial:   484.14, Net: _02899_, Pin: _14855_/C1, Layer: met3
Partial/Required:  1.20, Required:    400.0, Partial:    481.0, Net: _05933_, Pin: _09722_/A0, Layer: met1
Partial/Required:  1.20, Required:    400.0, Partial:   479.85, Net: _02841_, Pin: _14592_/B1, Layer: met1
Partial/Required:  1.20, Required:    400.0, Partial:   479.19, Net: _02901_, Pin: _15278_/S1, Layer: met2
Partial/Required:  1.20, Required:    400.0, Partial:   478.89, Net: _07693_, Pin: _12891_/A0, Layer: met1
Partial/Required:  1.18, Required:    400.0, Partial:   473.06, Net: _03107_, Pin: _15521_/B1, Layer: met1
Partial/Required:  1.18, Required:    400.0, Partial:   471.25, Net: _03191_, Pin: _14690_/B1, Layer: met1
Partial/Required:  1.18, Required:    400.0, Partial:   470.46, Net: _03258_, Pin: _15622_/A2, Layer: met1
Partial/Required:  1.16, Required:    400.0, Partial:   464.78, Net: _07153_, Pin: _11821_/A0, Layer: met1
Partial/Required:  1.16, Required:    400.0, Partial:   463.89, Net: _094_\[4\], Pin: _08599_/B, Layer: met1
Partial/Required:  1.16, Required:    400.0, Partial:    463.0, Net: _05705_, Pin: _09524_/A1, Layer: met1
Partial/Required:  1.16, Required:    400.0, Partial:   462.65, Net: _02872_, Pin: _13977_/B1, Layer: met1
Partial/Required:  1.14, Required:    400.0, Partial:    454.4, Net: _03246_, Pin: _14840_/C1, Layer: met3
Partial/Required:  1.12, Required:    400.0, Partial:    450.0, Net: _05645_, Pin: _12622_/B, Layer: met1
Partial/Required:  1.12, Required:    400.0, Partial:   449.75, Net: _03123_, Pin: _14275_/B1, Layer: met1
Partial/Required:  1.12, Required:    400.0, Partial:   448.31, Net: _03368_, Pin: _15463_/A1, Layer: met2
Partial/Required:  1.12, Required:    400.0, Partial:    446.5, Net: _02971_, Pin: _14080_/B1, Layer: met2
Partial/Required:  1.10, Required:    400.0, Partial:   441.83, Net: _02930_, Pin: _14653_/C1, Layer: met2
Partial/Required:  1.10, Required:    400.0, Partial:   439.87, Net: _03125_, Pin: _15735_/A2, Layer: met3
Partial/Required:  1.10, Required:    400.0, Partial:   439.87, Net: _03125_, Pin: _14331_/B1, Layer: met3
Partial/Required:  1.10, Required:    400.0, Partial:   439.87, Net: _03125_, Pin: _14344_/A2, Layer: met3
Partial/Required:  1.10, Required:    400.0, Partial:   439.87, Net: _03125_, Pin: _14333_/B1, Layer: met3
Partial/Required:  1.10, Required:    400.0, Partial:   439.87, Net: _03125_, Pin: _15522_/A2, Layer: met3
Partial/Required:  1.09, Required:    400.0, Partial:   437.72, Net: _07520_, Pin: _12368_/S, Layer: met1
Partial/Required:  1.07, Required:    400.0, Partial:   429.56, Net: _05344_, Pin: _09085_/A0, Layer: met1
Partial/Required:  1.07, Required:    400.0, Partial:   427.31, Net: _02974_, Pin: _15655_/B1, Layer: met3
Partial/Required:  1.06, Required:    400.0, Partial:   425.28, Net: memory._0290_\[6\], Pin: _08558_/C, Layer: met2
Partial/Required:  1.05, Required:    400.0, Partial:   421.83, Net: _04488_, Pin: _15597_/A3, Layer: met2
Partial/Required:  1.05, Required:    400.0, Partial:   419.43, Net: _04488_, Pin: _15597_/A3, Layer: met3
Partial/Required:  1.04, Required:    400.0, Partial:   416.48, Net: _05701_, Pin: _09205_/A, Layer: met1
Partial/Required:  1.04, Required:    400.0, Partial:    416.0, Net: _03317_, Pin: _15609_/S, Layer: met2
Partial/Required:  1.03, Required:    400.0, Partial:   411.57, Net: _02931_, Pin: _14052_/A1, Layer: met2
Partial/Required:  1.02, Required:    400.0, Partial:   409.22, Net: _06370_, Pin: _10707_/A, Layer: met1
Partial/Required:  1.02, Required:   2778.2, Partial:  2840.89, Net: _02903_, Pin: _14205_/A0, Layer: met4
Partial/Required:  1.02, Required:    400.0, Partial:   406.78, Net: _07356_, Pin: _12073_/A0, Layer: met1
Partial/Required:  1.02, Required:    400.0, Partial:   406.72, Net: _07511_, Pin: _12349_/S, Layer: met1
Partial/Required:  1.02, Required:    400.0, Partial:   406.08, Net: _03058_, Pin: _15638_/A2, Layer: met1
Partial/Required:  1.01, Required:    400.0, Partial:   404.02, Net: _03111_, Pin: _15577_/A2, Layer: met2
Partial/Required:  1.01, Required:    400.0, Partial:   402.46, Net: _03044_, Pin: _14229_/A2, Layer: met2
