
===========================================================================
 report_power
============================================================================
======================= Fastest Corner ===================================

Group                  Internal  Switching    Leakage      Total
                          Power      Power      Power      Power (Watts)
----------------------------------------------------------------
Sequential             1.21e-02   7.16e-04   1.04e-05   1.28e-02  31.8%
Combinational          6.49e-03   1.46e-02   8.78e-08   2.11e-02  52.4%
Clock                  1.86e-03   4.50e-03   3.52e-08   6.36e-03  15.8%
Macro                  0.00e+00   0.00e+00   0.00e+00   0.00e+00   0.0%
Pad                    0.00e+00   0.00e+00   0.00e+00   0.00e+00   0.0%
----------------------------------------------------------------
Total                  2.04e-02   1.98e-02   1.05e-05   4.03e-02 100.0%
                          50.8%      49.2%       0.0%

======================= Slowest Corner ===================================

Group                  Internal  Switching    Leakage      Total
                          Power      Power      Power      Power (Watts)
----------------------------------------------------------------
Sequential             7.89e-03   4.68e-04   4.46e-05   8.40e-03  30.7%
Combinational          4.86e-03   9.74e-03   5.02e-05   1.47e-02  53.6%
Clock                  1.37e-03   2.91e-03   2.68e-06   4.28e-03  15.7%
Macro                  0.00e+00   0.00e+00   0.00e+00   0.00e+00   0.0%
Pad                    0.00e+00   0.00e+00   0.00e+00   0.00e+00   0.0%
----------------------------------------------------------------
Total                  1.41e-02   1.31e-02   9.75e-05   2.73e-02 100.0%
                          51.6%      48.0%       0.4%

======================= Typical Corner ===================================

Group                  Internal  Switching    Leakage      Total
                          Power      Power      Power      Power (Watts)
----------------------------------------------------------------
Sequential             1.03e-02   5.99e-04   1.04e-05   1.09e-02  31.5%
Combinational          5.95e-03   1.24e-02   3.30e-08   1.83e-02  52.9%
Clock                  1.64e-03   3.77e-03   3.13e-08   5.41e-03  15.6%
Macro                  0.00e+00   0.00e+00   0.00e+00   0.00e+00   0.0%
Pad                    0.00e+00   0.00e+00   0.00e+00   0.00e+00   0.0%
----------------------------------------------------------------
Total                  1.79e-02   1.67e-02   1.05e-05   3.46e-02 100.0%
                          51.6%      48.3%       0.0%

