
===========================================================================
report_checks -unconstrained
===========================================================================
======================= Fastest Corner ===================================

Startpoint: p_reset (input port clocked by p_clock)
Endpoint: _17994_ (recovery check against rising-edge clock p_clock)
Path Group: asynchronous
Path Type: max
Corner: Fastest

Fanout     Cap    Slew   Delay    Time   Description
-----------------------------------------------------------------------------
                  0.15    0.00    0.00   clock p_clock (rise edge)
                          0.00    0.00   clock network delay (ideal)
                          2.00    2.00 ^ input external delay
     1    0.00    0.01    0.01    2.01 ^ p_reset (in)
                                         p_reset (net)
                  0.01    0.00    2.01 ^ input11/A (sky130_fd_sc_hd__buf_1)
     1    0.01    0.08    0.09    2.09 ^ input11/X (sky130_fd_sc_hd__buf_1)
                                         net11 (net)
                  0.08    0.00    2.09 ^ fanout320/A (sky130_fd_sc_hd__buf_6)
     6    0.16    0.24    0.23    2.32 ^ fanout320/X (sky130_fd_sc_hd__buf_6)
                                         net320 (net)
                  0.24    0.00    2.32 ^ fanout319/A (sky130_fd_sc_hd__buf_4)
     5    0.10    0.22    0.24    2.57 ^ fanout319/X (sky130_fd_sc_hd__buf_4)
                                         net319 (net)
                  0.22    0.00    2.57 ^ fanout245/A (sky130_fd_sc_hd__clkbuf_4)
     7    0.06    0.15    0.22    2.79 ^ fanout245/X (sky130_fd_sc_hd__clkbuf_4)
                                         net245 (net)
                  0.15    0.00    2.79 ^ fanout244/A (sky130_fd_sc_hd__buf_4)
    10    0.07    0.14    0.18    2.98 ^ fanout244/X (sky130_fd_sc_hd__buf_4)
                                         net244 (net)
                  0.14    0.01    2.98 ^ fanout243/A (sky130_fd_sc_hd__clkbuf_4)
    10    0.06    0.13    0.20    3.18 ^ fanout243/X (sky130_fd_sc_hd__clkbuf_4)
                                         net243 (net)
                  0.13    0.00    3.18 ^ fanout242/A (sky130_fd_sc_hd__buf_2)
     8    0.04    0.14    0.18    3.36 ^ fanout242/X (sky130_fd_sc_hd__buf_2)
                                         net242 (net)
                  0.14    0.00    3.37 ^ fanout241/A (sky130_fd_sc_hd__clkbuf_4)
    10    0.05    0.12    0.19    3.56 ^ fanout241/X (sky130_fd_sc_hd__clkbuf_4)
                                         net241 (net)
                  0.12    0.00    3.56 ^ _17994_/RESET_B (sky130_fd_sc_hd__dfrtp_1)
                                  3.56   data arrival time

                  0.15   10.00   10.00   clock p_clock (rise edge)
                          0.00   10.00   clock network delay (ideal)
                         -0.25    9.75   clock uncertainty
                          0.00    9.75   clock reconvergence pessimism
                                  9.75 ^ _17994_/CLK (sky130_fd_sc_hd__dfrtp_1)
                          0.14    9.89   library recovery time
                                  9.89   data required time
-----------------------------------------------------------------------------
                                  9.89   data required time
                                 -3.56   data arrival time
-----------------------------------------------------------------------------
                                  6.33   slack (MET)


Startpoint: p_reset (input port clocked by p_clock)
Endpoint: _16074_ (rising edge-triggered flip-flop clocked by p_clock)
Path Group: p_clock
Path Type: max
Corner: Fastest

Fanout     Cap    Slew   Delay    Time   Description
-----------------------------------------------------------------------------
                  0.15    0.00    0.00   clock p_clock (rise edge)
                          0.00    0.00   clock network delay (ideal)
                          2.00    2.00 ^ input external delay
     1    0.00    0.01    0.01    2.01 ^ p_reset (in)
                                         p_reset (net)
                  0.01    0.00    2.01 ^ input11/A (sky130_fd_sc_hd__buf_1)
     1    0.01    0.08    0.09    2.09 ^ input11/X (sky130_fd_sc_hd__buf_1)
                                         net11 (net)
                  0.08    0.00    2.09 ^ fanout320/A (sky130_fd_sc_hd__buf_6)
     6    0.16    0.24    0.23    2.32 ^ fanout320/X (sky130_fd_sc_hd__buf_6)
                                         net320 (net)
                  0.24    0.00    2.32 ^ fanout319/A (sky130_fd_sc_hd__buf_4)
     5    0.10    0.22    0.24    2.57 ^ fanout319/X (sky130_fd_sc_hd__buf_4)
                                         net319 (net)
                  0.22    0.00    2.57 ^ fanout245/A (sky130_fd_sc_hd__clkbuf_4)
     7    0.06    0.15    0.22    2.79 ^ fanout245/X (sky130_fd_sc_hd__clkbuf_4)
                                         net245 (net)
                  0.15    0.00    2.79 ^ fanout228/A (sky130_fd_sc_hd__dlymetal6s2s_1)
     5    0.02    0.18    0.19    2.98 ^ fanout228/X (sky130_fd_sc_hd__dlymetal6s2s_1)
                                         net228 (net)
                  0.18    0.00    2.98 ^ fanout226/A (sky130_fd_sc_hd__buf_2)
     8    0.04    0.15    0.19    3.17 ^ fanout226/X (sky130_fd_sc_hd__buf_2)
                                         net226 (net)
                  0.15    0.00    3.17 ^ fanout225/A (sky130_fd_sc_hd__clkbuf_4)
    10    0.05    0.12    0.19    3.36 ^ fanout225/X (sky130_fd_sc_hd__clkbuf_4)
                                         net225 (net)
                  0.12    0.00    3.36 ^ _08469_/A (sky130_fd_sc_hd__inv_2)
     3    0.02    0.05    0.05    3.42 v _08469_/Y (sky130_fd_sc_hd__inv_2)
                                         _05208_ (net)
                  0.05    0.00    3.42 v _08470_/A (sky130_fd_sc_hd__or4b_1)
     1    0.00    0.05    0.31    3.73 v _08470_/X (sky130_fd_sc_hd__or4b_1)
                                         _05209_ (net)
                  0.05    0.00    3.73 v _08471_/D (sky130_fd_sc_hd__or4_2)
     4    0.02    0.11    0.38    4.10 v _08471_/X (sky130_fd_sc_hd__or4_2)
                                         _05210_ (net)
                  0.11    0.00    4.10 v _08472_/C (sky130_fd_sc_hd__or3_1)
     1    0.00    0.04    0.20    4.31 v _08472_/X (sky130_fd_sc_hd__or3_1)
                                         _05211_ (net)
                  0.04    0.00    4.31 v _08473_/A (sky130_fd_sc_hd__clkbuf_4)
     9    0.04    0.06    0.14    4.45 v _08473_/X (sky130_fd_sc_hd__clkbuf_4)
                                         _05212_ (net)
                  0.06    0.00    4.45 v _08501_/S (sky130_fd_sc_hd__mux2_1)
     1    0.01    0.05    0.21    4.66 v _08501_/X (sky130_fd_sc_hd__mux2_1)
                                         _05232_ (net)
                  0.05    0.00    4.66 v _08502_/A (sky130_fd_sc_hd__clkbuf_1)
     1    0.00    0.02    0.07    4.73 v _08502_/X (sky130_fd_sc_hd__clkbuf_1)
                                         _00139_ (net)
                  0.02    0.00    4.73 v _16074_/D (sky130_fd_sc_hd__dfxtp_2)
                                  4.73   data arrival time

                  0.15   10.00   10.00   clock p_clock (rise edge)
                          0.00   10.00   clock network delay (ideal)
                         -0.25    9.75   clock uncertainty
                          0.00    9.75   clock reconvergence pessimism
                                  9.75 ^ _16074_/CLK (sky130_fd_sc_hd__dfxtp_2)
                         -0.06    9.69   library setup time
                                  9.69   data required time
-----------------------------------------------------------------------------
                                  9.69   data required time
                                 -4.73   data arrival time
-----------------------------------------------------------------------------
                                  4.97   slack (MET)



======================= Slowest Corner ===================================

Startpoint: p_reset (input port clocked by p_clock)
Endpoint: _17784_ (recovery check against rising-edge clock p_clock)
Path Group: asynchronous
Path Type: max
Corner: Slowest

Fanout     Cap    Slew   Delay    Time   Description
-----------------------------------------------------------------------------
                  0.15    0.00    0.00   clock p_clock (rise edge)
                          0.00    0.00   clock network delay (ideal)
                          2.00    2.00 ^ input external delay
     1    0.00    0.03    0.02    2.02 ^ p_reset (in)
                                         p_reset (net)
                  0.03    0.00    2.02 ^ input11/A (sky130_fd_sc_hd__buf_1)
     1    0.01    0.17    0.22    2.23 ^ input11/X (sky130_fd_sc_hd__buf_1)
                                         net11 (net)
                  0.17    0.00    2.23 ^ fanout320/A (sky130_fd_sc_hd__buf_6)
     6    0.16    0.49    0.56    2.79 ^ fanout320/X (sky130_fd_sc_hd__buf_6)
                                         net320 (net)
                  0.49    0.00    2.79 ^ fanout319/A (sky130_fd_sc_hd__buf_4)
     5    0.10    0.45    0.70    3.49 ^ fanout319/X (sky130_fd_sc_hd__buf_4)
                                         net319 (net)
                  0.45    0.00    3.50 ^ fanout284/A (sky130_fd_sc_hd__clkbuf_4)
     5    0.06    0.30    0.62    4.11 ^ fanout284/X (sky130_fd_sc_hd__clkbuf_4)
                                         net284 (net)
                  0.30    0.00    4.12 ^ fanout283/A (sky130_fd_sc_hd__buf_2)
     5    0.04    0.34    0.52    4.64 ^ fanout283/X (sky130_fd_sc_hd__buf_2)
                                         net283 (net)
                  0.34    0.00    4.64 ^ fanout278/A (sky130_fd_sc_hd__clkbuf_2)
     5    0.04    0.31    0.50    5.14 ^ fanout278/X (sky130_fd_sc_hd__clkbuf_2)
                                         net278 (net)
                  0.31    0.00    5.14 ^ fanout277/A (sky130_fd_sc_hd__clkbuf_4)
    10    0.05    0.24    0.51    5.64 ^ fanout277/X (sky130_fd_sc_hd__clkbuf_4)
                                         net277 (net)
                  0.24    0.00    5.64 ^ fanout276/A (sky130_fd_sc_hd__clkbuf_4)
    10    0.05    0.24    0.48    6.12 ^ fanout276/X (sky130_fd_sc_hd__clkbuf_4)
                                         net276 (net)
                  0.24    0.00    6.12 ^ _17784_/RESET_B (sky130_fd_sc_hd__dfrtp_1)
                                  6.12   data arrival time

                  0.15   10.00   10.00   clock p_clock (rise edge)
                          0.00   10.00   clock network delay (ideal)
                         -0.25    9.75   clock uncertainty
                          0.00    9.75   clock reconvergence pessimism
                                  9.75 ^ _17784_/CLK (sky130_fd_sc_hd__dfrtp_1)
                          0.42   10.17   library recovery time
                                 10.17   data required time
-----------------------------------------------------------------------------
                                 10.17   data required time
                                 -6.12   data arrival time
-----------------------------------------------------------------------------
                                  4.05   slack (MET)


Startpoint: p_reset (input port clocked by p_clock)
Endpoint: _16074_ (rising edge-triggered flip-flop clocked by p_clock)
Path Group: p_clock
Path Type: max
Corner: Slowest

Fanout     Cap    Slew   Delay    Time   Description
-----------------------------------------------------------------------------
                  0.15    0.00    0.00   clock p_clock (rise edge)
                          0.00    0.00   clock network delay (ideal)
                          2.00    2.00 ^ input external delay
     1    0.00    0.03    0.02    2.02 ^ p_reset (in)
                                         p_reset (net)
                  0.03    0.00    2.02 ^ input11/A (sky130_fd_sc_hd__buf_1)
     1    0.01    0.17    0.22    2.23 ^ input11/X (sky130_fd_sc_hd__buf_1)
                                         net11 (net)
                  0.17    0.00    2.23 ^ fanout320/A (sky130_fd_sc_hd__buf_6)
     6    0.16    0.49    0.56    2.79 ^ fanout320/X (sky130_fd_sc_hd__buf_6)
                                         net320 (net)
                  0.49    0.00    2.79 ^ fanout319/A (sky130_fd_sc_hd__buf_4)
     5    0.10    0.45    0.70    3.49 ^ fanout319/X (sky130_fd_sc_hd__buf_4)
                                         net319 (net)
                  0.45    0.00    3.50 ^ fanout245/A (sky130_fd_sc_hd__clkbuf_4)
     7    0.06    0.31    0.62    4.12 ^ fanout245/X (sky130_fd_sc_hd__clkbuf_4)
                                         net245 (net)
                  0.31    0.00    4.12 ^ fanout228/A (sky130_fd_sc_hd__dlymetal6s2s_1)
     5    0.02    0.34    0.48    4.60 ^ fanout228/X (sky130_fd_sc_hd__dlymetal6s2s_1)
                                         net228 (net)
                  0.34    0.00    4.60 ^ fanout226/A (sky130_fd_sc_hd__buf_2)
     8    0.04    0.31    0.51    5.11 ^ fanout226/X (sky130_fd_sc_hd__buf_2)
                                         net226 (net)
                  0.31    0.00    5.11 ^ fanout225/A (sky130_fd_sc_hd__clkbuf_4)
    10    0.05    0.24    0.50    5.61 ^ fanout225/X (sky130_fd_sc_hd__clkbuf_4)
                                         net225 (net)
                  0.24    0.00    5.61 ^ _08469_/A (sky130_fd_sc_hd__inv_2)
     3    0.02    0.10    0.19    5.81 v _08469_/Y (sky130_fd_sc_hd__inv_2)
                                         _05208_ (net)
                  0.10    0.00    5.81 v _08470_/A (sky130_fd_sc_hd__or4b_1)
     1    0.00    0.17    1.25    7.06 v _08470_/X (sky130_fd_sc_hd__or4b_1)
                                         _05209_ (net)
                  0.17    0.00    7.06 v _08471_/D (sky130_fd_sc_hd__or4_2)
     4    0.02    0.34    1.63    8.69 v _08471_/X (sky130_fd_sc_hd__or4_2)
                                         _05210_ (net)
                  0.34    0.00    8.69 v _08472_/C (sky130_fd_sc_hd__or3_1)
     1    0.00    0.14    0.85    9.53 v _08472_/X (sky130_fd_sc_hd__or3_1)
                                         _05211_ (net)
                  0.14    0.00    9.53 v _08473_/A (sky130_fd_sc_hd__clkbuf_4)
     9    0.04    0.15    0.38    9.91 v _08473_/X (sky130_fd_sc_hd__clkbuf_4)
                                         _05212_ (net)
                  0.15    0.00    9.92 v _08501_/S (sky130_fd_sc_hd__mux2_1)
     1    0.01    0.14    0.80   10.71 v _08501_/X (sky130_fd_sc_hd__mux2_1)
                                         _05232_ (net)
                  0.14    0.00   10.71 v _08502_/A (sky130_fd_sc_hd__clkbuf_1)
     1    0.00    0.05    0.20   10.91 v _08502_/X (sky130_fd_sc_hd__clkbuf_1)
                                         _00139_ (net)
                  0.05    0.00   10.91 v _16074_/D (sky130_fd_sc_hd__dfxtp_2)
                                 10.91   data arrival time

                  0.15   10.00   10.00   clock p_clock (rise edge)
                          0.00   10.00   clock network delay (ideal)
                         -0.25    9.75   clock uncertainty
                          0.00    9.75   clock reconvergence pessimism
                                  9.75 ^ _16074_/CLK (sky130_fd_sc_hd__dfxtp_2)
                         -0.24    9.51   library setup time
                                  9.51   data required time
-----------------------------------------------------------------------------
                                  9.51   data required time
                                -10.91   data arrival time
-----------------------------------------------------------------------------
                                 -1.41   slack (VIOLATED)



======================= Typical Corner ===================================

Startpoint: p_reset (input port clocked by p_clock)
Endpoint: _17994_ (recovery check against rising-edge clock p_clock)
Path Group: asynchronous
Path Type: max
Corner: Typical

Fanout     Cap    Slew   Delay    Time   Description
-----------------------------------------------------------------------------
                  0.15    0.00    0.00   clock p_clock (rise edge)
                          0.00    0.00   clock network delay (ideal)
                          2.00    2.00 ^ input external delay
     1    0.00    0.02    0.01    2.01 ^ p_reset (in)
                                         p_reset (net)
                  0.02    0.00    2.01 ^ input11/A (sky130_fd_sc_hd__buf_1)
     1    0.01    0.11    0.12    2.13 ^ input11/X (sky130_fd_sc_hd__buf_1)
                                         net11 (net)
                  0.11    0.00    2.13 ^ fanout320/A (sky130_fd_sc_hd__buf_6)
     6    0.16    0.31    0.32    2.46 ^ fanout320/X (sky130_fd_sc_hd__buf_6)
                                         net320 (net)
                  0.31    0.00    2.46 ^ fanout319/A (sky130_fd_sc_hd__buf_4)
     5    0.10    0.29    0.38    2.84 ^ fanout319/X (sky130_fd_sc_hd__buf_4)
                                         net319 (net)
                  0.29    0.00    2.84 ^ fanout245/A (sky130_fd_sc_hd__clkbuf_4)
     7    0.06    0.20    0.34    3.18 ^ fanout245/X (sky130_fd_sc_hd__clkbuf_4)
                                         net245 (net)
                  0.20    0.00    3.19 ^ fanout244/A (sky130_fd_sc_hd__buf_4)
    10    0.07    0.19    0.28    3.47 ^ fanout244/X (sky130_fd_sc_hd__buf_4)
                                         net244 (net)
                  0.19    0.01    3.47 ^ fanout243/A (sky130_fd_sc_hd__clkbuf_4)
    10    0.06    0.18    0.30    3.77 ^ fanout243/X (sky130_fd_sc_hd__clkbuf_4)
                                         net243 (net)
                  0.18    0.00    3.77 ^ fanout242/A (sky130_fd_sc_hd__buf_2)
     8    0.04    0.19    0.27    4.04 ^ fanout242/X (sky130_fd_sc_hd__buf_2)
                                         net242 (net)
                  0.19    0.00    4.04 ^ fanout241/A (sky130_fd_sc_hd__clkbuf_4)
    10    0.05    0.16    0.29    4.33 ^ fanout241/X (sky130_fd_sc_hd__clkbuf_4)
                                         net241 (net)
                  0.16    0.00    4.33 ^ _17994_/RESET_B (sky130_fd_sc_hd__dfrtp_1)
                                  4.33   data arrival time

                  0.15   10.00   10.00   clock p_clock (rise edge)
                          0.00   10.00   clock network delay (ideal)
                         -0.25    9.75   clock uncertainty
                          0.00    9.75   clock reconvergence pessimism
                                  9.75 ^ _17994_/CLK (sky130_fd_sc_hd__dfrtp_1)
                          0.23    9.98   library recovery time
                                  9.98   data required time
-----------------------------------------------------------------------------
                                  9.98   data required time
                                 -4.33   data arrival time
-----------------------------------------------------------------------------
                                  5.65   slack (MET)


Startpoint: p_reset (input port clocked by p_clock)
Endpoint: _16074_ (rising edge-triggered flip-flop clocked by p_clock)
Path Group: p_clock
Path Type: max
Corner: Typical

Fanout     Cap    Slew   Delay    Time   Description
-----------------------------------------------------------------------------
                  0.15    0.00    0.00   clock p_clock (rise edge)
                          0.00    0.00   clock network delay (ideal)
                          2.00    2.00 ^ input external delay
     1    0.00    0.02    0.01    2.01 ^ p_reset (in)
                                         p_reset (net)
                  0.02    0.00    2.01 ^ input11/A (sky130_fd_sc_hd__buf_1)
     1    0.01    0.11    0.12    2.13 ^ input11/X (sky130_fd_sc_hd__buf_1)
                                         net11 (net)
                  0.11    0.00    2.13 ^ fanout320/A (sky130_fd_sc_hd__buf_6)
     6    0.16    0.31    0.32    2.46 ^ fanout320/X (sky130_fd_sc_hd__buf_6)
                                         net320 (net)
                  0.31    0.00    2.46 ^ fanout319/A (sky130_fd_sc_hd__buf_4)
     5    0.10    0.29    0.38    2.84 ^ fanout319/X (sky130_fd_sc_hd__buf_4)
                                         net319 (net)
                  0.29    0.00    2.84 ^ fanout245/A (sky130_fd_sc_hd__clkbuf_4)
     7    0.06    0.20    0.34    3.18 ^ fanout245/X (sky130_fd_sc_hd__clkbuf_4)
                                         net245 (net)
                  0.20    0.00    3.18 ^ fanout228/A (sky130_fd_sc_hd__dlymetal6s2s_1)
     5    0.02    0.24    0.28    3.46 ^ fanout228/X (sky130_fd_sc_hd__dlymetal6s2s_1)
                                         net228 (net)
                  0.24    0.00    3.46 ^ fanout226/A (sky130_fd_sc_hd__buf_2)
     8    0.04    0.20    0.29    3.75 ^ fanout226/X (sky130_fd_sc_hd__buf_2)
                                         net226 (net)
                  0.20    0.00    3.75 ^ fanout225/A (sky130_fd_sc_hd__clkbuf_4)
    10    0.05    0.16    0.29    4.04 ^ fanout225/X (sky130_fd_sc_hd__clkbuf_4)
                                         net225 (net)
                  0.16    0.00    4.04 ^ _08469_/A (sky130_fd_sc_hd__inv_2)
     3    0.02    0.07    0.09    4.14 v _08469_/Y (sky130_fd_sc_hd__inv_2)
                                         _05208_ (net)
                  0.07    0.00    4.14 v _08470_/A (sky130_fd_sc_hd__or4b_1)
     1    0.00    0.08    0.53    4.67 v _08470_/X (sky130_fd_sc_hd__or4b_1)
                                         _05209_ (net)
                  0.08    0.00    4.67 v _08471_/D (sky130_fd_sc_hd__or4_2)
     4    0.02    0.16    0.67    5.35 v _08471_/X (sky130_fd_sc_hd__or4_2)
                                         _05210_ (net)
                  0.16    0.00    5.35 v _08472_/C (sky130_fd_sc_hd__or3_1)
     1    0.00    0.06    0.35    5.70 v _08472_/X (sky130_fd_sc_hd__or3_1)
                                         _05211_ (net)
                  0.06    0.00    5.70 v _08473_/A (sky130_fd_sc_hd__clkbuf_4)
     9    0.04    0.09    0.21    5.91 v _08473_/X (sky130_fd_sc_hd__clkbuf_4)
                                         _05212_ (net)
                  0.09    0.00    5.91 v _08501_/S (sky130_fd_sc_hd__mux2_1)
     1    0.01    0.07    0.36    6.27 v _08501_/X (sky130_fd_sc_hd__mux2_1)
                                         _05232_ (net)
                  0.07    0.00    6.27 v _08502_/A (sky130_fd_sc_hd__clkbuf_1)
     1    0.00    0.03    0.10    6.37 v _08502_/X (sky130_fd_sc_hd__clkbuf_1)
                                         _00139_ (net)
                  0.03    0.00    6.37 v _16074_/D (sky130_fd_sc_hd__dfxtp_2)
                                  6.37   data arrival time

                  0.15   10.00   10.00   clock p_clock (rise edge)
                          0.00   10.00   clock network delay (ideal)
                         -0.25    9.75   clock uncertainty
                          0.00    9.75   clock reconvergence pessimism
                                  9.75 ^ _16074_/CLK (sky130_fd_sc_hd__dfxtp_2)
                         -0.08    9.67   library setup time
                                  9.67   data required time
-----------------------------------------------------------------------------
                                  9.67   data required time
                                 -6.37   data arrival time
-----------------------------------------------------------------------------
                                  3.30   slack (MET)




===========================================================================
report_checks --slack_max -0.01
============================================================================
======================= Fastest Corner ===================================

No paths found.

======================= Slowest Corner ===================================

Startpoint: p_reset (input port clocked by p_clock)
Endpoint: _16074_ (rising edge-triggered flip-flop clocked by p_clock)
Path Group: p_clock
Path Type: max
Corner: Slowest

Fanout     Cap    Slew   Delay    Time   Description
-----------------------------------------------------------------------------
                  0.15    0.00    0.00   clock p_clock (rise edge)
                          0.00    0.00   clock network delay (ideal)
                          2.00    2.00 ^ input external delay
     1    0.00    0.03    0.02    2.02 ^ p_reset (in)
                                         p_reset (net)
                  0.03    0.00    2.02 ^ input11/A (sky130_fd_sc_hd__buf_1)
     1    0.01    0.17    0.22    2.23 ^ input11/X (sky130_fd_sc_hd__buf_1)
                                         net11 (net)
                  0.17    0.00    2.23 ^ fanout320/A (sky130_fd_sc_hd__buf_6)
     6    0.16    0.49    0.56    2.79 ^ fanout320/X (sky130_fd_sc_hd__buf_6)
                                         net320 (net)
                  0.49    0.00    2.79 ^ fanout319/A (sky130_fd_sc_hd__buf_4)
     5    0.10    0.45    0.70    3.49 ^ fanout319/X (sky130_fd_sc_hd__buf_4)
                                         net319 (net)
                  0.45    0.00    3.50 ^ fanout245/A (sky130_fd_sc_hd__clkbuf_4)
     7    0.06    0.31    0.62    4.12 ^ fanout245/X (sky130_fd_sc_hd__clkbuf_4)
                                         net245 (net)
                  0.31    0.00    4.12 ^ fanout228/A (sky130_fd_sc_hd__dlymetal6s2s_1)
     5    0.02    0.34    0.48    4.60 ^ fanout228/X (sky130_fd_sc_hd__dlymetal6s2s_1)
                                         net228 (net)
                  0.34    0.00    4.60 ^ fanout226/A (sky130_fd_sc_hd__buf_2)
     8    0.04    0.31    0.51    5.11 ^ fanout226/X (sky130_fd_sc_hd__buf_2)
                                         net226 (net)
                  0.31    0.00    5.11 ^ fanout225/A (sky130_fd_sc_hd__clkbuf_4)
    10    0.05    0.24    0.50    5.61 ^ fanout225/X (sky130_fd_sc_hd__clkbuf_4)
                                         net225 (net)
                  0.24    0.00    5.61 ^ _08469_/A (sky130_fd_sc_hd__inv_2)
     3    0.02    0.10    0.19    5.81 v _08469_/Y (sky130_fd_sc_hd__inv_2)
                                         _05208_ (net)
                  0.10    0.00    5.81 v _08470_/A (sky130_fd_sc_hd__or4b_1)
     1    0.00    0.17    1.25    7.06 v _08470_/X (sky130_fd_sc_hd__or4b_1)
                                         _05209_ (net)
                  0.17    0.00    7.06 v _08471_/D (sky130_fd_sc_hd__or4_2)
     4    0.02    0.34    1.63    8.69 v _08471_/X (sky130_fd_sc_hd__or4_2)
                                         _05210_ (net)
                  0.34    0.00    8.69 v _08472_/C (sky130_fd_sc_hd__or3_1)
     1    0.00    0.14    0.85    9.53 v _08472_/X (sky130_fd_sc_hd__or3_1)
                                         _05211_ (net)
                  0.14    0.00    9.53 v _08473_/A (sky130_fd_sc_hd__clkbuf_4)
     9    0.04    0.15    0.38    9.91 v _08473_/X (sky130_fd_sc_hd__clkbuf_4)
                                         _05212_ (net)
                  0.15    0.00    9.92 v _08501_/S (sky130_fd_sc_hd__mux2_1)
     1    0.01    0.14    0.80   10.71 v _08501_/X (sky130_fd_sc_hd__mux2_1)
                                         _05232_ (net)
                  0.14    0.00   10.71 v _08502_/A (sky130_fd_sc_hd__clkbuf_1)
     1    0.00    0.05    0.20   10.91 v _08502_/X (sky130_fd_sc_hd__clkbuf_1)
                                         _00139_ (net)
                  0.05    0.00   10.91 v _16074_/D (sky130_fd_sc_hd__dfxtp_2)
                                 10.91   data arrival time

                  0.15   10.00   10.00   clock p_clock (rise edge)
                          0.00   10.00   clock network delay (ideal)
                         -0.25    9.75   clock uncertainty
                          0.00    9.75   clock reconvergence pessimism
                                  9.75 ^ _16074_/CLK (sky130_fd_sc_hd__dfxtp_2)
                         -0.24    9.51   library setup time
                                  9.51   data required time
-----------------------------------------------------------------------------
                                  9.51   data required time
                                -10.91   data arrival time
-----------------------------------------------------------------------------
                                 -1.41   slack (VIOLATED)



======================= Typical Corner ===================================

No paths found.


===========================================================================
 report_check_types -max_slew -max_cap -max_fanout -violators
============================================================================
======================= Fastest Corner ===================================

max fanout

Pin                                   Limit Fanout  Slack
---------------------------------------------------------
_13975_/X                                10     17     -7 (VIOLATED)
_08640_/X                                10     16     -6 (VIOLATED)
_08652_/X                                10     16     -6 (VIOLATED)
_08656_/X                                10     16     -6 (VIOLATED)
_14251_/X                                10     16     -6 (VIOLATED)
_14467_/X                                10     16     -6 (VIOLATED)
_14049_/X                                10     15     -5 (VIOLATED)
_14076_/X                                10     15     -5 (VIOLATED)
_14112_/X                                10     15     -5 (VIOLATED)
_14209_/X                                10     15     -5 (VIOLATED)
_08660_/X                                10     14     -4 (VIOLATED)
_13952_/X                                10     14     -4 (VIOLATED)
_13970_/X                                10     14     -4 (VIOLATED)
_14002_/X                                10     14     -4 (VIOLATED)
_14022_/X                                10     14     -4 (VIOLATED)
_14039_/X                                10     14     -4 (VIOLATED)
_14123_/X                                10     14     -4 (VIOLATED)
_14146_/X                                10     14     -4 (VIOLATED)
_14180_/X                                10     14     -4 (VIOLATED)
_14208_/X                                10     14     -4 (VIOLATED)
_14210_/X                                10     14     -4 (VIOLATED)
_14218_/X                                10     14     -4 (VIOLATED)
_14220_/X                                10     14     -4 (VIOLATED)
_14335_/X                                10     14     -4 (VIOLATED)
_14368_/X                                10     14     -4 (VIOLATED)
_14583_/X                                10     14     -4 (VIOLATED)
_08644_/X                                10     13     -3 (VIOLATED)
_09079_/X                                10     13     -3 (VIOLATED)
_10376_/X                                10     13     -3 (VIOLATED)
_13928_/X                                10     13     -3 (VIOLATED)
_13972_/X                                10     13     -3 (VIOLATED)
_13984_/X                                10     13     -3 (VIOLATED)
_14051_/X                                10     13     -3 (VIOLATED)
_14083_/X                                10     13     -3 (VIOLATED)
_14089_/X                                10     13     -3 (VIOLATED)
_14094_/X                                10     13     -3 (VIOLATED)
_14147_/X                                10     13     -3 (VIOLATED)
_14159_/X                                10     13     -3 (VIOLATED)
_14179_/X                                10     13     -3 (VIOLATED)
_14197_/X                                10     13     -3 (VIOLATED)
_14232_/X                                10     13     -3 (VIOLATED)
_14312_/X                                10     13     -3 (VIOLATED)
_14349_/X                                10     13     -3 (VIOLATED)
_14386_/X                                10     13     -3 (VIOLATED)
_14387_/X                                10     13     -3 (VIOLATED)
_14551_/X                                10     13     -3 (VIOLATED)
_14650_/X                                10     13     -3 (VIOLATED)
_14687_/X                                10     13     -3 (VIOLATED)
_14748_/X                                10     13     -3 (VIOLATED)
_08668_/X                                10     12     -2 (VIOLATED)
_09200_/X                                10     12     -2 (VIOLATED)
_10359_/X                                10     12     -2 (VIOLATED)
_10372_/X                                10     12     -2 (VIOLATED)
_10380_/X                                10     12     -2 (VIOLATED)
_11057_/X                                10     12     -2 (VIOLATED)
_11282_/X                                10     12     -2 (VIOLATED)
_12678_/X                                10     12     -2 (VIOLATED)
_13934_/X                                10     12     -2 (VIOLATED)
_13944_/X                                10     12     -2 (VIOLATED)
_13956_/X                                10     12     -2 (VIOLATED)
_13957_/X                                10     12     -2 (VIOLATED)
_13960_/X                                10     12     -2 (VIOLATED)
_13967_/X                                10     12     -2 (VIOLATED)
_13971_/X                                10     12     -2 (VIOLATED)
_13985_/X                                10     12     -2 (VIOLATED)
_13991_/X                                10     12     -2 (VIOLATED)
_14012_/X                                10     12     -2 (VIOLATED)
_14027_/X                                10     12     -2 (VIOLATED)
_14033_/X                                10     12     -2 (VIOLATED)
_14058_/X                                10     12     -2 (VIOLATED)
_14063_/X                                10     12     -2 (VIOLATED)
_14064_/X                                10     12     -2 (VIOLATED)
_14071_/X                                10     12     -2 (VIOLATED)
_14074_/X                                10     12     -2 (VIOLATED)
_14078_/X                                10     12     -2 (VIOLATED)
_14081_/X                                10     12     -2 (VIOLATED)
_14090_/X                                10     12     -2 (VIOLATED)
_14091_/X                                10     12     -2 (VIOLATED)
_14097_/X                                10     12     -2 (VIOLATED)
_14113_/X                                10     12     -2 (VIOLATED)
_14118_/X                                10     12     -2 (VIOLATED)
_14126_/X                                10     12     -2 (VIOLATED)
_14150_/X                                10     12     -2 (VIOLATED)
_14154_/X                                10     12     -2 (VIOLATED)
_14165_/X                                10     12     -2 (VIOLATED)
_14225_/X                                10     12     -2 (VIOLATED)
_14236_/X                                10     12     -2 (VIOLATED)
_14238_/X                                10     12     -2 (VIOLATED)
_14252_/X                                10     12     -2 (VIOLATED)
_14293_/X                                10     12     -2 (VIOLATED)
_14318_/X                                10     12     -2 (VIOLATED)
_14336_/X                                10     12     -2 (VIOLATED)
_14373_/X                                10     12     -2 (VIOLATED)
_14383_/X                                10     12     -2 (VIOLATED)
_14409_/X                                10     12     -2 (VIOLATED)
_14456_/X                                10     12     -2 (VIOLATED)
_14491_/X                                10     12     -2 (VIOLATED)
_14711_/X                                10     12     -2 (VIOLATED)
_14719_/X                                10     12     -2 (VIOLATED)
_08607_/X                                10     11        (VIOLATED)
_08620_/X                                10     11        (VIOLATED)
_08989_/X                                10     11        (VIOLATED)
_09188_/X                                10     11        (VIOLATED)
_09472_/X                                10     11        (VIOLATED)
_09948_/X                                10     11        (VIOLATED)
_10006_/X                                10     11        (VIOLATED)
_10044_/X                                10     11        (VIOLATED)
_10319_/X                                10     11        (VIOLATED)
_10385_/X                                10     11        (VIOLATED)
_10388_/X                                10     11        (VIOLATED)
_10427_/X                                10     11        (VIOLATED)
_10703_/X                                10     11        (VIOLATED)
_10713_/X                                10     11        (VIOLATED)
_10792_/X                                10     11        (VIOLATED)
_11054_/X                                10     11        (VIOLATED)
_11745_/X                                10     11        (VIOLATED)
_12530_/X                                10     11        (VIOLATED)
_12681_/X                                10     11        (VIOLATED)
_13069_/X                                10     11        (VIOLATED)
_13927_/X                                10     11        (VIOLATED)
_13929_/X                                10     11        (VIOLATED)
_13932_/X                                10     11        (VIOLATED)
_13933_/X                                10     11        (VIOLATED)
_13943_/X                                10     11        (VIOLATED)
_13948_/X                                10     11        (VIOLATED)
_13950_/X                                10     11        (VIOLATED)
_13951_/X                                10     11        (VIOLATED)
_13961_/X                                10     11        (VIOLATED)
_13979_/X                                10     11        (VIOLATED)
_13995_/X                                10     11        (VIOLATED)
_13996_/X                                10     11        (VIOLATED)
_14001_/X                                10     11        (VIOLATED)
_14003_/X                                10     11        (VIOLATED)
_14011_/X                                10     11        (VIOLATED)
_14015_/X                                10     11        (VIOLATED)
_14019_/X                                10     11        (VIOLATED)
_14021_/X                                10     11        (VIOLATED)
_14026_/X                                10     11        (VIOLATED)
_14028_/X                                10     11        (VIOLATED)
_14032_/X                                10     11        (VIOLATED)
_14046_/Y                                10     11        (VIOLATED)
_14047_/X                                10     11        (VIOLATED)
_14054_/X                                10     11        (VIOLATED)
_14075_/X                                10     11        (VIOLATED)
_14085_/X                                10     11        (VIOLATED)
_14087_/X                                10     11        (VIOLATED)
_14088_/X                                10     11        (VIOLATED)
_14095_/X                                10     11        (VIOLATED)
_14099_/X                                10     11        (VIOLATED)
_14119_/X                                10     11        (VIOLATED)
_14157_/X                                10     11        (VIOLATED)
_14160_/X                                10     11        (VIOLATED)
_14166_/X                                10     11        (VIOLATED)
_14167_/X                                10     11        (VIOLATED)
_14183_/X                                10     11        (VIOLATED)
_14189_/X                                10     11        (VIOLATED)
_14192_/X                                10     11        (VIOLATED)
_14194_/X                                10     11        (VIOLATED)
_14214_/X                                10     11        (VIOLATED)
_14226_/X                                10     11        (VIOLATED)
_14231_/X                                10     11        (VIOLATED)
_14233_/X                                10     11        (VIOLATED)
_14248_/X                                10     11        (VIOLATED)
_14256_/X                                10     11        (VIOLATED)
_14262_/X                                10     11        (VIOLATED)
_14263_/X                                10     11        (VIOLATED)
_14265_/X                                10     11        (VIOLATED)
_14283_/X                                10     11        (VIOLATED)
_14288_/X                                10     11        (VIOLATED)
_14296_/X                                10     11        (VIOLATED)
_14308_/X                                10     11        (VIOLATED)
_14362_/X                                10     11        (VIOLATED)
_14380_/X                                10     11        (VIOLATED)
_14403_/X                                10     11        (VIOLATED)
_14466_/X                                10     11        (VIOLATED)
_14487_/X                                10     11        (VIOLATED)
_14492_/X                                10     11        (VIOLATED)
_14528_/X                                10     11        (VIOLATED)
_14555_/X                                10     11        (VIOLATED)
_14558_/X                                10     11        (VIOLATED)
_14563_/X                                10     11        (VIOLATED)
_14871_/X                                10     11        (VIOLATED)


max slew violations count Fastest: 0
max fanout violations count Fastest: 182
max cap violations count Fastest: 0
======================= Slowest Corner ===================================

max slew

Pin                                    Limit    Slew   Slack
------------------------------------------------------------
_14996_/C1                              0.75    0.91   -0.16 (VIOLATED)
_13955_/A                               0.75    0.91   -0.16 (VIOLATED)
_13978_/A                               0.75    0.91   -0.16 (VIOLATED)
_14419_/A                               0.75    0.91   -0.16 (VIOLATED)
_14177_/A                               0.75    0.91   -0.16 (VIOLATED)
_15151_/C1                              0.75    0.91   -0.16 (VIOLATED)
_15639_/C1                              0.75    0.91   -0.16 (VIOLATED)
_14046_/A                               0.75    0.91   -0.16 (VIOLATED)
_08557_/C                               0.75    0.91   -0.16 (VIOLATED)
_18407_/Q                               0.75    0.91   -0.16 (VIOLATED)
_13736_/A1                              0.75    0.84   -0.09 (VIOLATED)
ANTENNA_248/DIODE                       0.75    0.84   -0.09 (VIOLATED)
_08597_/A0                              0.75    0.84   -0.09 (VIOLATED)
hold176/X                               0.75    0.84   -0.09 (VIOLATED)
_12205_/S                               0.75    0.81   -0.06 (VIOLATED)
_12209_/S                               0.75    0.81   -0.06 (VIOLATED)
_12207_/S                               0.75    0.81   -0.06 (VIOLATED)
_12203_/S                               0.75    0.81   -0.06 (VIOLATED)
_12195_/S                               0.75    0.81   -0.06 (VIOLATED)
_12197_/S                               0.75    0.81   -0.06 (VIOLATED)
_12199_/S                               0.75    0.81   -0.06 (VIOLATED)
_12201_/S                               0.75    0.81   -0.06 (VIOLATED)
_12194_/Y                               0.75    0.81   -0.06 (VIOLATED)
_11644_/S                               0.75    0.81   -0.06 (VIOLATED)
_11634_/S                               0.75    0.81   -0.06 (VIOLATED)
_11638_/S                               0.75    0.81   -0.06 (VIOLATED)
ANTENNA_237/DIODE                       0.75    0.81   -0.06 (VIOLATED)
_11636_/S                               0.75    0.81   -0.06 (VIOLATED)
_11642_/S                               0.75    0.81   -0.06 (VIOLATED)
_11648_/S                               0.75    0.81   -0.06 (VIOLATED)
_11640_/S                               0.75    0.81   -0.06 (VIOLATED)
_11646_/S                               0.75    0.81   -0.06 (VIOLATED)
_11633_/Y                               0.75    0.81   -0.06 (VIOLATED)
_08868_/S                               0.75    0.80   -0.05 (VIOLATED)
_08874_/S                               0.75    0.80   -0.05 (VIOLATED)
_08872_/S                               0.75    0.80   -0.05 (VIOLATED)
_08870_/S                               0.75    0.80   -0.05 (VIOLATED)
_08867_/Y                               0.75    0.80   -0.05 (VIOLATED)
max_cap18/A                             0.75    0.80   -0.05 (VIOLATED)
_12222_/S                               0.75    0.78   -0.03 (VIOLATED)
_12226_/S                               0.75    0.78   -0.03 (VIOLATED)
_12224_/S                               0.75    0.78   -0.03 (VIOLATED)
_12220_/S                               0.75    0.78   -0.03 (VIOLATED)
_12216_/S                               0.75    0.78   -0.03 (VIOLATED)
_12212_/S                               0.75    0.78   -0.03 (VIOLATED)
_12214_/S                               0.75    0.78   -0.03 (VIOLATED)
_12218_/S                               0.75    0.78   -0.03 (VIOLATED)
_12211_/Y                               0.75    0.78   -0.03 (VIOLATED)
_10894_/S                               0.75    0.77   -0.02 (VIOLATED)
_10898_/S                               0.75    0.77   -0.02 (VIOLATED)
_10892_/S                               0.75    0.77   -0.02 (VIOLATED)
_10888_/S                               0.75    0.77   -0.02 (VIOLATED)
_10896_/S                               0.75    0.77   -0.02 (VIOLATED)
_10884_/S                               0.75    0.77   -0.02 (VIOLATED)
_10886_/S                               0.75    0.77   -0.02 (VIOLATED)
_10890_/S                               0.75    0.77   -0.02 (VIOLATED)
_10883_/Y                               0.75    0.77   -0.02 (VIOLATED)
_11318_/S                               0.75    0.77   -0.02 (VIOLATED)
_11328_/S                               0.75    0.77   -0.02 (VIOLATED)
_11324_/S                               0.75    0.77   -0.02 (VIOLATED)
_11322_/S                               0.75    0.77   -0.02 (VIOLATED)
_11326_/S                               0.75    0.77   -0.02 (VIOLATED)
_11320_/S                               0.75    0.77   -0.02 (VIOLATED)
_11314_/S                               0.75    0.77   -0.02 (VIOLATED)
_11313_/Y                               0.75    0.77   -0.02 (VIOLATED)
_11316_/S                               0.75    0.77   -0.02 (VIOLATED)
_10911_/S                               0.75    0.77   -0.02 (VIOLATED)
_10915_/S                               0.75    0.77   -0.02 (VIOLATED)
_10909_/S                               0.75    0.77   -0.02 (VIOLATED)
_10905_/S                               0.75    0.77   -0.02 (VIOLATED)
_10903_/S                               0.75    0.77   -0.02 (VIOLATED)
_10913_/S                               0.75    0.77   -0.02 (VIOLATED)
_10901_/S                               0.75    0.77   -0.02 (VIOLATED)
_10907_/S                               0.75    0.77   -0.02 (VIOLATED)
_10900_/Y                               0.75    0.77   -0.02 (VIOLATED)
_12257_/S                               0.75    0.77   -0.02 (VIOLATED)
_12261_/S                               0.75    0.77   -0.02 (VIOLATED)
_12259_/S                               0.75    0.77   -0.02 (VIOLATED)
_12255_/S                               0.75    0.77   -0.02 (VIOLATED)
_12251_/S                               0.75    0.77   -0.02 (VIOLATED)
_12247_/S                               0.75    0.77   -0.02 (VIOLATED)
_12249_/S                               0.75    0.77   -0.02 (VIOLATED)
_12253_/S                               0.75    0.77   -0.02 (VIOLATED)
_12246_/Y                               0.75    0.77   -0.02 (VIOLATED)
_11353_/S                               0.75    0.77   -0.02 (VIOLATED)
_11363_/S                               0.75    0.77   -0.02 (VIOLATED)
_11359_/S                               0.75    0.77   -0.02 (VIOLATED)
_11357_/S                               0.75    0.77   -0.02 (VIOLATED)
_11361_/S                               0.75    0.77   -0.02 (VIOLATED)
_11355_/S                               0.75    0.77   -0.02 (VIOLATED)
_11349_/S                               0.75    0.77   -0.02 (VIOLATED)
_11348_/Y                               0.75    0.77   -0.02 (VIOLATED)
_11351_/S                               0.75    0.77   -0.02 (VIOLATED)
_08628_/A0                              0.75    0.77   -0.02 (VIOLATED)
_08626_/Y                               0.75    0.77   -0.02 (VIOLATED)
_10586_/S                               0.75    0.76   -0.01 (VIOLATED)
_10592_/S                               0.75    0.76   -0.01 (VIOLATED)
_10588_/S                               0.75    0.76   -0.01 (VIOLATED)
_10582_/S                               0.75    0.76   -0.01 (VIOLATED)
_10578_/S                               0.75    0.76   -0.01 (VIOLATED)
_10580_/S                               0.75    0.76   -0.01 (VIOLATED)
_10590_/S                               0.75    0.76   -0.01 (VIOLATED)
_10584_/S                               0.75    0.76   -0.01 (VIOLATED)
_10577_/Y                               0.75    0.76   -0.01 (VIOLATED)
_11612_/S                               0.75    0.76   -0.01 (VIOLATED)
_11615_/S                               0.75    0.76   -0.01 (VIOLATED)
_11624_/S                               0.75    0.76   -0.01 (VIOLATED)
_11609_/S                               0.75    0.76   -0.01 (VIOLATED)
_11630_/S                               0.75    0.76   -0.01 (VIOLATED)
_11627_/S                               0.75    0.76   -0.01 (VIOLATED)
_11618_/S                               0.75    0.76   -0.01 (VIOLATED)
_11621_/S                               0.75    0.76   -0.01 (VIOLATED)
_11608_/Y                               0.75    0.76   -0.01 (VIOLATED)
_09400_/S                               0.75    0.76   -0.01 (VIOLATED)
_09390_/S                               0.75    0.76   -0.01 (VIOLATED)
_09394_/S                               0.75    0.76   -0.01 (VIOLATED)
_09388_/S                               0.75    0.76   -0.01 (VIOLATED)
_09392_/S                               0.75    0.76   -0.01 (VIOLATED)
_09386_/S                               0.75    0.76   -0.01 (VIOLATED)
_09396_/S                               0.75    0.76   -0.01 (VIOLATED)
_09398_/S                               0.75    0.76   -0.01 (VIOLATED)
_09385_/Y                               0.75    0.76   -0.01 (VIOLATED)
_09537_/S                               0.75    0.76   -0.01 (VIOLATED)
_09531_/S                               0.75    0.76   -0.01 (VIOLATED)
_09540_/S                               0.75    0.76   -0.01 (VIOLATED)
_09534_/S                               0.75    0.76   -0.01 (VIOLATED)
_09549_/S                               0.75    0.76   -0.01 (VIOLATED)
_09528_/S                               0.75    0.76   -0.01 (VIOLATED)
_09546_/S                               0.75    0.76   -0.01 (VIOLATED)
_09527_/Y                               0.75    0.76   -0.01 (VIOLATED)
_09543_/S                               0.75    0.76   -0.01 (VIOLATED)
_10425_/S                               0.75    0.75   -0.00 (VIOLATED)
_10419_/S                               0.75    0.75   -0.00 (VIOLATED)
_10421_/S                               0.75    0.75   -0.00 (VIOLATED)
_10415_/S                               0.75    0.75   -0.00 (VIOLATED)
_10413_/S                               0.75    0.75   -0.00 (VIOLATED)
_10411_/S                               0.75    0.75   -0.00 (VIOLATED)
_10423_/S                               0.75    0.75   -0.00 (VIOLATED)
_10417_/S                               0.75    0.75   -0.00 (VIOLATED)
_10410_/Y                               0.75    0.75   -0.00 (VIOLATED)

max fanout

Pin                                   Limit Fanout  Slack
---------------------------------------------------------
_13975_/X                                10     17     -7 (VIOLATED)
_08640_/X                                10     16     -6 (VIOLATED)
_08652_/X                                10     16     -6 (VIOLATED)
_08656_/X                                10     16     -6 (VIOLATED)
_14251_/X                                10     16     -6 (VIOLATED)
_14467_/X                                10     16     -6 (VIOLATED)
_14049_/X                                10     15     -5 (VIOLATED)
_14076_/X                                10     15     -5 (VIOLATED)
_14112_/X                                10     15     -5 (VIOLATED)
_14209_/X                                10     15     -5 (VIOLATED)
_08660_/X                                10     14     -4 (VIOLATED)
_13952_/X                                10     14     -4 (VIOLATED)
_13970_/X                                10     14     -4 (VIOLATED)
_14002_/X                                10     14     -4 (VIOLATED)
_14022_/X                                10     14     -4 (VIOLATED)
_14039_/X                                10     14     -4 (VIOLATED)
_14123_/X                                10     14     -4 (VIOLATED)
_14146_/X                                10     14     -4 (VIOLATED)
_14180_/X                                10     14     -4 (VIOLATED)
_14208_/X                                10     14     -4 (VIOLATED)
_14210_/X                                10     14     -4 (VIOLATED)
_14218_/X                                10     14     -4 (VIOLATED)
_14220_/X                                10     14     -4 (VIOLATED)
_14335_/X                                10     14     -4 (VIOLATED)
_14368_/X                                10     14     -4 (VIOLATED)
_14583_/X                                10     14     -4 (VIOLATED)
_08644_/X                                10     13     -3 (VIOLATED)
_09079_/X                                10     13     -3 (VIOLATED)
_10376_/X                                10     13     -3 (VIOLATED)
_13928_/X                                10     13     -3 (VIOLATED)
_13972_/X                                10     13     -3 (VIOLATED)
_13984_/X                                10     13     -3 (VIOLATED)
_14051_/X                                10     13     -3 (VIOLATED)
_14083_/X                                10     13     -3 (VIOLATED)
_14089_/X                                10     13     -3 (VIOLATED)
_14094_/X                                10     13     -3 (VIOLATED)
_14147_/X                                10     13     -3 (VIOLATED)
_14159_/X                                10     13     -3 (VIOLATED)
_14179_/X                                10     13     -3 (VIOLATED)
_14197_/X                                10     13     -3 (VIOLATED)
_14232_/X                                10     13     -3 (VIOLATED)
_14312_/X                                10     13     -3 (VIOLATED)
_14349_/X                                10     13     -3 (VIOLATED)
_14386_/X                                10     13     -3 (VIOLATED)
_14387_/X                                10     13     -3 (VIOLATED)
_14551_/X                                10     13     -3 (VIOLATED)
_14650_/X                                10     13     -3 (VIOLATED)
_14687_/X                                10     13     -3 (VIOLATED)
_14748_/X                                10     13     -3 (VIOLATED)
_08668_/X                                10     12     -2 (VIOLATED)
_09200_/X                                10     12     -2 (VIOLATED)
_10359_/X                                10     12     -2 (VIOLATED)
_10372_/X                                10     12     -2 (VIOLATED)
_10380_/X                                10     12     -2 (VIOLATED)
_11057_/X                                10     12     -2 (VIOLATED)
_11282_/X                                10     12     -2 (VIOLATED)
_12678_/X                                10     12     -2 (VIOLATED)
_13934_/X                                10     12     -2 (VIOLATED)
_13944_/X                                10     12     -2 (VIOLATED)
_13956_/X                                10     12     -2 (VIOLATED)
_13957_/X                                10     12     -2 (VIOLATED)
_13960_/X                                10     12     -2 (VIOLATED)
_13967_/X                                10     12     -2 (VIOLATED)
_13971_/X                                10     12     -2 (VIOLATED)
_13985_/X                                10     12     -2 (VIOLATED)
_13991_/X                                10     12     -2 (VIOLATED)
_14012_/X                                10     12     -2 (VIOLATED)
_14027_/X                                10     12     -2 (VIOLATED)
_14033_/X                                10     12     -2 (VIOLATED)
_14058_/X                                10     12     -2 (VIOLATED)
_14063_/X                                10     12     -2 (VIOLATED)
_14064_/X                                10     12     -2 (VIOLATED)
_14071_/X                                10     12     -2 (VIOLATED)
_14074_/X                                10     12     -2 (VIOLATED)
_14078_/X                                10     12     -2 (VIOLATED)
_14081_/X                                10     12     -2 (VIOLATED)
_14090_/X                                10     12     -2 (VIOLATED)
_14091_/X                                10     12     -2 (VIOLATED)
_14097_/X                                10     12     -2 (VIOLATED)
_14113_/X                                10     12     -2 (VIOLATED)
_14118_/X                                10     12     -2 (VIOLATED)
_14126_/X                                10     12     -2 (VIOLATED)
_14150_/X                                10     12     -2 (VIOLATED)
_14154_/X                                10     12     -2 (VIOLATED)
_14165_/X                                10     12     -2 (VIOLATED)
_14225_/X                                10     12     -2 (VIOLATED)
_14236_/X                                10     12     -2 (VIOLATED)
_14238_/X                                10     12     -2 (VIOLATED)
_14252_/X                                10     12     -2 (VIOLATED)
_14293_/X                                10     12     -2 (VIOLATED)
_14318_/X                                10     12     -2 (VIOLATED)
_14336_/X                                10     12     -2 (VIOLATED)
_14373_/X                                10     12     -2 (VIOLATED)
_14383_/X                                10     12     -2 (VIOLATED)
_14409_/X                                10     12     -2 (VIOLATED)
_14456_/X                                10     12     -2 (VIOLATED)
_14491_/X                                10     12     -2 (VIOLATED)
_14711_/X                                10     12     -2 (VIOLATED)
_14719_/X                                10     12     -2 (VIOLATED)
_08607_/X                                10     11        (VIOLATED)
_08620_/X                                10     11        (VIOLATED)
_08989_/X                                10     11        (VIOLATED)
_09188_/X                                10     11        (VIOLATED)
_09472_/X                                10     11        (VIOLATED)
_09948_/X                                10     11        (VIOLATED)
_10006_/X                                10     11        (VIOLATED)
_10044_/X                                10     11        (VIOLATED)
_10319_/X                                10     11        (VIOLATED)
_10385_/X                                10     11        (VIOLATED)
_10388_/X                                10     11        (VIOLATED)
_10427_/X                                10     11        (VIOLATED)
_10703_/X                                10     11        (VIOLATED)
_10713_/X                                10     11        (VIOLATED)
_10792_/X                                10     11        (VIOLATED)
_11054_/X                                10     11        (VIOLATED)
_11745_/X                                10     11        (VIOLATED)
_12530_/X                                10     11        (VIOLATED)
_12681_/X                                10     11        (VIOLATED)
_13069_/X                                10     11        (VIOLATED)
_13927_/X                                10     11        (VIOLATED)
_13929_/X                                10     11        (VIOLATED)
_13932_/X                                10     11        (VIOLATED)
_13933_/X                                10     11        (VIOLATED)
_13943_/X                                10     11        (VIOLATED)
_13948_/X                                10     11        (VIOLATED)
_13950_/X                                10     11        (VIOLATED)
_13951_/X                                10     11        (VIOLATED)
_13961_/X                                10     11        (VIOLATED)
_13979_/X                                10     11        (VIOLATED)
_13995_/X                                10     11        (VIOLATED)
_13996_/X                                10     11        (VIOLATED)
_14001_/X                                10     11        (VIOLATED)
_14003_/X                                10     11        (VIOLATED)
_14011_/X                                10     11        (VIOLATED)
_14015_/X                                10     11        (VIOLATED)
_14019_/X                                10     11        (VIOLATED)
_14021_/X                                10     11        (VIOLATED)
_14026_/X                                10     11        (VIOLATED)
_14028_/X                                10     11        (VIOLATED)
_14032_/X                                10     11        (VIOLATED)
_14046_/Y                                10     11        (VIOLATED)
_14047_/X                                10     11        (VIOLATED)
_14054_/X                                10     11        (VIOLATED)
_14075_/X                                10     11        (VIOLATED)
_14085_/X                                10     11        (VIOLATED)
_14087_/X                                10     11        (VIOLATED)
_14088_/X                                10     11        (VIOLATED)
_14095_/X                                10     11        (VIOLATED)
_14099_/X                                10     11        (VIOLATED)
_14119_/X                                10     11        (VIOLATED)
_14157_/X                                10     11        (VIOLATED)
_14160_/X                                10     11        (VIOLATED)
_14166_/X                                10     11        (VIOLATED)
_14167_/X                                10     11        (VIOLATED)
_14183_/X                                10     11        (VIOLATED)
_14189_/X                                10     11        (VIOLATED)
_14192_/X                                10     11        (VIOLATED)
_14194_/X                                10     11        (VIOLATED)
_14214_/X                                10     11        (VIOLATED)
_14226_/X                                10     11        (VIOLATED)
_14231_/X                                10     11        (VIOLATED)
_14233_/X                                10     11        (VIOLATED)
_14248_/X                                10     11        (VIOLATED)
_14256_/X                                10     11        (VIOLATED)
_14262_/X                                10     11        (VIOLATED)
_14263_/X                                10     11        (VIOLATED)
_14265_/X                                10     11        (VIOLATED)
_14283_/X                                10     11        (VIOLATED)
_14288_/X                                10     11        (VIOLATED)
_14296_/X                                10     11        (VIOLATED)
_14308_/X                                10     11        (VIOLATED)
_14362_/X                                10     11        (VIOLATED)
_14380_/X                                10     11        (VIOLATED)
_14403_/X                                10     11        (VIOLATED)
_14466_/X                                10     11        (VIOLATED)
_14487_/X                                10     11        (VIOLATED)
_14492_/X                                10     11        (VIOLATED)
_14528_/X                                10     11        (VIOLATED)
_14555_/X                                10     11        (VIOLATED)
_14558_/X                                10     11        (VIOLATED)
_14563_/X                                10     11        (VIOLATED)
_14871_/X                                10     11        (VIOLATED)


max slew violations count Slowest: 140
max fanout violations count Slowest: 182
max cap violations count Slowest: 0
======================= Typical Corner ===================================

max fanout

Pin                                   Limit Fanout  Slack
---------------------------------------------------------
_13975_/X                                10     17     -7 (VIOLATED)
_08640_/X                                10     16     -6 (VIOLATED)
_08652_/X                                10     16     -6 (VIOLATED)
_08656_/X                                10     16     -6 (VIOLATED)
_14251_/X                                10     16     -6 (VIOLATED)
_14467_/X                                10     16     -6 (VIOLATED)
_14049_/X                                10     15     -5 (VIOLATED)
_14076_/X                                10     15     -5 (VIOLATED)
_14112_/X                                10     15     -5 (VIOLATED)
_14209_/X                                10     15     -5 (VIOLATED)
_08660_/X                                10     14     -4 (VIOLATED)
_13952_/X                                10     14     -4 (VIOLATED)
_13970_/X                                10     14     -4 (VIOLATED)
_14002_/X                                10     14     -4 (VIOLATED)
_14022_/X                                10     14     -4 (VIOLATED)
_14039_/X                                10     14     -4 (VIOLATED)
_14123_/X                                10     14     -4 (VIOLATED)
_14146_/X                                10     14     -4 (VIOLATED)
_14180_/X                                10     14     -4 (VIOLATED)
_14208_/X                                10     14     -4 (VIOLATED)
_14210_/X                                10     14     -4 (VIOLATED)
_14218_/X                                10     14     -4 (VIOLATED)
_14220_/X                                10     14     -4 (VIOLATED)
_14335_/X                                10     14     -4 (VIOLATED)
_14368_/X                                10     14     -4 (VIOLATED)
_14583_/X                                10     14     -4 (VIOLATED)
_08644_/X                                10     13     -3 (VIOLATED)
_09079_/X                                10     13     -3 (VIOLATED)
_10376_/X                                10     13     -3 (VIOLATED)
_13928_/X                                10     13     -3 (VIOLATED)
_13972_/X                                10     13     -3 (VIOLATED)
_13984_/X                                10     13     -3 (VIOLATED)
_14051_/X                                10     13     -3 (VIOLATED)
_14083_/X                                10     13     -3 (VIOLATED)
_14089_/X                                10     13     -3 (VIOLATED)
_14094_/X                                10     13     -3 (VIOLATED)
_14147_/X                                10     13     -3 (VIOLATED)
_14159_/X                                10     13     -3 (VIOLATED)
_14179_/X                                10     13     -3 (VIOLATED)
_14197_/X                                10     13     -3 (VIOLATED)
_14232_/X                                10     13     -3 (VIOLATED)
_14312_/X                                10     13     -3 (VIOLATED)
_14349_/X                                10     13     -3 (VIOLATED)
_14386_/X                                10     13     -3 (VIOLATED)
_14387_/X                                10     13     -3 (VIOLATED)
_14551_/X                                10     13     -3 (VIOLATED)
_14650_/X                                10     13     -3 (VIOLATED)
_14687_/X                                10     13     -3 (VIOLATED)
_14748_/X                                10     13     -3 (VIOLATED)
_08668_/X                                10     12     -2 (VIOLATED)
_09200_/X                                10     12     -2 (VIOLATED)
_10359_/X                                10     12     -2 (VIOLATED)
_10372_/X                                10     12     -2 (VIOLATED)
_10380_/X                                10     12     -2 (VIOLATED)
_11057_/X                                10     12     -2 (VIOLATED)
_11282_/X                                10     12     -2 (VIOLATED)
_12678_/X                                10     12     -2 (VIOLATED)
_13934_/X                                10     12     -2 (VIOLATED)
_13944_/X                                10     12     -2 (VIOLATED)
_13956_/X                                10     12     -2 (VIOLATED)
_13957_/X                                10     12     -2 (VIOLATED)
_13960_/X                                10     12     -2 (VIOLATED)
_13967_/X                                10     12     -2 (VIOLATED)
_13971_/X                                10     12     -2 (VIOLATED)
_13985_/X                                10     12     -2 (VIOLATED)
_13991_/X                                10     12     -2 (VIOLATED)
_14012_/X                                10     12     -2 (VIOLATED)
_14027_/X                                10     12     -2 (VIOLATED)
_14033_/X                                10     12     -2 (VIOLATED)
_14058_/X                                10     12     -2 (VIOLATED)
_14063_/X                                10     12     -2 (VIOLATED)
_14064_/X                                10     12     -2 (VIOLATED)
_14071_/X                                10     12     -2 (VIOLATED)
_14074_/X                                10     12     -2 (VIOLATED)
_14078_/X                                10     12     -2 (VIOLATED)
_14081_/X                                10     12     -2 (VIOLATED)
_14090_/X                                10     12     -2 (VIOLATED)
_14091_/X                                10     12     -2 (VIOLATED)
_14097_/X                                10     12     -2 (VIOLATED)
_14113_/X                                10     12     -2 (VIOLATED)
_14118_/X                                10     12     -2 (VIOLATED)
_14126_/X                                10     12     -2 (VIOLATED)
_14150_/X                                10     12     -2 (VIOLATED)
_14154_/X                                10     12     -2 (VIOLATED)
_14165_/X                                10     12     -2 (VIOLATED)
_14225_/X                                10     12     -2 (VIOLATED)
_14236_/X                                10     12     -2 (VIOLATED)
_14238_/X                                10     12     -2 (VIOLATED)
_14252_/X                                10     12     -2 (VIOLATED)
_14293_/X                                10     12     -2 (VIOLATED)
_14318_/X                                10     12     -2 (VIOLATED)
_14336_/X                                10     12     -2 (VIOLATED)
_14373_/X                                10     12     -2 (VIOLATED)
_14383_/X                                10     12     -2 (VIOLATED)
_14409_/X                                10     12     -2 (VIOLATED)
_14456_/X                                10     12     -2 (VIOLATED)
_14491_/X                                10     12     -2 (VIOLATED)
_14711_/X                                10     12     -2 (VIOLATED)
_14719_/X                                10     12     -2 (VIOLATED)
_08607_/X                                10     11        (VIOLATED)
_08620_/X                                10     11        (VIOLATED)
_08989_/X                                10     11        (VIOLATED)
_09188_/X                                10     11        (VIOLATED)
_09472_/X                                10     11        (VIOLATED)
_09948_/X                                10     11        (VIOLATED)
_10006_/X                                10     11        (VIOLATED)
_10044_/X                                10     11        (VIOLATED)
_10319_/X                                10     11        (VIOLATED)
_10385_/X                                10     11        (VIOLATED)
_10388_/X                                10     11        (VIOLATED)
_10427_/X                                10     11        (VIOLATED)
_10703_/X                                10     11        (VIOLATED)
_10713_/X                                10     11        (VIOLATED)
_10792_/X                                10     11        (VIOLATED)
_11054_/X                                10     11        (VIOLATED)
_11745_/X                                10     11        (VIOLATED)
_12530_/X                                10     11        (VIOLATED)
_12681_/X                                10     11        (VIOLATED)
_13069_/X                                10     11        (VIOLATED)
_13927_/X                                10     11        (VIOLATED)
_13929_/X                                10     11        (VIOLATED)
_13932_/X                                10     11        (VIOLATED)
_13933_/X                                10     11        (VIOLATED)
_13943_/X                                10     11        (VIOLATED)
_13948_/X                                10     11        (VIOLATED)
_13950_/X                                10     11        (VIOLATED)
_13951_/X                                10     11        (VIOLATED)
_13961_/X                                10     11        (VIOLATED)
_13979_/X                                10     11        (VIOLATED)
_13995_/X                                10     11        (VIOLATED)
_13996_/X                                10     11        (VIOLATED)
_14001_/X                                10     11        (VIOLATED)
_14003_/X                                10     11        (VIOLATED)
_14011_/X                                10     11        (VIOLATED)
_14015_/X                                10     11        (VIOLATED)
_14019_/X                                10     11        (VIOLATED)
_14021_/X                                10     11        (VIOLATED)
_14026_/X                                10     11        (VIOLATED)
_14028_/X                                10     11        (VIOLATED)
_14032_/X                                10     11        (VIOLATED)
_14046_/Y                                10     11        (VIOLATED)
_14047_/X                                10     11        (VIOLATED)
_14054_/X                                10     11        (VIOLATED)
_14075_/X                                10     11        (VIOLATED)
_14085_/X                                10     11        (VIOLATED)
_14087_/X                                10     11        (VIOLATED)
_14088_/X                                10     11        (VIOLATED)
_14095_/X                                10     11        (VIOLATED)
_14099_/X                                10     11        (VIOLATED)
_14119_/X                                10     11        (VIOLATED)
_14157_/X                                10     11        (VIOLATED)
_14160_/X                                10     11        (VIOLATED)
_14166_/X                                10     11        (VIOLATED)
_14167_/X                                10     11        (VIOLATED)
_14183_/X                                10     11        (VIOLATED)
_14189_/X                                10     11        (VIOLATED)
_14192_/X                                10     11        (VIOLATED)
_14194_/X                                10     11        (VIOLATED)
_14214_/X                                10     11        (VIOLATED)
_14226_/X                                10     11        (VIOLATED)
_14231_/X                                10     11        (VIOLATED)
_14233_/X                                10     11        (VIOLATED)
_14248_/X                                10     11        (VIOLATED)
_14256_/X                                10     11        (VIOLATED)
_14262_/X                                10     11        (VIOLATED)
_14263_/X                                10     11        (VIOLATED)
_14265_/X                                10     11        (VIOLATED)
_14283_/X                                10     11        (VIOLATED)
_14288_/X                                10     11        (VIOLATED)
_14296_/X                                10     11        (VIOLATED)
_14308_/X                                10     11        (VIOLATED)
_14362_/X                                10     11        (VIOLATED)
_14380_/X                                10     11        (VIOLATED)
_14403_/X                                10     11        (VIOLATED)
_14466_/X                                10     11        (VIOLATED)
_14487_/X                                10     11        (VIOLATED)
_14492_/X                                10     11        (VIOLATED)
_14528_/X                                10     11        (VIOLATED)
_14555_/X                                10     11        (VIOLATED)
_14558_/X                                10     11        (VIOLATED)
_14563_/X                                10     11        (VIOLATED)
_14871_/X                                10     11        (VIOLATED)


max slew violations count Typical: 0
max fanout violations count Typical: 182
max cap violations count Typical: 0

===========================================================================
report_parasitic_annotation -report_unannotated
============================================================================
Found 0 unannotated drivers.
Found 0 partially unannotated drivers.

===========================================================================
max slew violation count 140
max fanout violation count 182
max cap violation count 0
============================================================================

===========================================================================
check_setup -verbose -unconstrained_endpoints -multiple_clock -no_clock -no_input_delay -loops -generated_clocks
===========================================================================
