Partial/Required:  4.81, Required:    400.0, Partial:  1925.62, Net: _02962_, Pin: _14778_/A2, Layer: met3
Partial/Required:  4.13, Required:    400.0, Partial:  1652.49, Net: _03545_, Pin: _15178_/A2, Layer: met3
Partial/Required:  4.09, Required:    400.0, Partial:  1635.81, Net: _02941_, Pin: _15282_/A2, Layer: met3
Partial/Required:  3.66, Required:    400.0, Partial:  1464.18, Net: _02909_, Pin: _15034_/A2, Layer: met3
Partial/Required:  2.71, Required:    400.0, Partial:  1083.04, Net: _03689_, Pin: _14797_/B1, Layer: met3
Partial/Required:  2.71, Required:    400.0, Partial:  1083.04, Net: _03689_, Pin: _14795_/B1, Layer: met3
Partial/Required:  2.71, Required:    400.0, Partial:  1083.04, Net: _03689_, Pin: _14838_/B1, Layer: met3
Partial/Required:  2.35, Required:    400.0, Partial:   939.86, Net: _02893_, Pin: _14510_/A2, Layer: met3
Partial/Required:  2.35, Required:    400.0, Partial:   939.86, Net: _02893_, Pin: _14508_/A2, Layer: met3
Partial/Required:  2.32, Required:    400.0, Partial:   929.62, Net: _02901_, Pin: _15160_/B1, Layer: met3
Partial/Required:  2.07, Required:    400.0, Partial:   828.28, Net: _02510_, Pin: _13456_/D, Layer: met2
Partial/Required:  2.00, Required:    400.0, Partial:   799.68, Net: _02993_, Pin: _14861_/B, Layer: met3
Partial/Required:  2.00, Required:    400.0, Partial:   799.68, Net: _02993_, Pin: _15065_/B, Layer: met3
Partial/Required:  1.95, Required:    400.0, Partial:   779.56, Net: _06624_, Pin: _11379_/A0, Layer: met1
Partial/Required:  1.92, Required:    400.0, Partial:   769.55, Net: _03284_, Pin: _14388_/A, Layer: met3
Partial/Required:  1.85, Required:    400.0, Partial:   739.59, Net: _03164_, Pin: _15447_/B1, Layer: met3
Partial/Required:  1.85, Required:    400.0, Partial:   739.59, Net: _03164_, Pin: _14433_/B1, Layer: met3
Partial/Required:  1.85, Required:    400.0, Partial:    738.8, Net: _03042_, Pin: _15639_/A2, Layer: met1
Partial/Required:  1.83, Required:    400.0, Partial:   733.93, Net: _02904_, Pin: _14704_/C1, Layer: met3
Partial/Required:  1.82, Required:    400.0, Partial:   728.89, Net: _03131_, Pin: _15446_/B, Layer: met3
Partial/Required:  1.75, Required:    400.0, Partial:   698.25, Net: _03311_, Pin: _15541_/B1, Layer: met3
Partial/Required:  1.73, Required:    400.0, Partial:    692.3, Net: _02901_, Pin: _15256_/B1, Layer: met3
Partial/Required:  1.73, Required:    400.0, Partial:    692.3, Net: _02901_, Pin: _15232_/B1, Layer: met3
Partial/Required:  1.73, Required:    400.0, Partial:   690.56, Net: _06897_, Pin: _11277_/A1, Layer: met1
Partial/Required:  1.70, Required:    400.0, Partial:   681.86, Net: _06382_, Pin: _11285_/A, Layer: met1
Partial/Required:  1.70, Required:    400.0, Partial:   680.26, Net: _02957_, Pin: _14070_/A2, Layer: met1
Partial/Required:  1.69, Required:    400.0, Partial:   677.03, Net: _02965_, Pin: _15001_/B1, Layer: met1
Partial/Required:  1.65, Required:    400.0, Partial:   659.04, Net: _04010_, Pin: _15305_/B1, Layer: met3
Partial/Required:  1.65, Required:    400.0, Partial:   659.04, Net: _04010_, Pin: _15647_/B1, Layer: met3
Partial/Required:  1.65, Required:    400.0, Partial:   659.04, Net: _04010_, Pin: _15645_/B1, Layer: met3
Partial/Required:  1.65, Required:    400.0, Partial:   659.04, Net: _04010_, Pin: _15660_/B1, Layer: met3
Partial/Required:  1.62, Required:    400.0, Partial:   649.92, Net: _03459_, Pin: _15784_/C1, Layer: met3
Partial/Required:  1.62, Required:    400.0, Partial:   649.92, Net: _03459_, Pin: _15216_/C1, Layer: met3
Partial/Required:  1.61, Required:    400.0, Partial:   645.44, Net: _02423_, Pin: _13411_/A1, Layer: met1
Partial/Required:  1.61, Required:    400.0, Partial:   644.72, Net: _02995_, Pin: _15213_/B1, Layer: met3
Partial/Required:  1.60, Required:    400.0, Partial:    642.0, Net: _03180_, Pin: _15442_/B1, Layer: met3
Partial/Required:  1.57, Required:    400.0, Partial:   626.88, Net: _02976_, Pin: _14405_/C1, Layer: met3
Partial/Required:  1.56, Required:    400.0, Partial:   622.56, Net: _05324_, Pin: _08621_/A0, Layer: met1
Partial/Required:  1.49, Required:    400.0, Partial:   596.84, Net: _03090_, Pin: _15321_/A2, Layer: met3
Partial/Required:  1.49, Required:    400.0, Partial:   596.84, Net: _03090_, Pin: _15308_/A2, Layer: met3
Partial/Required:  1.49, Required:    400.0, Partial:   596.84, Net: _03090_, Pin: _14803_/A2, Layer: met3
Partial/Required:  1.49, Required:    400.0, Partial:   594.42, Net: _02825_, Pin: _15265_/A2, Layer: met2
Partial/Required:  1.47, Required:    400.0, Partial:   589.67, Net: _05331_, Pin: _08903_/D, Layer: met1
Partial/Required:  1.42, Required:   2778.2, Partial:  3953.78, Net: _03630_, Pin: _14812_/A0, Layer: met4
Partial/Required:  1.41, Required:    400.0, Partial:   563.34, Net: _04009_, Pin: _15209_/B1, Layer: met1
Partial/Required:  1.40, Required:    400.0, Partial:   559.22, Net: _02975_, Pin: _14729_/B1, Layer: met3
Partial/Required:  1.40, Required:    400.0, Partial:   559.22, Net: _02975_, Pin: _14713_/B1, Layer: met3
Partial/Required:  1.39, Required:    400.0, Partial:   556.51, Net: _03118_, Pin: _15326_/A2, Layer: met3
Partial/Required:  1.39, Required:    400.0, Partial:   556.51, Net: _03118_, Pin: _15222_/A2, Layer: met3
Partial/Required:  1.38, Required:    400.0, Partial:   551.11, Net: _06538_, Pin: _10666_/S, Layer: met1
Partial/Required:  1.36, Required:    400.0, Partial:   545.21, Net: _03177_, Pin: _15554_/B1, Layer: met2
Partial/Required:  1.36, Required:    400.0, Partial:   542.77, Net: _05346_, Pin: _10789_/A, Layer: met3
Partial/Required:  1.36, Required:    400.0, Partial:   542.77, Net: _05346_, Pin: _11392_/A, Layer: met3
Partial/Required:  1.36, Required:    400.0, Partial:   542.77, Net: _05346_, Pin: _11730_/A, Layer: met3
Partial/Required:  1.36, Required:    400.0, Partial:   542.75, Net: _02985_, Pin: _14633_/B1, Layer: met3
Partial/Required:  1.36, Required:    400.0, Partial:   542.75, Net: _02985_, Pin: _14390_/B1, Layer: met3
Partial/Required:  1.36, Required:    400.0, Partial:   542.75, Net: _02985_, Pin: _14837_/B1, Layer: met3
Partial/Required:  1.35, Required:    400.0, Partial:   541.53, Net: _03057_, Pin: _15224_/A2, Layer: met2
Partial/Required:  1.34, Required:    400.0, Partial:   537.17, Net: _06347_, Pin: _10774_/A0, Layer: met2
Partial/Required:  1.34, Required:    400.0, Partial:   536.14, Net: _05340_, Pin: _09266_/A, Layer: met1
Partial/Required:  1.32, Required:    400.0, Partial:   528.11, Net: _06010_, Pin: _11554_/B, Layer: met1
Partial/Required:  1.31, Required:    400.0, Partial:   523.12, Net: _03766_, Pin: _15472_/B1, Layer: met1
Partial/Required:  1.29, Required:    400.0, Partial:   517.47, Net: _06366_, Pin: _11269_/A, Layer: met1
Partial/Required:  1.28, Required:    400.0, Partial:   512.68, Net: _03155_, Pin: _15283_/A2, Layer: met2
Partial/Required:  1.28, Required:    400.0, Partial:   511.64, Net: _02920_, Pin: _15323_/A2, Layer: met3
Partial/Required:  1.28, Required:    400.0, Partial:   511.64, Net: _02920_, Pin: _15704_/B1, Layer: met3
Partial/Required:  1.28, Required:    400.0, Partial:   510.61, Net: _04031_, Pin: _15207_/A0, Layer: met2
Partial/Required:  1.26, Required:    400.0, Partial:   505.47, Net: _03077_, Pin: _15573_/A1, Layer: met2
Partial/Required:  1.25, Required:    400.0, Partial:   500.44, Net: _02937_, Pin: _15168_/A2, Layer: met1
Partial/Required:  1.25, Required:    400.0, Partial:    498.7, Net: _03448_, Pin: _14553_/A2, Layer: met2
Partial/Required:  1.25, Required:    400.0, Partial:    498.7, Net: _03448_, Pin: _14974_/A2, Layer: met2
Partial/Required:  1.24, Required:    400.0, Partial:   497.27, Net: _03105_, Pin: _14913_/C1, Layer: met1
Partial/Required:  1.24, Required:    400.0, Partial:   496.24, Net: _03125_, Pin: _15522_/A2, Layer: met3
Partial/Required:  1.24, Required:    400.0, Partial:   496.24, Net: _03125_, Pin: _14333_/B1, Layer: met3
Partial/Required:  1.24, Required:    400.0, Partial:   496.24, Net: _03125_, Pin: _14331_/B1, Layer: met3
Partial/Required:  1.24, Required:    400.0, Partial:   496.24, Net: _03125_, Pin: _14344_/A2, Layer: met3
Partial/Required:  1.24, Required:    400.0, Partial:   496.03, Net: _03149_, Pin: _14846_/A2, Layer: met3
Partial/Required:  1.24, Required:    400.0, Partial:   494.56, Net: _07920_, Pin: _13201_/A1, Layer: met1
Partial/Required:  1.22, Required:    400.0, Partial:   487.54, Net: _02832_, Pin: _14818_/B1, Layer: met2
Partial/Required:  1.22, Required:    400.0, Partial:   487.11, Net: _03052_, Pin: _15003_/B1, Layer: met3
Partial/Required:  1.22, Required:    400.0, Partial:   486.44, Net: p_clock, Pin: clkbuf_0_p_clock/A, Layer: met3
Partial/Required:  1.20, Required:    400.0, Partial:   480.92, Net: _02938_, Pin: _15559_/B1, Layer: met2
Partial/Required:  1.19, Required:    400.0, Partial:   477.33, Net: _05701_, Pin: _13718_/A1, Layer: met1
Partial/Required:  1.18, Required:    400.0, Partial:   473.09, Net: _03291_, Pin: _15165_/B1, Layer: met3
Partial/Required:  1.18, Required:    400.0, Partial:   473.09, Net: _03291_, Pin: _14803_/B1, Layer: met3
Partial/Required:  1.18, Required:    400.0, Partial:   473.09, Net: _03291_, Pin: _14635_/A2, Layer: met3
Partial/Required:  1.18, Required:    400.0, Partial:   473.09, Net: _03291_, Pin: _15069_/A2, Layer: met3
Partial/Required:  1.18, Required:    400.0, Partial:   473.09, Net: _03291_, Pin: _14395_/A2, Layer: met3
Partial/Required:  1.18, Required:    400.0, Partial:   473.09, Net: _03291_, Pin: _14400_/A2, Layer: met3
Partial/Required:  1.18, Required:    400.0, Partial:   473.09, Net: _03291_, Pin: _14959_/A2, Layer: met3
Partial/Required:  1.18, Required:    400.0, Partial:   473.09, Net: _03291_, Pin: _15178_/B1, Layer: met3
Partial/Required:  1.17, Required:   2778.2, Partial:  3254.35, Net: _02903_, Pin: _14205_/A0, Layer: met4
Partial/Required:  1.17, Required:    400.0, Partial:   466.55, Net: _03043_, Pin: _15219_/A2, Layer: met3
Partial/Required:  1.17, Required:    400.0, Partial:   466.55, Net: _03043_, Pin: _15225_/A2, Layer: met3
Partial/Required:  1.17, Required:    400.0, Partial:   466.55, Net: _03043_, Pin: _15058_/B1, Layer: met3
Partial/Required:  1.16, Required:    400.0, Partial:   464.29, Net: _03270_, Pin: _14413_/B2, Layer: met1
Partial/Required:  1.16, Required:    400.0, Partial:   463.22, Net: _02905_, Pin: _15346_/C1, Layer: met1
Partial/Required:  1.15, Required:    400.0, Partial:   461.45, Net: _02855_, Pin: _15669_/A, Layer: met3
Partial/Required:  1.15, Required:    400.0, Partial:   461.45, Net: _02855_, Pin: _14031_/S, Layer: met3
Partial/Required:  1.15, Required:    400.0, Partial:   461.45, Net: _02855_, Pin: _15548_/B2, Layer: met3
Partial/Required:  1.15, Required:    400.0, Partial:   461.45, Net: _02855_, Pin: _15457_/A1, Layer: met3
Partial/Required:  1.15, Required:    400.0, Partial:   461.29, Net: _03380_, Pin: _14669_/A2, Layer: met1
Partial/Required:  1.14, Required:    400.0, Partial:    456.6, Net: _03001_, Pin: _15026_/A1, Layer: met3
Partial/Required:  1.14, Required:    400.0, Partial:    456.6, Net: _03001_, Pin: _15570_/C1, Layer: met3
Partial/Required:  1.14, Required:    400.0, Partial:    456.6, Net: _03001_, Pin: _15561_/A1, Layer: met3
Partial/Required:  1.14, Required:    400.0, Partial:   455.05, Net: _02980_, Pin: _14255_/S, Layer: met3
Partial/Required:  1.13, Required:    400.0, Partial:   450.04, Net: _02969_, Pin: _15162_/B1, Layer: met2
Partial/Required:  1.11, Required:    400.0, Partial:    445.4, Net: _02969_, Pin: _15119_/B1, Layer: met1
Partial/Required:  1.11, Required:    400.0, Partial:   445.11, Net: _06137_, Pin: _10203_/A0, Layer: met1
Partial/Required:  1.11, Required:    400.0, Partial:   445.11, Net: _06137_, Pin: _10221_/A0, Layer: met1
Partial/Required:  1.11, Required:    400.0, Partial:   444.28, Net: _03234_, Pin: _14609_/C1, Layer: met3
Partial/Required:  1.11, Required:    400.0, Partial:   444.28, Net: _03234_, Pin: _14370_/C1, Layer: met3
Partial/Required:  1.11, Required:    400.0, Partial:    443.5, Net: _07601_, Pin: _12516_/S, Layer: met1
Partial/Required:  1.10, Required:    400.0, Partial:   440.11, Net: _03017_, Pin: _14823_/A2, Layer: met3
Partial/Required:  1.10, Required:    400.0, Partial:   440.11, Net: _03017_, Pin: _14821_/A2, Layer: met3
Partial/Required:  1.10, Required:    400.0, Partial:   438.84, Net: _02931_, Pin: _14518_/S0, Layer: met3
Partial/Required:  1.10, Required:    400.0, Partial:   438.84, Net: _02931_, Pin: _14351_/S0, Layer: met3
Partial/Required:  1.10, Required:    400.0, Partial:   438.84, Net: _02931_, Pin: _14897_/A1, Layer: met3
Partial/Required:  1.10, Required:    400.0, Partial:   438.84, Net: _02931_, Pin: _15099_/A1_N, Layer: met3
Partial/Required:  1.10, Required:    400.0, Partial:   438.84, Net: _02931_, Pin: _14052_/A1, Layer: met3
Partial/Required:  1.09, Required:    400.0, Partial:   434.17, Net: _02872_, Pin: _14823_/B1, Layer: met2
Partial/Required:  1.08, Required:    400.0, Partial:    433.0, Net: _06652_, Pin: _11766_/B, Layer: met1
Partial/Required:  1.07, Required:    400.0, Partial:   426.17, Net: _02917_, Pin: _14023_/A2, Layer: met2
Partial/Required:  1.06, Required:    400.0, Partial:   425.92, Net: _03234_, Pin: _14753_/S, Layer: met3
Partial/Required:  1.06, Required:    400.0, Partial:   425.92, Net: _03234_, Pin: _15721_/S, Layer: met3
Partial/Required:  1.06, Required:    400.0, Partial:   425.92, Net: _03234_, Pin: _14739_/S, Layer: met3
Partial/Required:  1.06, Required:    400.0, Partial:   425.92, Net: _03234_, Pin: _14337_/A, Layer: met3
Partial/Required:  1.05, Required:    400.0, Partial:    422.0, Net: _06616_, Pin: _11371_/A0, Layer: met1
Partial/Required:  1.05, Required:    400.0, Partial:    420.0, Net: _03205_, Pin: _15551_/A2, Layer: met1
Partial/Required:  1.04, Required:    400.0, Partial:   417.89, Net: _04027_, Pin: _15136_/A0, Layer: met1
Partial/Required:  1.03, Required:    400.0, Partial:    414.0, Net: _07570_, Pin: _12458_/S, Layer: met1
Partial/Required:  1.03, Required:    400.0, Partial:   412.33, Net: memory._0294_\[99\], Pin: _09169_/A0, Layer: met1
Partial/Required:  1.02, Required:    400.0, Partial:   408.78, Net: i2c_master.byte_ctrl._096_, Pin: _16159_/D, Layer: met1
Partial/Required:  1.01, Required:    400.0, Partial:   405.85, Net: _03629_, Pin: _15206_/S, Layer: met3
Partial/Required:  1.01, Required:    400.0, Partial:   405.85, Net: _03629_, Pin: _15325_/S1, Layer: met3
Partial/Required:  1.01, Required:    400.0, Partial:   405.85, Net: _03629_, Pin: _14811_/S1, Layer: met3
Partial/Required:  1.01, Required:    400.0, Partial:   402.04, Net: _03086_, Pin: _14539_/B1, Layer: met3
Partial/Required:  1.00, Required:    400.0, Partial:   401.94, Net: _03206_, Pin: _14698_/B, Layer: met2
