Partial/Required:  5.52, Required:    400.0, Partial:  2208.91, Net: _02974_, Pin: _15241_/B1, Layer: met3
Partial/Required:  4.03, Required:    400.0, Partial:   1610.6, Net: _03125_, Pin: _15522_/A2, Layer: met3
Partial/Required:  3.24, Required:    400.0, Partial:  1295.97, Net: _03319_, Pin: _15485_/A2, Layer: met3
Partial/Required:  2.98, Required:    400.0, Partial:  1193.86, Net: _03047_, Pin: _15639_/B1, Layer: met3
Partial/Required:  2.98, Required:    400.0, Partial:  1193.86, Net: _03047_, Pin: _15246_/B1, Layer: met3
Partial/Required:  2.84, Required:    400.0, Partial:  1134.74, Net: _02972_, Pin: _15617_/B1, Layer: met3
Partial/Required:  2.84, Required:    400.0, Partial:  1134.74, Net: _02972_, Pin: _15293_/B1, Layer: met3
Partial/Required:  2.56, Required:    400.0, Partial:  1024.55, Net: _05340_, Pin: _11385_/A, Layer: met2
Partial/Required:  2.54, Required:    400.0, Partial:  1015.78, Net: _02923_, Pin: _15156_/B, Layer: met1
Partial/Required:  2.19, Required:    400.0, Partial:   875.05, Net: _03657_, Pin: _14812_/A1, Layer: met3
Partial/Required:  2.17, Required:    400.0, Partial:    869.3, Net: _03455_, Pin: _15240_/A2, Layer: met3
Partial/Required:  2.17, Required:    400.0, Partial:    869.3, Net: _03455_, Pin: _15048_/A2, Layer: met3
Partial/Required:  2.17, Required:    400.0, Partial:    869.3, Net: _03455_, Pin: _15254_/A2, Layer: met3
Partial/Required:  2.17, Required:    400.0, Partial:   866.11, Net: _05576_, Pin: _10207_/C, Layer: met1
Partial/Required:  2.11, Required:    400.0, Partial:   844.25, Net: _03017_, Pin: _14122_/A2, Layer: met3
Partial/Required:  2.11, Required:    400.0, Partial:   844.25, Net: _03017_, Pin: _14125_/A2, Layer: met3
Partial/Required:  2.11, Required:    400.0, Partial:   843.85, Net: _03108_, Pin: _14510_/B1, Layer: met3
Partial/Required:  2.11, Required:    400.0, Partial:   843.85, Net: _03108_, Pin: _15576_/B1, Layer: met3
Partial/Required:  2.11, Required:    400.0, Partial:   843.85, Net: _03108_, Pin: _15628_/B1, Layer: met3
Partial/Required:  2.07, Required:    400.0, Partial:   826.89, Net: _05695_, Pin: _13916_/A1, Layer: met1
Partial/Required:  1.99, Required:    400.0, Partial:   794.31, Net: _03766_, Pin: _15688_/B1, Layer: met3
Partial/Required:  1.98, Required:    400.0, Partial:   793.19, Net: _03214_, Pin: _15544_/B1, Layer: met2
Partial/Required:  1.96, Required:  2918.08, Partial:   5715.3, Net: net1, Pin: _08638_/A1, Layer: met4
Partial/Required:  1.92, Required:    400.0, Partial:   766.64, Net: _03265_, Pin: _14808_/B1, Layer: met3
Partial/Required:  1.88, Required:    400.0, Partial:   753.43, Net: _03697_, Pin: _15127_/A2, Layer: met2
Partial/Required:  1.87, Required:    400.0, Partial:    748.8, Net: _02931_, Pin: _14052_/A1, Layer: met3
Partial/Required:  1.79, Required:    400.0, Partial:   716.09, Net: _02965_, Pin: _14778_/B1, Layer: met3
Partial/Required:  1.79, Required:    400.0, Partial:   716.09, Net: _02965_, Pin: _15279_/B1, Layer: met3
Partial/Required:  1.75, Required:    400.0, Partial:   700.42, Net: _02881_, Pin: _14111_/A2, Layer: met3
Partial/Required:  1.75, Required:    400.0, Partial:   700.42, Net: _02881_, Pin: _14115_/A2, Layer: met3
Partial/Required:  1.75, Required:    400.0, Partial:   700.42, Net: _02881_, Pin: _15436_/A2, Layer: met3
Partial/Required:  1.73, Required:    400.0, Partial:   690.07, Net: _03164_, Pin: _14450_/B1, Layer: met3
Partial/Required:  1.73, Required:    400.0, Partial:   690.07, Net: _03164_, Pin: _14433_/B1, Layer: met3
Partial/Required:  1.66, Required:    400.0, Partial:   662.56, Net: _02974_, Pin: _14958_/B, Layer: met1
Partial/Required:  1.61, Required:    400.0, Partial:   644.91, Net: _02988_, Pin: _14725_/B1, Layer: met2
Partial/Required:  1.61, Required:    400.0, Partial:   643.98, Net: _02868_, Pin: _14559_/A2, Layer: met3
Partial/Required:  1.61, Required:    400.0, Partial:   643.98, Net: _02868_, Pin: _14978_/A2, Layer: met3
Partial/Required:  1.60, Required:    400.0, Partial:   638.19, Net: _02860_, Pin: _15332_/B1, Layer: met3
Partial/Required:  1.59, Required:    400.0, Partial:   635.67, Net: _03766_, Pin: _15472_/B1, Layer: met3
Partial/Required:  1.59, Required:    400.0, Partial:   635.67, Net: _03766_, Pin: _15572_/B1, Layer: met3
Partial/Required:  1.58, Required:    400.0, Partial:    633.7, Net: _03097_, Pin: _15398_/A1, Layer: met3
Partial/Required:  1.58, Required:    400.0, Partial:    633.7, Net: _03097_, Pin: _14430_/A1, Layer: met3
Partial/Required:  1.57, Required:    400.0, Partial:   629.46, Net: _03381_, Pin: _15152_/B1, Layer: met3
Partial/Required:  1.53, Required:    400.0, Partial:   610.46, Net: _03299_, Pin: _15623_/B1, Layer: met1
Partial/Required:  1.51, Required:    400.0, Partial:   604.32, Net: net312, Pin: fanout311/A, Layer: met3
Partial/Required:  1.51, Required:    400.0, Partial:   604.32, Net: net312, Pin: fanout164/A, Layer: met3
Partial/Required:  1.49, Required:    400.0, Partial:   596.26, Net: _03164_, Pin: _14274_/B1, Layer: met1
Partial/Required:  1.48, Required:    400.0, Partial:   592.44, Net: _04152_, Pin: _15262_/A0, Layer: met1
Partial/Required:  1.47, Required:    400.0, Partial:   586.44, Net: _05341_, Pin: _08642_/A0, Layer: met1
Partial/Required:  1.46, Required:    400.0, Partial:    583.7, Net: _03306_, Pin: _15285_/A2, Layer: met3
Partial/Required:  1.46, Required:    400.0, Partial:    583.7, Net: _03306_, Pin: _15645_/A2, Layer: met3
Partial/Required:  1.46, Required:    400.0, Partial:    583.7, Net: _03306_, Pin: _14673_/B, Layer: met3
Partial/Required:  1.46, Required:    400.0, Partial:   582.36, Net: _03038_, Pin: _14277_/S1, Layer: met3
Partial/Required:  1.46, Required:    400.0, Partial:   582.36, Net: _03038_, Pin: _15061_/S1, Layer: met3
Partial/Required:  1.45, Required:    400.0, Partial:   580.59, Net: _03055_, Pin: _15632_/B1, Layer: met2
Partial/Required:  1.45, Required:    400.0, Partial:   579.68, Net: _02858_, Pin: _14132_/A2, Layer: met1
Partial/Required:  1.44, Required:    400.0, Partial:   574.98, Net: _02836_, Pin: _15342_/B1, Layer: met3
Partial/Required:  1.44, Required:    400.0, Partial:   574.98, Net: _02836_, Pin: _15275_/A2, Layer: met3
Partial/Required:  1.44, Required:    400.0, Partial:   574.98, Net: _02836_, Pin: _15258_/A2, Layer: met3
Partial/Required:  1.44, Required:    400.0, Partial:   574.98, Net: _02836_, Pin: _15200_/B1, Layer: met3
Partial/Required:  1.39, Required:   2778.2, Partial:  3875.05, Net: _04031_, Pin: _15207_/A0, Layer: met4
Partial/Required:  1.37, Required:    400.0, Partial:   548.01, Net: _02861_, Pin: _13969_/B1, Layer: met1
Partial/Required:  1.37, Required:    400.0, Partial:    546.5, Net: _04031_, Pin: _15207_/A0, Layer: met2
Partial/Required:  1.36, Required:    400.0, Partial:   545.22, Net: _05682_, Pin: _13706_/A1, Layer: met1
Partial/Required:  1.36, Required:    400.0, Partial:   544.11, Net: _05755_, Pin: _10500_/A, Layer: met1
Partial/Required:  1.34, Required:    400.0, Partial:   537.83, Net: _02962_, Pin: _15108_/B1, Layer: met3
Partial/Required:  1.34, Required:    400.0, Partial:   537.83, Net: _02962_, Pin: _15291_/B1, Layer: met3
Partial/Required:  1.34, Required:    400.0, Partial:   536.67, Net: _07097_, Pin: _11813_/A1, Layer: met1
Partial/Required:  1.33, Required:    400.0, Partial:   532.89, Net: _07613_, Pin: _12525_/A1, Layer: met1
Partial/Required:  1.32, Required:    400.0, Partial:   528.97, Net: _02937_, Pin: _15702_/A2, Layer: met2
Partial/Required:  1.31, Required:    400.0, Partial:   524.84, Net: _05689_, Pin: _09189_/A, Layer: met1
Partial/Required:  1.31, Required:    400.0, Partial:    523.7, Net: _03191_, Pin: _15355_/B1, Layer: met3
Partial/Required:  1.31, Required:    400.0, Partial:    522.3, Net: _03146_, Pin: _14433_/A2, Layer: met2
Partial/Required:  1.30, Required:  2952.08, Partial:  3850.16, Net: _03630_, Pin: _14812_/A0, Layer: met4
Partial/Required:  1.30, Required:    400.0, Partial:   520.89, Net: _07159_, Pin: _12013_/A0, Layer: met1
Partial/Required:  1.28, Required:    400.0, Partial:    510.9, Net: _02871_, Pin: _14272_/B1, Layer: met3
Partial/Required:  1.28, Required:    400.0, Partial:   510.76, Net: _03264_, Pin: _14891_/B1, Layer: met2
Partial/Required:  1.28, Required:    400.0, Partial:   510.54, Net: _05534_, Pin: _08969_/A, Layer: met3
Partial/Required:  1.28, Required:    400.0, Partial:   510.54, Net: _05534_, Pin: _08949_/A, Layer: met3
Partial/Required:  1.28, Required:    400.0, Partial:   510.44, Net: _03065_, Pin: _15281_/B, Layer: met1
Partial/Required:  1.27, Required:    400.0, Partial:   509.97, Net: _02855_, Pin: _14287_/S, Layer: met3
Partial/Required:  1.27, Required:    400.0, Partial:   508.96, Net: _05343_, Pin: _13291_/A, Layer: met2
Partial/Required:  1.27, Required:    400.0, Partial:   508.59, Net: _03071_, Pin: _14174_/C1, Layer: met3
Partial/Required:  1.27, Required:    400.0, Partial:   508.59, Net: _03071_, Pin: _15654_/S, Layer: met3
Partial/Required:  1.27, Required:    400.0, Partial:   508.59, Net: _03071_, Pin: _15659_/S, Layer: met3
Partial/Required:  1.26, Required:    400.0, Partial:   505.71, Net: _06376_, Pin: _11054_/A, Layer: met1
Partial/Required:  1.26, Required:    400.0, Partial:   505.33, Net: _07095_, Pin: _11811_/A1, Layer: met1
Partial/Required:  1.24, Required:    400.0, Partial:   497.71, Net: _03373_, Pin: _14631_/B1, Layer: met3
Partial/Required:  1.23, Required:    400.0, Partial:   493.59, Net: _02963_, Pin: _14919_/A2, Layer: met2
Partial/Required:  1.22, Required:    400.0, Partial:   489.43, Net: _03011_, Pin: _14815_/B1, Layer: met2
Partial/Required:  1.21, Required:    400.0, Partial:   485.16, Net: net106, Pin: fanout93/A, Layer: met1
Partial/Required:  1.21, Required:    400.0, Partial:    484.5, Net: _03432_, Pin: _14934_/A2, Layer: met3
Partial/Required:  1.21, Required:    400.0, Partial:    484.5, Net: _03432_, Pin: _14536_/A2, Layer: met3
Partial/Required:  1.21, Required:    400.0, Partial:    484.5, Net: _03432_, Pin: _14683_/B1, Layer: met3
Partial/Required:  1.21, Required:    400.0, Partial:    484.5, Net: _03432_, Pin: _14879_/B, Layer: met3
Partial/Required:  1.21, Required:    400.0, Partial:   483.47, Net: _02974_, Pin: _14720_/B1, Layer: met1
Partial/Required:  1.20, Required:    400.0, Partial:   480.44, Net: _07293_, Pin: _12172_/A1, Layer: met1
Partial/Required:  1.19, Required:    400.0, Partial:    477.1, Net: _02996_, Pin: _14922_/B1, Layer: met2
Partial/Required:  1.19, Required:    400.0, Partial:    474.3, Net: net312, Pin: fanout204/A, Layer: met1
Partial/Required:  1.17, Required:    400.0, Partial:    466.1, Net: _02947_, Pin: _15193_/B1, Layer: met1
Partial/Required:  1.16, Required:    400.0, Partial:   464.57, Net: _02837_, Pin: _15439_/A2, Layer: met1
Partial/Required:  1.16, Required:    400.0, Partial:   462.26, Net: _06382_, Pin: _12859_/A, Layer: met2
Partial/Required:  1.13, Required:    400.0, Partial:   452.09, Net: _03280_, Pin: _15651_/B1, Layer: met3
Partial/Required:  1.13, Required:    400.0, Partial:   452.09, Net: _03280_, Pin: _14460_/B1, Layer: met3
Partial/Required:  1.13, Required:    400.0, Partial:   452.09, Net: _03280_, Pin: _15656_/B1, Layer: met3
Partial/Required:  1.13, Required:    400.0, Partial:   452.09, Net: _03280_, Pin: _14533_/A2, Layer: met3
Partial/Required:  1.12, Required:    400.0, Partial:   448.45, Net: _03364_, Pin: _14470_/A2, Layer: met3
Partial/Required:  1.10, Required:    400.0, Partial:   441.66, Net: _02997_, Pin: _14863_/A2, Layer: met1
Partial/Required:  1.10, Required:    400.0, Partial:   438.56, Net: _05320_, Pin: _10763_/D, Layer: met1
Partial/Required:  1.09, Required:    400.0, Partial:   434.89, Net: _05350_, Pin: _08914_/A0, Layer: met1
Partial/Required:  1.08, Required:    400.0, Partial:   430.13, Net: _03028_, Pin: _15520_/B1, Layer: met1
Partial/Required:  1.07, Required:    400.0, Partial:   429.39, Net: _05308_, Pin: _08603_/A0, Layer: met2
Partial/Required:  1.07, Required:    400.0, Partial:   427.67, Net: _07089_, Pin: _11612_/A1, Layer: met1
Partial/Required:  1.07, Required:    400.0, Partial:   427.33, Net: _03280_, Pin: _14928_/B, Layer: met1
Partial/Required:  1.07, Required:    400.0, Partial:   426.89, Net: _06692_, Pin: _11518_/A, Layer: met1
Partial/Required:  1.06, Required:    400.0, Partial:   425.64, Net: _06538_, Pin: _10658_/S, Layer: met2
Partial/Required:  1.06, Required:    400.0, Partial:   425.15, Net: _03182_, Pin: _15689_/A2, Layer: met1
Partial/Required:  1.06, Required:    400.0, Partial:   424.55, Net: _03065_, Pin: _14806_/A2, Layer: met2
Partial/Required:  1.05, Required:    400.0, Partial:   421.83, Net: _03108_, Pin: _14326_/B1, Layer: met3
Partial/Required:  1.05, Required:    400.0, Partial:   421.83, Net: _03108_, Pin: _15505_/B1, Layer: met3
Partial/Required:  1.05, Required:    400.0, Partial:   421.83, Net: _03108_, Pin: _15507_/B1, Layer: met3
Partial/Required:  1.05, Required:    400.0, Partial:   421.83, Net: _03108_, Pin: _14215_/B1, Layer: met3
Partial/Required:  1.05, Required:    400.0, Partial:   421.13, Net: _02889_, Pin: _14281_/B1, Layer: met1
Partial/Required:  1.05, Required:    400.0, Partial:   419.56, Net: _05563_, Pin: _09632_/A, Layer: met1
Partial/Required:  1.05, Required:    400.0, Partial:   419.31, Net: _03629_, Pin: _15501_/S, Layer: met2
Partial/Required:  1.05, Required:    400.0, Partial:   419.31, Net: _03629_, Pin: _15665_/S1, Layer: met2
Partial/Required:  1.04, Required:    400.0, Partial:   416.44, Net: _03192_, Pin: _15034_/B1, Layer: met1
Partial/Required:  1.04, Required:    400.0, Partial:   415.87, Net: _02973_, Pin: _15663_/B1, Layer: met3
Partial/Required:  1.04, Required:    400.0, Partial:   415.87, Net: _02973_, Pin: _14862_/A2, Layer: met3
Partial/Required:  1.03, Required:    400.0, Partial:   413.38, Net: _02861_, Pin: _14842_/B1, Layer: met1
Partial/Required:  1.03, Required:    400.0, Partial:   412.02, Net: _04385_, Pin: _15500_/A2, Layer: met1
Partial/Required:  1.03, Required:    400.0, Partial:   411.35, Net: _03056_, Pin: _14434_/B1, Layer: met1
Partial/Required:  1.02, Required:    400.0, Partial:   406.37, Net: _03086_, Pin: _14916_/A2, Layer: met1
Partial/Required:  1.02, Required:    400.0, Partial:   406.25, Net: _02832_, Pin: _13998_/B1, Layer: met1
Partial/Required:  1.01, Required:    400.0, Partial:   405.94, Net: _05334_, Pin: _08633_/A0, Layer: met2
Partial/Required:  1.01, Required:    400.0, Partial:   403.26, Net: _03388_, Pin: _15159_/C1, Layer: met3
Partial/Required:  1.00, Required:    400.0, Partial:   401.53, Net: _06527_, Pin: _10639_/S, Layer: met2
